Component: ARM Compiler 5.05 update 1 (build 106) Tool: armlink [4d0efa]

==============================================================================

Section Cross References

    usbd_cdc.o(i.USBD_CDC_DataOut) refers to usbd_conf.o(i.USBD_LL_GetRxDataSize) for USBD_LL_GetRxDataSize
    usbd_cdc.o(i.USBD_CDC_DeInit) refers to usbd_conf.o(i.USBD_LL_CloseEP) for USBD_LL_CloseEP
    usbd_cdc.o(i.USBD_CDC_DeInit) refers to usbd_conf.o(i.USBD_static_free) for USBD_static_free
    usbd_cdc.o(i.USBD_CDC_GetDeviceQualifierDescriptor) refers to usbd_cdc.o(.data) for .data
    usbd_cdc.o(i.USBD_CDC_GetFSCfgDesc) refers to usbd_cdc.o(.data) for .data
    usbd_cdc.o(i.USBD_CDC_GetHSCfgDesc) refers to usbd_cdc.o(.data) for .data
    usbd_cdc.o(i.USBD_CDC_GetOtherSpeedCfgDesc) refers to usbd_cdc.o(.data) for .data
    usbd_cdc.o(i.USBD_CDC_Init) refers to usbd_conf.o(i.USBD_LL_OpenEP) for USBD_LL_OpenEP
    usbd_cdc.o(i.USBD_CDC_Init) refers to usbd_conf.o(i.USBD_static_malloc) for USBD_static_malloc
    usbd_cdc.o(i.USBD_CDC_Init) refers to usbd_conf.o(i.USBD_LL_PrepareReceive) for USBD_LL_PrepareReceive
    usbd_cdc.o(i.USBD_CDC_ReceivePacket) refers to usbd_conf.o(i.USBD_LL_PrepareReceive) for USBD_LL_PrepareReceive
    usbd_cdc.o(i.USBD_CDC_Setup) refers to usbd_ioreq.o(i.USBD_CtlSendData) for USBD_CtlSendData
    usbd_cdc.o(i.USBD_CDC_Setup) refers to usbd_ioreq.o(i.USBD_CtlPrepareRx) for USBD_CtlPrepareRx
    usbd_cdc.o(i.USBD_CDC_TransmitPacket) refers to usbd_conf.o(i.USBD_LL_Transmit) for USBD_LL_Transmit
    usbd_cdc.o(.data) refers to usbd_cdc.o(i.USBD_CDC_Init) for USBD_CDC_Init
    usbd_cdc.o(.data) refers to usbd_cdc.o(i.USBD_CDC_DeInit) for USBD_CDC_DeInit
    usbd_cdc.o(.data) refers to usbd_cdc.o(i.USBD_CDC_Setup) for USBD_CDC_Setup
    usbd_cdc.o(.data) refers to usbd_cdc.o(i.USBD_CDC_EP0_RxReady) for USBD_CDC_EP0_RxReady
    usbd_cdc.o(.data) refers to usbd_cdc.o(i.USBD_CDC_DataIn) for USBD_CDC_DataIn
    usbd_cdc.o(.data) refers to usbd_cdc.o(i.USBD_CDC_DataOut) for USBD_CDC_DataOut
    usbd_cdc.o(.data) refers to usbd_cdc.o(i.USBD_CDC_GetHSCfgDesc) for USBD_CDC_GetHSCfgDesc
    usbd_cdc.o(.data) refers to usbd_cdc.o(i.USBD_CDC_GetFSCfgDesc) for USBD_CDC_GetFSCfgDesc
    usbd_cdc.o(.data) refers to usbd_cdc.o(i.USBD_CDC_GetOtherSpeedCfgDesc) for USBD_CDC_GetOtherSpeedCfgDesc
    usbd_cdc.o(.data) refers to usbd_cdc.o(i.USBD_CDC_GetDeviceQualifierDescriptor) for USBD_CDC_GetDeviceQualifierDescriptor
    usbd_ioreq.o(i.USBD_CtlContinueRx) refers to usbd_conf.o(i.USBD_LL_PrepareReceive) for USBD_LL_PrepareReceive
    usbd_ioreq.o(i.USBD_CtlContinueSendData) refers to usbd_conf.o(i.USBD_LL_Transmit) for USBD_LL_Transmit
    usbd_ioreq.o(i.USBD_CtlPrepareRx) refers to usbd_conf.o(i.USBD_LL_PrepareReceive) for USBD_LL_PrepareReceive
    usbd_ioreq.o(i.USBD_CtlReceiveStatus) refers to usbd_conf.o(i.USBD_LL_PrepareReceive) for USBD_LL_PrepareReceive
    usbd_ioreq.o(i.USBD_CtlSendData) refers to usbd_conf.o(i.USBD_LL_Transmit) for USBD_LL_Transmit
    usbd_ioreq.o(i.USBD_CtlSendStatus) refers to usbd_conf.o(i.USBD_LL_Transmit) for USBD_LL_Transmit
    usbd_ioreq.o(i.USBD_GetRxCount) refers to usbd_conf.o(i.USBD_LL_GetRxDataSize) for USBD_LL_GetRxDataSize
    usbd_core.o(i.USBD_DeInit) refers to usbd_conf.o(i.USBD_LL_Stop) for USBD_LL_Stop
    usbd_core.o(i.USBD_DeInit) refers to usbd_conf.o(i.USBD_LL_DeInit) for USBD_LL_DeInit
    usbd_core.o(i.USBD_Init) refers to usbd_conf.o(i.USBD_LL_Init) for USBD_LL_Init
    usbd_core.o(i.USBD_LL_DataInStage) refers to usbd_ioreq.o(i.USBD_CtlContinueSendData) for USBD_CtlContinueSendData
    usbd_core.o(i.USBD_LL_DataInStage) refers to usbd_ioreq.o(i.USBD_CtlReceiveStatus) for USBD_CtlReceiveStatus
    usbd_core.o(i.USBD_LL_DataOutStage) refers to usbd_ioreq.o(i.USBD_CtlContinueRx) for USBD_CtlContinueRx
    usbd_core.o(i.USBD_LL_DataOutStage) refers to usbd_ioreq.o(i.USBD_CtlSendStatus) for USBD_CtlSendStatus
    usbd_core.o(i.USBD_LL_Reset) refers to usbd_conf.o(i.USBD_LL_OpenEP) for USBD_LL_OpenEP
    usbd_core.o(i.USBD_LL_SetupStage) refers to usbd_ctlreq.o(i.USBD_ParseSetupRequest) for USBD_ParseSetupRequest
    usbd_core.o(i.USBD_LL_SetupStage) refers to usbd_conf.o(i.USBD_LL_StallEP) for USBD_LL_StallEP
    usbd_core.o(i.USBD_LL_SetupStage) refers to usbd_ctlreq.o(i.USBD_StdDevReq) for USBD_StdDevReq
    usbd_core.o(i.USBD_LL_SetupStage) refers to usbd_ctlreq.o(i.USBD_StdItfReq) for USBD_StdItfReq
    usbd_core.o(i.USBD_LL_SetupStage) refers to usbd_ctlreq.o(i.USBD_StdEPReq) for USBD_StdEPReq
    usbd_core.o(i.USBD_Start) refers to usbd_conf.o(i.USBD_LL_Start) for USBD_LL_Start
    usbd_core.o(i.USBD_Stop) refers to usbd_conf.o(i.USBD_LL_Stop) for USBD_LL_Stop
    usbd_ctlreq.o(i.USBD_CtlError) refers to usbd_conf.o(i.USBD_LL_StallEP) for USBD_LL_StallEP
    usbd_ctlreq.o(i.USBD_GetDescriptor) refers to usbd_ctlreq.o(i.USBD_CtlError) for USBD_CtlError
    usbd_ctlreq.o(i.USBD_GetDescriptor) refers to usbd_ioreq.o(i.USBD_CtlSendData) for USBD_CtlSendData
[...]
    i.PCD_EP_ISR_Handler                     0x080023e8   Section        0  stm32f1xx_hal_pcd.o(i.PCD_EP_ISR_Handler)
    PCD_EP_ISR_Handler                       0x080023e9   Thumb Code   866  stm32f1xx_hal_pcd.o(i.PCD_EP_ISR_Handler)
    i.RTC_Bcd2ToByte                         0x0800274a   Section        0  stm32f1xx_hal_rtc.o(i.RTC_Bcd2ToByte)
    RTC_Bcd2ToByte                           0x0800274b   Thumb Code    18  stm32f1xx_hal_rtc.o(i.RTC_Bcd2ToByte)
    i.RTC_EnterInitMode                      0x0800275c   Section        0  stm32f1xx_hal_rtc.o(i.RTC_EnterInitMode)
    RTC_EnterInitMode                        0x0800275d   Thumb Code    52  stm32f1xx_hal_rtc.o(i.RTC_EnterInitMode)
    i.RTC_ExitInitMode                       0x08002790   Section        0  stm32f1xx_hal_rtc.o(i.RTC_ExitInitMode)
    RTC_ExitInitMode                         0x08002791   Thumb Code    54  stm32f1xx_hal_rtc.o(i.RTC_ExitInitMode)
    i.RTC_ReadAlarmCounter                   0x080027c6   Section        0  stm32f1xx_hal_rtc.o(i.RTC_ReadAlarmCounter)
    RTC_ReadAlarmCounter                     0x080027c7   Thumb Code    14  stm32f1xx_hal_rtc.o(i.RTC_ReadAlarmCounter)
    i.RTC_ReadTimeCounter                    0x080027d4   Section        0  stm32f1xx_hal_rtc.o(i.RTC_ReadTimeCounter)
    RTC_ReadTimeCounter                      0x080027d5   Thumb Code    32  stm32f1xx_hal_rtc.o(i.RTC_ReadTimeCounter)
    i.RTC_WeekDayNum                         0x080027f4   Section        0  stm32f1xx_hal_rtc.o(i.RTC_WeekDayNum)
    RTC_WeekDayNum                           0x080027f5   Thumb Code    86  stm32f1xx_hal_rtc.o(i.RTC_WeekDayNum)
    i.RTC_WriteAlarmCounter                  0x0800284a   Section        0  stm32f1xx_hal_rtc.o(i.RTC_WriteAlarmCounter)
    RTC_WriteAlarmCounter                    0x0800284b   Thumb Code    40  stm32f1xx_hal_rtc.o(i.RTC_WriteAlarmCounter)
    i.RTC_WriteTimeCounter                   0x08002872   Section        0  stm32f1xx_hal_rtc.o(i.RTC_WriteTimeCounter)
    RTC_WriteTimeCounter                     0x08002873   Thumb Code    40  stm32f1xx_hal_rtc.o(i.RTC_WriteTimeCounter)
    i.SPI_I2S_GetFlagStatus                  0x0800289a   Section        0  tm_stm32f4_spi.o(i.SPI_I2S_GetFlagStatus)
    i.StartDefaultTask                       0x080028a8   Section        0  main.o(i.StartDefaultTask)
    i.SysTick_Handler                        0x08002948   Section        0  stm32f1xx_it.o(i.SysTick_Handler)
    i.SystemClock_Config                     0x08002974   Section        0  main.o(i.SystemClock_Config)
    i.SystemInit                             0x080029e0   Section        0  system_stm32f1xx.o(i.SystemInit)
    i.TIM_Base_SetConfig                     0x08002a28   Section        0  stm32f1xx_hal_tim.o(i.TIM_Base_SetConfig)
    i.TIM_OC1_SetConfig                      0x08002a8c   Section        0  stm32f1xx_hal_tim.o(i.TIM_OC1_SetConfig)
    TIM_OC1_SetConfig                        0x08002a8d   Thumb Code    74  stm32f1xx_hal_tim.o(i.TIM_OC1_SetConfig)
    i.TIM_OC2_SetConfig                      0x08002adc   Section        0  stm32f1xx_hal_tim.o(i.TIM_OC2_SetConfig)
    i.TIM_OC3_SetConfig                      0x08002b34   Section        0  stm32f1xx_hal_tim.o(i.TIM_OC3_SetConfig)
    TIM_OC3_SetConfig                        0x08002b35   Thumb Code    82  stm32f1xx_hal_tim.o(i.TIM_OC3_SetConfig)
    i.TIM_OC4_SetConfig                      0x08002b8c   Section        0  stm32f1xx_hal_tim.o(i.TIM_OC4_SetConfig)
    TIM_OC4_SetConfig                        0x08002b8d   Thumb Code    64  stm32f1xx_hal_tim.o(i.TIM_OC4_SetConfig)
    i.TM_FATFS_Detect                        0x08002bd0   Section        0  fatfs_sd.o(i.TM_FATFS_Detect)
    i.TM_FATFS_DriveSize                     0x08002be8   Section        0  tm_stm32f4_fatfs.o(i.TM_FATFS_DriveSize)
    i.TM_FATFS_InitPins                      0x08002c1c   Section        0  fatfs_sd.o(i.TM_FATFS_InitPins)
    i.TM_FATFS_SD_disk_initialize            0x08002c54   Section        0  fatfs_sd.o(i.TM_FATFS_SD_disk_initialize)
    i.TM_FATFS_SD_disk_ioctl                 0x08002d88   Section        0  fatfs_sd.o(i.TM_FATFS_SD_disk_ioctl)
    i.TM_FATFS_SD_disk_read                  0x08002f50   Section        0  fatfs_sd.o(i.TM_FATFS_SD_disk_read)
    i.TM_FATFS_SD_disk_status                0x08002fd4   Section        0  fatfs_sd.o(i.TM_FATFS_SD_disk_status)
    i.TM_FATFS_SD_disk_write                 0x08002ff4   Section        0  fatfs_sd.o(i.TM_FATFS_SD_disk_write)
    i.TM_SPI_ReadMulti                       0x0800308c   Section        0  tm_stm32f4_spi.o(i.TM_SPI_ReadMulti)
    i.TM_SPI_Send                            0x080030b2   Section        0  tm_stm32f4_spi.o(i.TM_SPI_Send)
    i.TM_SPI_WriteMulti                      0x080030ca   Section        0  tm_stm32f4_spi.o(i.TM_SPI_WriteMulti)
    i.USBD_ClrClassConfig                    0x080030e8   Section        0  usbd_core.o(i.USBD_ClrClassConfig)
    i.USBD_CtlContinueRx                     0x080030f6   Section        0  usbd_ioreq.o(i.USBD_CtlContinueRx)
    i.USBD_CtlContinueSendData               0x08003106   Section        0  usbd_ioreq.o(i.USBD_CtlContinueSendData)
    i.USBD_CtlError                          0x08003116   Section        0  usbd_ctlreq.o(i.USBD_CtlError)
    i.USBD_CtlReceiveStatus                  0x0800312c   Section        0  usbd_ioreq.o(i.USBD_CtlReceiveStatus)
    i.USBD_CtlSendData                       0x08003142   Section        0  usbd_ioreq.o(i.USBD_CtlSendData)
    i.USBD_CtlSendStatus                     0x0800315c   Section        0  usbd_ioreq.o(i.USBD_CtlSendStatus)
    i.USBD_GetDescriptor                     0x08003172   Section        0  usbd_ctlreq.o(i.USBD_GetDescriptor)
    USBD_GetDescriptor                       0x08003173   Thumb Code   224  usbd_ctlreq.o(i.USBD_GetDescriptor)
    i.USBD_LL_ClearStallEP                   0x08003252   Section        0  usbd_conf.o(i.USBD_LL_ClearStallEP)
    i.USBD_LL_DataInStage                    0x08003260   Section        0  usbd_core.o(i.USBD_LL_DataInStage)
    i.USBD_LL_DataOutStage                   0x08003300   Section        0  usbd_core.o(i.USBD_LL_DataOutStage)
    i.USBD_LL_IsStallEP                      0x0800336a   Section        0  usbd_conf.o(i.USBD_LL_IsStallEP)
    i.USBD_LL_OpenEP                         0x08003386   Section        0  usbd_conf.o(i.USBD_LL_OpenEP)
    i.USBD_LL_PrepareReceive                 0x0800339a   Section        0  usbd_conf.o(i.USBD_LL_PrepareReceive)
    i.USBD_LL_Reset                          0x080033a8   Section        0  usbd_core.o(i.USBD_LL_Reset)
    i.USBD_LL_Resume                         0x080033e6   Section        0  usbd_core.o(i.USBD_LL_Resume)
    i.USBD_LL_SOF                            0x080033f2   Section        0  usbd_core.o(i.USBD_LL_SOF)
    i.USBD_LL_SetSpeed                       0x0800340a   Section        0  usbd_core.o(i.USBD_LL_SetSpeed)
    i.USBD_LL_SetUSBAddress                  0x08003410   Section        0  usbd_conf.o(i.USBD_LL_SetUSBAddress)
    i.USBD_LL_SetupStage                     0x0800341e   Section        0  usbd_core.o(i.USBD_LL_SetupStage)
    i.USBD_LL_StallEP                        0x08003478   Section        0  usbd_conf.o(i.USBD_LL_StallEP)
    i.USBD_LL_Suspend                        0x08003486   Section        0  usbd_core.o(i.USBD_LL_Suspend)
    i.USBD_LL_Transmit                       0x08003498   Section        0  usbd_conf.o(i.USBD_LL_Transmit)
    i.USBD_ParseSetupRequest                 0x080034a6   Section        0  usbd_ctlreq.o(i.USBD_ParseSetupRequest)
    i.USBD_SetClassConfig                    0x080034ce   Section        0  usbd_core.o(i.USBD_SetClassConfig)
    i.USBD_SetConfig                         0x080034e4   Section        0  usbd_ctlreq.o(i.USBD_SetConfig)
    USBD_SetConfig                           0x080034e5   Thumb Code   110  usbd_ctlreq.o(i.USBD_SetConfig)
    i.USBD_StdDevReq                         0x08003558   Section        0  usbd_ctlreq.o(i.USBD_StdDevReq)
    i.USBD_StdEPReq                          0x0800364a   Section        0  usbd_ctlreq.o(i.USBD_StdEPReq)
    i.USBD_StdItfReq                         0x0800370a   Section        0  usbd_ctlreq.o(i.USBD_StdItfReq)
    i.USB_ActivateEndpoint                   0x0800373e   Section        0  stm32f1xx_ll_usb.o(i.USB_ActivateEndpoint)
    i.USB_EP0_OutStart                       0x0800399a   Section        0  stm32f1xx_ll_usb.o(i.USB_EP0_OutStart)
    i.USB_EPClearStall                       0x0800399e   Section        0  stm32f1xx_ll_usb.o(i.USB_EPClearStall)
    i.USB_EPSetStall                         0x08003a08   Section        0  stm32f1xx_ll_usb.o(i.USB_EPSetStall)
    i.USB_EPStartXfer                        0x08003a54   Section        0  stm32f1xx_ll_usb.o(i.USB_EPStartXfer)
    i.USB_LP_CAN1_RX0_IRQHandler             0x08003b9c   Section        0  stm32f1xx_it.o(i.USB_LP_CAN1_RX0_IRQHandler)
    i.USB_ReadInterrupts                     0x08003ba8   Section        0  stm32f1xx_ll_usb.o(i.USB_ReadInterrupts)
    i.USB_ReadPMA                            0x08003bb0   Section        0  stm32f1xx_ll_usb.o(i.USB_ReadPMA)
    i.USB_SetDevAddress                      0x08003bce   Section        0  stm32f1xx_ll_usb.o(i.USB_SetDevAddress)
    i.USB_WritePMA                           0x08003bda   Section        0  stm32f1xx_ll_usb.o(i.USB_WritePMA)
    i.UserDefaultTask                        0x08003c00   Section        0  main.o(i.UserDefaultTask)
    i.__0sprintf$1                           0x08003c1c   Section        0  printf1.o(i.__0sprintf$1)
    i.__scatterload_copy                     0x08003c44   Section       14  handlers.o(i.__scatterload_copy)
    i.__scatterload_null                     0x08003c52   Section        2  handlers.o(i.__scatterload_null)
    i.__scatterload_zeroinit                 0x08003c54   Section       14  handlers.o(i.__scatterload_zeroinit)
    i._printf_core                           0x08003c64   Section        0  printf1.o(i._printf_core)
    _printf_core                             0x08003c65   Thumb Code   336  printf1.o(i._printf_core)
    i._sputc                                 0x08003db8   Section        0  printf1.o(i._sputc)
    _sputc                                   0x08003db9   Thumb Code    10  printf1.o(i._sputc)
    i.check_fs                               0x08003dc4   Section        0  ff.o(i.check_fs)
    check_fs                                 0x08003dc5   Thumb Code    86  ff.o(i.check_fs)
    i.chk_chr                                0x08003e20   Section        0  ff.o(i.chk_chr)
    chk_chr                                  0x08003e21   Thumb Code    16  ff.o(i.chk_chr)
    i.clust2sect                             0x08003e30   Section        0  ff.o(i.clust2sect)
    i.create_chain                           0x08003e48   Section        0  ff.o(i.create_chain)
    create_chain                             0x08003e49   Thumb Code   158  ff.o(i.create_chain)
    i.create_name                            0x08003ee8   Section        0  ff.o(i.create_name)
    create_name                              0x08003ee9   Thumb Code   552  ff.o(i.create_name)
    i.deselect                               0x08004128   Section        0  fatfs_sd.o(i.deselect)
    deselect                                 0x08004129   Thumb Code    12  fatfs_sd.o(i.deselect)
    i.dir_alloc                              0x08004138   Section        0  ff.o(i.dir_alloc)
    dir_alloc                                0x08004139   Thumb Code    66  ff.o(i.dir_alloc)
    i.dir_find                               0x0800417c   Section        0  ff.o(i.dir_find)
    dir_find                                 0x0800417d   Thumb Code   306  ff.o(i.dir_find)
    i.dir_next                               0x080042b4   Section        0  ff.o(i.dir_next)
    dir_next                                 0x080042b5   Thumb Code   230  ff.o(i.dir_next)
    i.dir_register                           0x0800439c   Section        0  ff.o(i.dir_register)
    dir_register                             0x0800439d   Thumb Code   370  ff.o(i.dir_register)
    i.dir_sdi                                0x08004514   Section        0  ff.o(i.dir_sdi)
    dir_sdi                                  0x08004515   Thumb Code   126  ff.o(i.dir_sdi)
    i.disk_initialize                        0x08004592   Section        0  diskio.o(i.disk_initialize)
    i.disk_ioctl                             0x080045a0   Section        0  diskio.o(i.disk_ioctl)
    i.disk_read                              0x080045b4   Section        0  diskio.o(i.disk_read)
    i.disk_status                            0x080045d2   Section        0  diskio.o(i.disk_status)
    i.disk_write                             0x080045e0   Section        0  diskio.o(i.disk_write)
    i.f_close                                0x08004602   Section        0  ff.o(i.f_close)
    i.f_getfree                              0x0800461e   Section        0  ff.o(i.f_getfree)
    i.f_lseek                                0x080046de   Section        0  ff.o(i.f_lseek)
    i.f_mount                                0x0800480c   Section        0  ff.o(i.f_mount)
    i.f_open                                 0x08004858   Section        0  ff.o(i.f_open)
    i.f_puts                                 0x08004998   Section        0  ff.o(i.f_puts)
    i.f_sync                                 0x080049de   Section        0  ff.o(i.f_sync)
    i.f_write                                0x08004a76   Section        0  ff.o(i.f_write)
    i.ff_convert                             0x08004bf4   Section        0  unicode.o(i.ff_convert)
    i.ff_wtoupper                            0x08004c2c   Section        0  unicode.o(i.ff_wtoupper)
    i.find_volume                            0x08004c50   Section        0  ff.o(i.find_volume)
    find_volume                              0x08004c51   Thumb Code   562  ff.o(i.find_volume)
    i.follow_path                            0x08004e90   Section        0  ff.o(i.follow_path)
    follow_path                              0x08004e91   Thumb Code   126  ff.o(i.follow_path)
    i.gen_numname                            0x08004f10   Section        0  ff.o(i.gen_numname)
    gen_numname                              0x08004f11   Thumb Code   122  ff.o(i.gen_numname)
    i.get_fat                                0x08004f90   Section        0  ff.o(i.get_fat)
    i.get_fattime                            0x08005050   Section        0  diskio.o(i.get_fattime)
    i.get_ldnumber                           0x08005058   Section        0  ff.o(i.get_ldnumber)
    get_ldnumber                             0x08005059   Thumb Code    62  ff.o(i.get_ldnumber)
    i.ld_clust                               0x0800509c   Section        0  ff.o(i.ld_clust)
    ld_clust                                 0x0800509d   Thumb Code    18  ff.o(i.ld_clust)
    i.main                                   0x080050b0   Section        0  main.o(i.main)
    i.makeFreeRtosPriority                   0x080051d8   Section        0  cmsis_os.o(i.makeFreeRtosPriority)
    makeFreeRtosPriority                     0x080051d9   Thumb Code    12  cmsis_os.o(i.makeFreeRtosPriority)
    i.mem_cpy                                0x080051e4   Section        0  ff.o(i.mem_cpy)
    mem_cpy                                  0x080051e5   Thumb Code    18  ff.o(i.mem_cpy)
    i.mem_set                                0x080051f6   Section        0  ff.o(i.mem_set)
    mem_set                                  0x080051f7   Thumb Code    14  ff.o(i.mem_set)
    i.move_window                            0x08005204   Section        0  ff.o(i.move_window)
    move_window                              0x08005205   Thumb Code    50  ff.o(i.move_window)
    i.osDelay                                0x08005236   Section        0  cmsis_os.o(i.osDelay)
    i.osKernelStart                          0x08005244   Section        0  cmsis_os.o(i.osKernelStart)
    i.osSystickHandler                       0x0800524e   Section        0  cmsis_os.o(i.osSystickHandler)
    i.osThreadCreate                         0x08005262   Section        0  cmsis_os.o(i.osThreadCreate)
    i.prvAddCurrentTaskToDelayedList         0x0800529c   Section        0  tasks.o(i.prvAddCurrentTaskToDelayedList)
    prvAddCurrentTaskToDelayedList           0x0800529d   Thumb Code    48  tasks.o(i.prvAddCurrentTaskToDelayedList)
    i.prvCheckTasksWaitingTermination        0x080052d0   Section        0  tasks.o(i.prvCheckTasksWaitingTermination)
    prvCheckTasksWaitingTermination          0x080052d1   Thumb Code    76  tasks.o(i.prvCheckTasksWaitingTermination)
    i.prvHeapInit                            0x08005324   Section        0  heap_4.o(i.prvHeapInit)
    prvHeapInit                              0x08005325   Thumb Code    66  heap_4.o(i.prvHeapInit)
    i.prvIdleTask                            0x08005370   Section        0  tasks.o(i.prvIdleTask)
    prvIdleTask                              0x08005371   Thumb Code    20  tasks.o(i.prvIdleTask)
    i.prvInsertBlockIntoFreeList             0x08005388   Section        0  heap_4.o(i.prvInsertBlockIntoFreeList)
    prvInsertBlockIntoFreeList               0x08005389   Thumb Code    72  heap_4.o(i.prvInsertBlockIntoFreeList)
    i.prvResetNextTaskUnblockTime            0x080053d4   Section        0  tasks.o(i.prvResetNextTaskUnblockTime)
    prvResetNextTaskUnblockTime              0x080053d5   Thumb Code    26  tasks.o(i.prvResetNextTaskUnblockTime)
    i.prvTaskExitError                       0x080053f4   Section        0  port.o(i.prvTaskExitError)
    prvTaskExitError                         0x080053f5   Thumb Code    20  port.o(i.prvTaskExitError)
    i.put_fat                                0x0800540c   Section        0  ff.o(i.put_fat)
    i.putc_bfd                               0x08005500   Section        0  ff.o(i.putc_bfd)
    putc_bfd                                 0x08005501   Thumb Code    70  ff.o(i.putc_bfd)
    i.pvPortMalloc                           0x08005548   Section        0  heap_4.o(i.pvPortMalloc)
    i.pxPortInitialiseStack                  0x08005604   Section        0  port.o(i.pxPortInitialiseStack)
    i.rcvr_datablock                         0x08005624   Section        0  fatfs_sd.o(i.rcvr_datablock)
    rcvr_datablock                           0x08005625   Thumb Code    66  fatfs_sd.o(i.rcvr_datablock)
    i.remove_chain                           0x08005670   Section        0  ff.o(i.remove_chain)
    remove_chain                             0x08005671   Thumb Code    98  ff.o(i.remove_chain)
    i.select                                 0x080056d4   Section        0  fatfs_sd.o(i.select)
    select                                   0x080056d5   Thumb Code    36  fatfs_sd.o(i.select)
    i.send_cmd                               0x080056fc   Section        0  fatfs_sd.o(i.send_cmd)
    send_cmd                                 0x080056fd   Thumb Code   134  fatfs_sd.o(i.send_cmd)
    i.st_clust                               0x08005782   Section        0  ff.o(i.st_clust)
    st_clust                                 0x08005783   Thumb Code    16  ff.o(i.st_clust)
    i.sum_sfn                                0x08005792   Section        0  ff.o(i.sum_sfn)
    sum_sfn                                  0x08005793   Thumb Code    26  ff.o(i.sum_sfn)
    i.sync_fs                                0x080057ac   Section        0  ff.o(i.sync_fs)
    sync_fs                                  0x080057ad   Thumb Code   176  ff.o(i.sync_fs)
    i.sync_window                            0x0800585c   Section        0  ff.o(i.sync_window)
    sync_window                              0x0800585d   Thumb Code    82  ff.o(i.sync_window)
    i.uxListRemove                           0x080058ae   Section        0  list.o(i.uxListRemove)
    i.vListInitialise                        0x080058d2   Section        0  list.o(i.vListInitialise)
    i.vListInitialiseItem                    0x080058e8   Section        0  list.o(i.vListInitialiseItem)
    i.vListInsert                            0x080058ee   Section        0  list.o(i.vListInsert)
    i.vListInsertEnd                         0x0800591e   Section        0  list.o(i.vListInsertEnd)
    i.vPortEnterCritical                     0x08005938   Section        0  port.o(i.vPortEnterCritical)
    i.vPortExitCritical                      0x0800596c   Section        0  port.o(i.vPortExitCritical)
    i.vPortFree                              0x08005990   Section        0  heap_4.o(i.vPortFree)
    i.vPortSetupTimerInterrupt               0x080059d8   Section        0  port.o(i.vPortSetupTimerInterrupt)
    i.vPortYield                             0x080059f8   Section        0  port.o(i.vPortYield)
    i.vTaskDelay                             0x08005a10   Section        0  tasks.o(i.vTaskDelay)
    i.vTaskStartScheduler                    0x08005a60   Section        0  tasks.o(i.vTaskStartScheduler)
    i.vTaskSuspendAll                        0x08005aac   Section        0  tasks.o(i.vTaskSuspendAll)
    i.vTaskSwitchContext                     0x08005abc   Section        0  tasks.o(i.vTaskSwitchContext)
    i.validate                               0x08005b10   Section        0  ff.o(i.validate)
    validate                                 0x08005b11   Thumb Code    38  ff.o(i.validate)
    i.wait_ready                             0x08005b38   Section        0  fatfs_sd.o(i.wait_ready)
    wait_ready                               0x08005b39   Thumb Code    28  fatfs_sd.o(i.wait_ready)
    i.xPortStartScheduler                    0x08005b58   Section        0  port.o(i.xPortStartScheduler)
    i.xPortSysTickHandler                    0x08005bcc   Section        0  port.o(i.xPortSysTickHandler)
    i.xTaskGenericCreate                     0x08005bf0   Section        0  tasks.o(i.xTaskGenericCreate)
    i.xTaskGetSchedulerState                 0x08005d74   Section        0  tasks.o(i.xTaskGetSchedulerState)
    i.xTaskIncrementTick                     0x08005d90   Section        0  tasks.o(i.xTaskIncrementTick)
    i.xTaskResumeAll                         0x08005e50   Section        0  tasks.o(i.xTaskResumeAll)
    i.xchg_spi                               0x08005efc   Section        0  fatfs_sd.o(i.xchg_spi)
    xchg_spi                                 0x08005efd   Thumb Code     8  fatfs_sd.o(i.xchg_spi)
    i.xmit_datablock                         0x08005f08   Section        0  fatfs_sd.o(i.xmit_datablock)
    xmit_datablock                           0x08005f09   Thumb Code    74  fatfs_sd.o(i.xmit_datablock)
    .constdata                               0x08005f58   Section       40  main.o(.constdata)
    .constdata                               0x08005f80   Section       16  stm32f1xx_hal_rcc.o(.constdata)
    .constdata                               0x08005f90   Section      141  ff.o(.constdata)
    ExCvt                                    0x08005f90   Data         128  ff.o(.constdata)
    LfnOfs                                   0x08006010   Data          13  ff.o(.constdata)
    .constdata                               0x0800601e   Section     1216  unicode.o(.constdata)
    Tbl                                      0x0800601e   Data         256  unicode.o(.constdata)
    tbl_lower                                0x0800611e   Data         480  unicode.o(.constdata)
    tbl_upper                                0x080062fe   Data         480  unicode.o(.constdata)
    .conststring                             0x080064e0   Section       24  main.o(.conststring)
    .data                                    0x20000000   Section        1  usbd_ctlreq.o(.data)
    cfgidx                                   0x20000000   Data           1  usbd_ctlreq.o(.data)
    .data                                    0x20000004   Section       24  main.o(.data)
    .data                                    0x2000001c   Section        4  tm_stm32f4_delay.o(.data)
    .data                                    0x20000020   Section        4  tm_stm32f4_delay.o(.data)
    .data                                    0x20000024   Section       20  system_stm32f1xx.o(.data)
    .data                                    0x20000038   Section       12  port.o(.data)
    ucMaxSysCallPriority                     0x20000038   Data           1  port.o(.data)
    uxCriticalNesting                        0x2000003c   Data           4  port.o(.data)
    ulMaxPRIGROUPValue                       0x20000040   Data           4  port.o(.data)
    .data                                    0x20000044   Section       24  heap_4.o(.data)
    pxEnd                                    0x20000044   Data           4  heap_4.o(.data)
    xFreeBytesRemaining                      0x20000048   Data           4  heap_4.o(.data)
    xMinimumEverFreeBytesRemaining           0x2000004c   Data           4  heap_4.o(.data)
    xBlockAllocatedBit                       0x20000050   Data           4  heap_4.o(.data)
    xStart                                   0x20000054   Data           8  heap_4.o(.data)
    .data                                    0x2000005c   Section       56  tasks.o(.data)
    uxTasksDeleted                           0x20000060   Data           4  tasks.o(.data)
    uxCurrentNumberOfTasks                   0x20000064   Data           4  tasks.o(.data)
    xTickCount                               0x20000068   Data           4  tasks.o(.data)
    uxTopReadyPriority                       0x2000006c   Data           4  tasks.o(.data)
    xSchedulerRunning                        0x20000070   Data           4  tasks.o(.data)
    uxPendedTicks                            0x20000074   Data           4  tasks.o(.data)
    xYieldPending                            0x20000078   Data           4  tasks.o(.data)
    xNumOfOverflows                          0x2000007c   Data           4  tasks.o(.data)
    uxTaskNumber                             0x20000080   Data           4  tasks.o(.data)
    xNextTaskUnblockTime                     0x20000084   Data           4  tasks.o(.data)
    uxSchedulerSuspended                     0x20000088   Data           4  tasks.o(.data)
    pxDelayedTaskList                        0x2000008c   Data           4  tasks.o(.data)
    pxOverflowDelayedTaskList                0x20000090   Data           4  tasks.o(.data)
    .data                                    0x20000094   Section        1  stm32f1xx_hal_spi_ex.o(.data)
    .data                                    0x20000098   Section        4  stm32f1xx_hal.o(.data)
    uwTick                                   0x20000098   Data           4  stm32f1xx_hal.o(.data)
    .data                                    0x2000009c   Section       12  ff.o(.data)
    CurrVol                                  0x2000009c   Data           1  ff.o(.data)
    Fsid                                     0x2000009e   Data           2  ff.o(.data)
    FatFs                                    0x200000a0   Data           8  ff.o(.data)
    .data                                    0x200000a8   Section        2  fatfs_sd.o(.data)
    TM_FATFS_SD_Stat                         0x200000a8   Data           1  fatfs_sd.o(.data)
    TM_FATFS_SD_CardType                     0x200000a9   Data           1  fatfs_sd.o(.data)
    .bss                                     0x200000ac   Section     1596  usbd_conf.o(.bss)
    mem                                      0x200000ac   Data         540  usbd_conf.o(.bss)
    .bss                                     0x200006e8   Section     1488  main.o(.bss)
    .bss                                     0x20000cb8   Section     3072  heap_4.o(.bss)
    ucHeap                                   0x20000cb8   Data        3072  heap_4.o(.bss)
    .bss                                     0x200018b8   Section      240  tasks.o(.bss)
    pxReadyTasksLists                        0x200018b8   Data         140  tasks.o(.bss)
    xDelayedTaskList1                        0x20001944   Data          20  tasks.o(.bss)
    xDelayedTaskList2                        0x20001958   Data          20  tasks.o(.bss)
    xPendingReadyList                        0x2000196c   Data          20  tasks.o(.bss)
    xTasksWaitingTermination                 0x20001980   Data          20  tasks.o(.bss)
    xSuspendedTaskList                       0x20001994   Data          20  tasks.o(.bss)
    .bss                                     0x200019a8   Section      512  ff.o(.bss)
    LfnBuf                                   0x200019a8   Data         512  ff.o(.bss)
    STACK                                    0x20001ba8   Section     1024  startup_stm32f103xb.o(STACK)

    Global Symbols

    Symbol Name                              Value     Ov Type        Size  Object(Section)

    BuildAttributes$$THM_ISAv4$P$D$K$B$S$PE$A:L22UL41UL21$X:L11$S22US41US21$IEEE1$IW$USESV6$~STKCKD$USESV7$~SHL$OSPACE$ROPI$EBA8$MICROLIB$REQ8$PRES8$EABIv2 0x00000000   Number         0  anon$$obj.o ABSOLUTE
    __ARM_use_no_argv                        0x00000000   Number         0  main.o ABSOLUTE
    _printf_a                                0x00000000   Number         0  stubs.o ABSOLUTE
    _printf_c                                0x00000000   Number         0  stubs.o ABSOLUTE
    _printf_charcount                        0x00000000   Number         0  stubs.o ABSOLUTE
    _printf_d                                0x00000000   Number         0  stubs.o ABSOLUTE
    _printf_e                                0x00000000   Number         0  stubs.o ABSOLUTE
    _printf_f                                0x00000000   Number         0  stubs.o ABSOLUTE
    _printf_flags                            0x00000000   Number         0  stubs.o ABSOLUTE
    _printf_fp_dec                           0x00000000   Number         0  stubs.o ABSOLUTE
    _printf_fp_hex                           0x00000000   Number         0  stubs.o ABSOLUTE
    _printf_g                                0x00000000   Number         0  stubs.o ABSOLUTE
    _printf_i                                0x00000000   Number         0  stubs.o ABSOLUTE
    _printf_int_dec                          0x00000000   Number         0  stubs.o ABSOLUTE
    _printf_l                                0x00000000   Number         0  stubs.o ABSOLUTE
    _printf_lc                               0x00000000   Number         0  stubs.o ABSOLUTE
    _printf_ll                               0x00000000   Number         0  stubs.o ABSOLUTE
    _printf_lld                              0x00000000   Number         0  stubs.o ABSOLUTE
    _printf_lli                              0x00000000   Number         0  stubs.o ABSOLUTE
    _printf_llo                              0x00000000   Number         0  stubs.o ABSOLUTE
    _printf_llu                              0x00000000   Number         0  stubs.o ABSOLUTE
    _printf_llx                              0x00000000   Number         0  stubs.o ABSOLUTE
    _printf_longlong_dec                     0x00000000   Number         0  stubs.o ABSOLUTE
    _printf_longlong_hex                     0x00000000   Number         0  stubs.o ABSOLUTE
    _printf_longlong_oct                     0x00000000   Number         0  stubs.o ABSOLUTE
    _printf_ls                               0x00000000   Number         0  stubs.o ABSOLUTE
    _printf_mbtowc                           0x00000000   Number         0  stubs.o ABSOLUTE
    _printf_n                                0x00000000   Number         0  stubs.o ABSOLUTE
    _printf_o                                0x00000000   Number         0  stubs.o ABSOLUTE
    _printf_p                                0x00000000   Number         0  stubs.o ABSOLUTE
    _printf_percent                          0x00000000   Number         0  stubs.o ABSOLUTE
    _printf_pre_padding                      0x00000000   Number         0  stubs.o ABSOLUTE
    _printf_return_value                     0x00000000   Number         0  stubs.o ABSOLUTE
    _printf_s                                0x00000000   Number         0  stubs.o ABSOLUTE
    _printf_sizespec                         0x00000000   Number         0  stubs.o ABSOLUTE
    _printf_str                              0x00000000   Number         0  stubs.o ABSOLUTE
    _printf_truncate_signed                  0x00000000   Number         0  stubs.o ABSOLUTE
    _printf_truncate_unsigned                0x00000000   Number         0  stubs.o ABSOLUTE
    _printf_u                                0x00000000   Number         0  stubs.o ABSOLUTE
    _printf_wc                               0x00000000   Number         0  stubs.o ABSOLUTE
    _printf_wctomb                           0x00000000   Number         0  stubs.o ABSOLUTE
    _printf_widthprec                        0x00000000   Number         0  stubs.o ABSOLUTE
    _printf_x                                0x00000000   Number         0  stubs.o ABSOLUTE
    __cpp_initialize__aeabi_                  - Undefined Weak Reference
    __cxa_finalize                            - Undefined Weak Reference
    __decompress                              - Undefined Weak Reference
    _clock_init                               - Undefined Weak Reference
    _microlib_exit                            - Undefined Weak Reference
    __Vectors_Size                           0x000000ec   Number         0  startup_stm32f103xb.o ABSOLUTE
    __Vectors                                0x08000000   Data           4  startup_stm32f103xb.o(RESET)
    __Vectors_End                            0x080000ec   Data           0  startup_stm32f103xb.o(RESET)
    __main                                   0x080000ed   Thumb Code     0  entry.o(.ARM.Collect$$$$00000000)
    _main_stk                                0x080000ed   Thumb Code     0  entry2.o(.ARM.Collect$$$$00000001)
    _main_scatterload                        0x080000f1   Thumb Code     0  entry5.o(.ARM.Collect$$$$00000004)
    __main_after_scatterload                 0x080000f5   Thumb Code     0  entry5.o(.ARM.Collect$$$$00000004)
    _main_clock                              0x080000f5   Thumb Code     0  entry7b.o(.ARM.Collect$$$$00000008)
    _main_cpp_init                           0x080000f5   Thumb Code     0  entry8b.o(.ARM.Collect$$$$0000000A)
    _main_init                               0x080000f5   Thumb Code     0  entry9a.o(.ARM.Collect$$$$0000000B)
    __rt_final_cpp                           0x080000fd   Thumb Code     0  entry10a.o(.ARM.Collect$$$$0000000D)
    __rt_final_exit                          0x080000fd   Thumb Code     0  entry11a.o(.ARM.Collect$$$$0000000F)
    SVC_Handler                              0x08000101   Thumb Code    32  port.o(.emb_text)
    __asm___6_port_c_39a90d8d__prvStartFirstTask 0x08000125   Thumb Code    28  port.o(.emb_text)
    PendSV_Handler                           0x08000145   Thumb Code    64  port.o(.emb_text)
    ulPortSetInterruptMask                   0x08000189   Thumb Code    14  port.o(.emb_text)
    vPortClearInterruptMask                  0x08000197   Thumb Code     6  port.o(.emb_text)
    vPortGetIPSR                             0x0800019d   Thumb Code     6  port.o(.emb_text)
    Reset_Handler                            0x080001a5   Thumb Code     8  startup_stm32f103xb.o(.text)
    NMI_Handler                              0x080001ad   Thumb Code     2  startup_stm32f103xb.o(.text)
    HardFault_Handler                        0x080001af   Thumb Code     2  startup_stm32f103xb.o(.text)
    MemManage_Handler                        0x080001b1   Thumb Code     2  startup_stm32f103xb.o(.text)
    BusFault_Handler                         0x080001b3   Thumb Code     2  startup_stm32f103xb.o(.text)
    UsageFault_Handler                       0x080001b5   Thumb Code     2  startup_stm32f103xb.o(.text)
    DebugMon_Handler                         0x080001b9   Thumb Code     2  startup_stm32f103xb.o(.text)
    ADC1_2_IRQHandler                        0x080001bf   Thumb Code     0  startup_stm32f103xb.o(.text)
    CAN1_RX1_IRQHandler                      0x080001bf   Thumb Code     0  startup_stm32f103xb.o(.text)
    CAN1_SCE_IRQHandler                      0x080001bf   Thumb Code     0  startup_stm32f103xb.o(.text)
    DMA1_Channel1_IRQHandler                 0x080001bf   Thumb Code     0  startup_stm32f103xb.o(.text)
    DMA1_Channel2_IRQHandler                 0x080001bf   Thumb Code     0  startup_stm32f103xb.o(.text)
    DMA1_Channel3_IRQHandler                 0x080001bf   Thumb Code     0  startup_stm32f103xb.o(.text)
    DMA1_Channel4_IRQHandler                 0x080001bf   Thumb Code     0  startup_stm32f103xb.o(.text)
    DMA1_Channel5_IRQHandler                 0x080001bf   Thumb Code     0  startup_stm32f103xb.o(.text)
    DMA1_Channel6_IRQHandler                 0x080001bf   Thumb Code     0  startup_stm32f103xb.o(.text)
    DMA1_Channel7_IRQHandler                 0x080001bf   Thumb Code     0  startup_stm32f103xb.o(.text)
    EXTI0_IRQHandler                         0x080001bf   Thumb Code     0  startup_stm32f103xb.o(.text)
    EXTI15_10_IRQHandler                     0x080001bf   Thumb Code     0  startup_stm32f103xb.o(.text)
    EXTI1_IRQHandler                         0x080001bf   Thumb Code     0  startup_stm32f103xb.o(.text)
    EXTI2_IRQHandler                         0x080001bf   Thumb Code     0  startup_stm32f103xb.o(.text)
    EXTI3_IRQHandler                         0x080001bf   Thumb Code     0  startup_stm32f103xb.o(.text)
    EXTI4_IRQHandler                         0x080001bf   Thumb Code     0  startup_stm32f103xb.o(.text)
    EXTI9_5_IRQHandler                       0x080001bf   Thumb Code     0  startup_stm32f103xb.o(.text)
    FLASH_IRQHandler                         0x080001bf   Thumb Code     0  startup_stm32f103xb.o(.text)
    I2C1_ER_IRQHandler                       0x080001bf   Thumb Code     0  startup_stm32f103xb.o(.text)
    I2C1_EV_IRQHandler                       0x080001bf   Thumb Code     0  startup_stm32f103xb.o(.text)
    I2C2_ER_IRQHandler                       0x080001bf   Thumb Code     0  startup_stm32f103xb.o(.text)
    I2C2_EV_IRQHandler                       0x080001bf   Thumb Code     0  startup_stm32f103xb.o(.text)
    PVD_IRQHandler                           0x080001bf   Thumb Code     0  startup_stm32f103xb.o(.text)
    RCC_IRQHandler                           0x080001bf   Thumb Code     0  startup_stm32f103xb.o(.text)
    RTC_Alarm_IRQHandler                     0x080001bf   Thumb Code     0  startup_stm32f103xb.o(.text)
    RTC_IRQHandler                           0x080001bf   Thumb Code     0  startup_stm32f103xb.o(.text)
    SPI1_IRQHandler                          0x080001bf   Thumb Code     0  startup_stm32f103xb.o(.text)
    SPI2_IRQHandler                          0x080001bf   Thumb Code     0  startup_stm32f103xb.o(.text)
    TAMPER_IRQHandler                        0x080001bf   Thumb Code     0  startup_stm32f103xb.o(.text)
    TIM1_BRK_IRQHandler                      0x080001bf   Thumb Code     0  startup_stm32f103xb.o(.text)
    TIM1_CC_IRQHandler                       0x080001bf   Thumb Code     0  startup_stm32f103xb.o(.text)
    TIM1_TRG_COM_IRQHandler                  0x080001bf   Thumb Code     0  startup_stm32f103xb.o(.text)
    TIM1_UP_IRQHandler                       0x080001bf   Thumb Code     0  startup_stm32f103xb.o(.text)
    TIM2_IRQHandler                          0x080001bf   Thumb Code     0  startup_stm32f103xb.o(.text)
    TIM3_IRQHandler                          0x080001bf   Thumb Code     0  startup_stm32f103xb.o(.text)
    TIM4_IRQHandler                          0x080001bf   Thumb Code     0  startup_stm32f103xb.o(.text)
    USART1_IRQHandler                        0x080001bf   Thumb Code     0  startup_stm32f103xb.o(.text)
    USART2_IRQHandler                        0x080001bf   Thumb Code     0  startup_stm32f103xb.o(.text)
    USART3_IRQHandler                        0x080001bf   Thumb Code     0  startup_stm32f103xb.o(.text)
    USBWakeUp_IRQHandler                     0x080001bf   Thumb Code     0  startup_stm32f103xb.o(.text)
    USB_HP_CAN1_TX_IRQHandler                0x080001bf   Thumb Code     0  startup_stm32f103xb.o(.text)
    WWDG_IRQHandler                          0x080001bf   Thumb Code     0  startup_stm32f103xb.o(.text)
    __aeabi_memcpy                           0x080001c9   Thumb Code    36  memcpya.o(.text)
    __aeabi_memcpy4                          0x080001c9   Thumb Code     0  memcpya.o(.text)
    __aeabi_memcpy8                          0x080001c9   Thumb Code     0  memcpya.o(.text)
    __aeabi_memset                           0x080001ed   Thumb Code    14  memseta.o(.text)
    __aeabi_memset4                          0x080001ed   Thumb Code     0  memseta.o(.text)
    __aeabi_memset8                          0x080001ed   Thumb Code     0  memseta.o(.text)
    __aeabi_memclr                           0x080001fb   Thumb Code     4  memseta.o(.text)
    __aeabi_memclr4                          0x080001fb   Thumb Code     0  memseta.o(.text)
    __aeabi_memclr8                          0x080001fb   Thumb Code     0  memseta.o(.text)
    _memset$wrapper                          0x080001ff   Thumb Code    18  memseta.o(.text)
    __aeabi_uidiv                            0x08000211   Thumb Code     0  uidiv.o(.text)
    __aeabi_uidivmod                         0x08000211   Thumb Code    44  uidiv.o(.text)
    __scatterload                            0x0800023d   Thumb Code    28  init.o(.text)
    __scatterload_rt2                        0x0800023d   Thumb Code     0  init.o(.text)
    ADC_ConversionStop_Disable               0x08000261   Thumb Code    74  stm32f1xx_hal_adc.o(i.ADC_ConversionStop_Disable)
    HAL_ADCEx_InjectedConfigChannel          0x080002ad   Thumb Code   574  stm32f1xx_hal_adc_ex.o(i.HAL_ADCEx_InjectedConfigChannel)
    HAL_ADC_ConfigChannel                    0x080004f9   Thumb Code   344  stm32f1xx_hal_adc.o(i.HAL_ADC_ConfigChannel)
    HAL_ADC_Init                             0x0800065d   Thumb Code   256  stm32f1xx_hal_adc.o(i.HAL_ADC_Init)
    HAL_ADC_MspInit                          0x08000765   Thumb Code    50  stm32f1xx_hal_msp.o(i.HAL_ADC_MspInit)
    HAL_Delay                                0x080007a5   Thumb Code    22  stm32f1xx_hal.o(i.HAL_Delay)
    HAL_GPIO_Init                            0x080007bd   Thumb Code   408  stm32f1xx_hal_gpio.o(i.HAL_GPIO_Init)
    HAL_GPIO_ReadPin                         0x08000979   Thumb Code    10  stm32f1xx_hal_gpio.o(i.HAL_GPIO_ReadPin)
    HAL_GPIO_TogglePin                       0x08000983   Thumb Code     8  stm32f1xx_hal_gpio.o(i.HAL_GPIO_TogglePin)
    HAL_GPIO_WritePin                        0x0800098b   Thumb Code    10  stm32f1xx_hal_gpio.o(i.HAL_GPIO_WritePin)
    HAL_GetTick                              0x08000995   Thumb Code     6  stm32f1xx_hal.o(i.HAL_GetTick)
    HAL_I2C_Init                             0x080009a1   Thumb Code   212  stm32f1xx_hal_i2c.o(i.HAL_I2C_Init)
    HAL_I2C_MspInit                          0x08000a7d   Thumb Code    54  stm32f1xx_hal_msp.o(i.HAL_I2C_MspInit)
    HAL_IncTick                              0x08000ac1   Thumb Code    10  stm32f1xx_hal.o(i.HAL_IncTick)
    HAL_Init                                 0x08000ad1   Thumb Code    32  stm32f1xx_hal.o(i.HAL_Init)
    HAL_InitTick                             0x08000af5   Thumb Code    34  stm32f1xx_hal.o(i.HAL_InitTick)
    HAL_MspInit                              0x08000b19   Thumb Code    52  stm32f1xx_hal_msp.o(i.HAL_MspInit)
    HAL_NVIC_SetPriority                     0x08000b55   Thumb Code    60  stm32f1xx_hal_cortex.o(i.HAL_NVIC_SetPriority)
    HAL_NVIC_SetPriorityGrouping             0x08000b95   Thumb Code    26  stm32f1xx_hal_cortex.o(i.HAL_NVIC_SetPriorityGrouping)
    HAL_PCD_DataInStageCallback              0x08000bb9   Thumb Code    14  usbd_conf.o(i.HAL_PCD_DataInStageCallback)
    HAL_PCD_DataOutStageCallback             0x08000bc7   Thumb Code    16  usbd_conf.o(i.HAL_PCD_DataOutStageCallback)
    HAL_PCD_EP_ClrStall                      0x08000bd7   Thumb Code    72  stm32f1xx_hal_pcd.o(i.HAL_PCD_EP_ClrStall)
    HAL_PCD_EP_Open                          0x08000c1f   Thumb Code    68  stm32f1xx_hal_pcd.o(i.HAL_PCD_EP_Open)
    HAL_PCD_EP_Receive                       0x08000c63   Thumb Code    64  stm32f1xx_hal_pcd.o(i.HAL_PCD_EP_Receive)
    HAL_PCD_EP_SetStall                      0x08000ca3   Thumb Code    86  stm32f1xx_hal_pcd.o(i.HAL_PCD_EP_SetStall)
    HAL_PCD_EP_Transmit                      0x08000cf9   Thumb Code    62  stm32f1xx_hal_pcd.o(i.HAL_PCD_EP_Transmit)
    HAL_PCD_IRQHandler                       0x08000d37   Thumb Code   266  stm32f1xx_hal_pcd.o(i.HAL_PCD_IRQHandler)
    HAL_PCD_ResetCallback                    0x08000e41   Thumb Code    26  usbd_conf.o(i.HAL_PCD_ResetCallback)
    HAL_PCD_ResumeCallback                   0x08000e5b   Thumb Code     8  usbd_conf.o(i.HAL_PCD_ResumeCallback)
    HAL_PCD_SOFCallback                      0x08000e63   Thumb Code     8  usbd_conf.o(i.HAL_PCD_SOFCallback)
    HAL_PCD_SetAddress                       0x08000e6b   Thumb Code    40  stm32f1xx_hal_pcd.o(i.HAL_PCD_SetAddress)
    HAL_PCD_SetupStageCallback               0x08000e93   Thumb Code    14  usbd_conf.o(i.HAL_PCD_SetupStageCallback)
    HAL_PCD_SuspendCallback                  0x08000ea1   Thumb Code    30  usbd_conf.o(i.HAL_PCD_SuspendCallback)
    HAL_PWR_EnableBkUpAccess                 0x08000ec5   Thumb Code    20  stm32f1xx_hal_pwr.o(i.HAL_PWR_EnableBkUpAccess)
    HAL_RCCEx_GetPeriphCLKFreq               0x08000edd   Thumb Code   208  stm32f1xx_hal_rcc_ex.o(i.HAL_RCCEx_GetPeriphCLKFreq)
    HAL_RCCEx_PeriphCLKConfig                0x08000fcd   Thumb Code   286  stm32f1xx_hal_rcc_ex.o(i.HAL_RCCEx_PeriphCLKConfig)
    HAL_RCC_ClockConfig                      0x080010f9   Thumb Code   638  stm32f1xx_hal_rcc_ex.o(i.HAL_RCC_ClockConfig)
    HAL_RCC_GetHCLKFreq                      0x08001381   Thumb Code    38  stm32f1xx_hal_rcc.o(i.HAL_RCC_GetHCLKFreq)
    HAL_RCC_GetPCLK1Freq                     0x080013b5   Thumb Code    36  stm32f1xx_hal_rcc.o(i.HAL_RCC_GetPCLK1Freq)
    HAL_RCC_GetPCLK2Freq                     0x080013e1   Thumb Code    36  stm32f1xx_hal_rcc.o(i.HAL_RCC_GetPCLK2Freq)
    HAL_RCC_GetSysClockFreq                  0x0800140d   Thumb Code   102  stm32f1xx_hal_rcc.o(i.HAL_RCC_GetSysClockFreq)
    HAL_RCC_OscConfig                        0x08001495   Thumb Code  1738  stm32f1xx_hal_rcc.o(i.HAL_RCC_OscConfig)
    HAL_RTC_Init                             0x08001b61   Thumb Code   154  stm32f1xx_hal_rtc.o(i.HAL_RTC_Init)
    HAL_RTC_MspInit                          0x08001c01   Thumb Code    56  stm32f1xx_hal_msp.o(i.HAL_RTC_MspInit)
    HAL_RTC_SetDate                          0x08001c45   Thumb Code   192  stm32f1xx_hal_rtc.o(i.HAL_RTC_SetDate)
    HAL_RTC_SetTime                          0x08001d09   Thumb Code   168  stm32f1xx_hal_rtc.o(i.HAL_RTC_SetTime)
    HAL_RTC_WaitForSynchro                   0x08001db5   Thumb Code    58  stm32f1xx_hal_rtc.o(i.HAL_RTC_WaitForSynchro)
    HAL_SPI_Init                             0x08001df1   Thumb Code   132  stm32f1xx_hal_spi_ex.o(i.HAL_SPI_Init)
    HAL_SPI_MspInit                          0x08001e79   Thumb Code    74  stm32f1xx_hal_msp.o(i.HAL_SPI_MspInit)
    HAL_SYSTICK_CLKSourceConfig              0x08001ed1   Thumb Code    24  stm32f1xx_hal_cortex.o(i.HAL_SYSTICK_CLKSourceConfig)
    HAL_SYSTICK_Config                       0x08001ee9   Thumb Code    40  stm32f1xx_hal_cortex.o(i.HAL_SYSTICK_Config)
    HAL_TIMEx_ConfigBreakDeadTime            0x08001f11   Thumb Code    66  stm32f1xx_hal_tim_ex.o(i.HAL_TIMEx_ConfigBreakDeadTime)
    HAL_TIMEx_MasterConfigSynchronization    0x08001f53   Thumb Code    80  stm32f1xx_hal_tim_ex.o(i.HAL_TIMEx_MasterConfigSynchronization)
    HAL_TIM_OC_ConfigChannel                 0x08001fa3   Thumb Code    86  stm32f1xx_hal_tim.o(i.HAL_TIM_OC_ConfigChannel)
    HAL_TIM_OC_Init                          0x08001ff9   Thumb Code    54  stm32f1xx_hal_tim.o(i.HAL_TIM_OC_Init)
    HAL_TIM_OC_MspInit                       0x0800202f   Thumb Code     2  stm32f1xx_hal_tim.o(i.HAL_TIM_OC_MspInit)
    HAL_TIM_PWM_ConfigChannel                0x08002031   Thumb Code   208  stm32f1xx_hal_tim.o(i.HAL_TIM_PWM_ConfigChannel)
    HAL_TIM_PWM_Init                         0x08002101   Thumb Code    54  stm32f1xx_hal_tim.o(i.HAL_TIM_PWM_Init)
    HAL_TIM_PWM_MspInit                      0x08002139   Thumb Code    70  stm32f1xx_hal_msp.o(i.HAL_TIM_PWM_MspInit)
    SPI_I2S_GetFlagStatus                    0x0800289b   Thumb Code    14  tm_stm32f4_spi.o(i.SPI_I2S_GetFlagStatus)
    StartDefaultTask                         0x080028a9   Thumb Code   152  main.o(i.StartDefaultTask)
    SysTick_Handler                          0x08002949   Thumb Code    34  stm32f1xx_it.o(i.SysTick_Handler)
    SystemClock_Config                       0x08002975   Thumb Code   106  main.o(i.SystemClock_Config)
    SystemInit                               0x080029e1   Thumb Code    56  system_stm32f1xx.o(i.SystemInit)
    TIM_Base_SetConfig                       0x08002a29   Thumb Code    86  stm32f1xx_hal_tim.o(i.TIM_Base_SetConfig)
    TIM_OC2_SetConfig                        0x08002add   Thumb Code    84  stm32f1xx_hal_tim.o(i.TIM_OC2_SetConfig)
    TM_FATFS_Detect                          0x08002bd1   Thumb Code    20  fatfs_sd.o(i.TM_FATFS_Detect)
    TM_FATFS_DriveSize                       0x08002be9   Thumb Code    48  tm_stm32f4_fatfs.o(i.TM_FATFS_DriveSize)
    TM_FATFS_InitPins                        0x08002c1d   Thumb Code    50  fatfs_sd.o(i.TM_FATFS_InitPins)
    TM_FATFS_SD_disk_initialize              0x08002c55   Thumb Code   292  fatfs_sd.o(i.TM_FATFS_SD_disk_initialize)
    TM_FATFS_SD_disk_ioctl                   0x08002d89   Thumb Code   450  fatfs_sd.o(i.TM_FATFS_SD_disk_ioctl)
    TM_FATFS_SD_disk_read                    0x08002f51   Thumb Code   128  fatfs_sd.o(i.TM_FATFS_SD_disk_read)
    TM_FATFS_SD_disk_status                  0x08002fd5   Thumb Code    26  fatfs_sd.o(i.TM_FATFS_SD_disk_status)
    TM_FATFS_SD_disk_write                   0x08002ff5   Thumb Code   148  fatfs_sd.o(i.TM_FATFS_SD_disk_write)
    TM_SPI_ReadMulti                         0x0800308d   Thumb Code    38  tm_stm32f4_spi.o(i.TM_SPI_ReadMulti)
    TM_SPI_Send                              0x080030b3   Thumb Code    24  tm_stm32f4_spi.o(i.TM_SPI_Send)
    TM_SPI_WriteMulti                        0x080030cb   Thumb Code    30  tm_stm32f4_spi.o(i.TM_SPI_WriteMulti)
    USBD_ClrClassConfig                      0x080030e9   Thumb Code    14  usbd_core.o(i.USBD_ClrClassConfig)
    USBD_CtlContinueRx                       0x080030f7   Thumb Code    16  usbd_ioreq.o(i.USBD_CtlContinueRx)
    USBD_CtlContinueSendData                 0x08003107   Thumb Code    16  usbd_ioreq.o(i.USBD_CtlContinueSendData)
    USBD_CtlError                            0x08003117   Thumb Code    22  usbd_ctlreq.o(i.USBD_CtlError)
    USBD_CtlReceiveStatus                    0x0800312d   Thumb Code    22  usbd_ioreq.o(i.USBD_CtlReceiveStatus)
    USBD_CtlSendData                         0x08003143   Thumb Code    26  usbd_ioreq.o(i.USBD_CtlSendData)
    USBD_CtlSendStatus                       0x0800315d   Thumb Code    22  usbd_ioreq.o(i.USBD_CtlSendStatus)
    USBD_LL_ClearStallEP                     0x08003253   Thumb Code    14  usbd_conf.o(i.USBD_LL_ClearStallEP)
    USBD_LL_DataInStage                      0x08003261   Thumb Code   160  usbd_core.o(i.USBD_LL_DataInStage)
    USBD_LL_DataOutStage                     0x08003301   Thumb Code   106  usbd_core.o(i.USBD_LL_DataOutStage)
    USBD_LL_IsStallEP                        0x0800336b   Thumb Code    28  usbd_conf.o(i.USBD_LL_IsStallEP)
    USBD_LL_OpenEP                           0x08003387   Thumb Code    20  usbd_conf.o(i.USBD_LL_OpenEP)
    USBD_LL_PrepareReceive                   0x0800339b   Thumb Code    14  usbd_conf.o(i.USBD_LL_PrepareReceive)
    USBD_LL_Reset                            0x080033a9   Thumb Code    62  usbd_core.o(i.USBD_LL_Reset)
    USBD_LL_Resume                           0x080033e7   Thumb Code    12  usbd_core.o(i.USBD_LL_Resume)
    USBD_LL_SOF                              0x080033f3   Thumb Code    24  usbd_core.o(i.USBD_LL_SOF)
    USBD_LL_SetSpeed                         0x0800340b   Thumb Code     6  usbd_core.o(i.USBD_LL_SetSpeed)
    USBD_LL_SetUSBAddress                    0x08003411   Thumb Code    14  usbd_conf.o(i.USBD_LL_SetUSBAddress)
    USBD_LL_SetupStage                       0x0800341f   Thumb Code    90  usbd_core.o(i.USBD_LL_SetupStage)
    USBD_LL_StallEP                          0x08003479   Thumb Code    14  usbd_conf.o(i.USBD_LL_StallEP)
    USBD_LL_Suspend                          0x08003487   Thumb Code    18  usbd_core.o(i.USBD_LL_Suspend)
    USBD_LL_Transmit                         0x08003499   Thumb Code    14  usbd_conf.o(i.USBD_LL_Transmit)
    USBD_ParseSetupRequest                   0x080034a7   Thumb Code    40  usbd_ctlreq.o(i.USBD_ParseSetupRequest)
    USBD_SetClassConfig                      0x080034cf   Thumb Code    22  usbd_core.o(i.USBD_SetClassConfig)
    USBD_StdDevReq                           0x08003559   Thumb Code   242  usbd_ctlreq.o(i.USBD_StdDevReq)
    USBD_StdEPReq                            0x0800364b   Thumb Code   192  usbd_ctlreq.o(i.USBD_StdEPReq)
    USBD_StdItfReq                           0x0800370b   Thumb Code    52  usbd_ctlreq.o(i.USBD_StdItfReq)
    USB_ActivateEndpoint                     0x0800373f   Thumb Code   604  stm32f1xx_ll_usb.o(i.USB_ActivateEndpoint)
    USB_EP0_OutStart                         0x0800399b   Thumb Code     4  stm32f1xx_ll_usb.o(i.USB_EP0_OutStart)
    USB_EPClearStall                         0x0800399f   Thumb Code   106  stm32f1xx_ll_usb.o(i.USB_EPClearStall)
    USB_EPSetStall                           0x08003a09   Thumb Code    74  stm32f1xx_ll_usb.o(i.USB_EPSetStall)
    USB_EPStartXfer                          0x08003a55   Thumb Code   328  stm32f1xx_ll_usb.o(i.USB_EPStartXfer)
    USB_LP_CAN1_RX0_IRQHandler               0x08003b9d   Thumb Code     6  stm32f1xx_it.o(i.USB_LP_CAN1_RX0_IRQHandler)
    USB_ReadInterrupts                       0x08003ba9   Thumb Code     6  stm32f1xx_ll_usb.o(i.USB_ReadInterrupts)
    USB_ReadPMA                              0x08003bb1   Thumb Code    30  stm32f1xx_ll_usb.o(i.USB_ReadPMA)
    USB_SetDevAddress                        0x08003bcf   Thumb Code    12  stm32f1xx_ll_usb.o(i.USB_SetDevAddress)
    USB_WritePMA                             0x08003bdb   Thumb Code    38  stm32f1xx_ll_usb.o(i.USB_WritePMA)
    UserDefaultTask                          0x08003c01   Thumb Code    22  main.o(i.UserDefaultTask)
    __0sprintf$1                             0x08003c1d   Thumb Code    34  printf1.o(i.__0sprintf$1)
    __1sprintf$1                             0x08003c1d   Thumb Code     0  printf1.o(i.__0sprintf$1)
    __2sprintf                               0x08003c1d   Thumb Code     0  printf1.o(i.__0sprintf$1)
    __scatterload_copy                       0x08003c45   Thumb Code    14  handlers.o(i.__scatterload_copy)
    __scatterload_null                       0x08003c53   Thumb Code     2  handlers.o(i.__scatterload_null)
    __scatterload_zeroinit                   0x08003c55   Thumb Code    14  handlers.o(i.__scatterload_zeroinit)
    clust2sect                               0x08003e31   Thumb Code    24  ff.o(i.clust2sect)
    disk_initialize                          0x08004593   Thumb Code    14  diskio.o(i.disk_initialize)
    disk_ioctl                               0x080045a1   Thumb Code    20  diskio.o(i.disk_ioctl)
    disk_read                                0x080045b5   Thumb Code    30  diskio.o(i.disk_read)
    disk_status                              0x080045d3   Thumb Code    14  diskio.o(i.disk_status)
    disk_write                               0x080045e1   Thumb Code    34  diskio.o(i.disk_write)
    f_close                                  0x08004603   Thumb Code    28  ff.o(i.f_close)
    f_getfree                                0x0800461f   Thumb Code   192  ff.o(i.f_getfree)
    f_lseek                                  0x080046df   Thumb Code   302  ff.o(i.f_lseek)
    f_mount                                  0x0800480d   Thumb Code    72  ff.o(i.f_mount)
    f_open                                   0x08004859   Thumb Code   316  ff.o(i.f_open)
    f_puts                                   0x08004999   Thumb Code    70  ff.o(i.f_puts)
    f_sync                                   0x080049df   Thumb Code   152  ff.o(i.f_sync)
    f_write                                  0x08004a77   Thumb Code   382  ff.o(i.f_write)
    ff_convert                               0x08004bf5   Thumb Code    52  unicode.o(i.ff_convert)
    ff_wtoupper                              0x08004c2d   Thumb Code    28  unicode.o(i.ff_wtoupper)
    get_fat                                  0x08004f91   Thumb Code   190  ff.o(i.get_fat)
    get_fattime                              0x08005051   Thumb Code     4  diskio.o(i.get_fattime)
    main                                     0x080050b1   Thumb Code   214  main.o(i.main)
    osDelay                                  0x08005237   Thumb Code    14  cmsis_os.o(i.osDelay)
    osKernelStart                            0x08005245   Thumb Code    10  cmsis_os.o(i.osKernelStart)
    osSystickHandler                         0x0800524f   Thumb Code    20  cmsis_os.o(i.osSystickHandler)
    osThreadCreate                           0x08005263   Thumb Code    56  cmsis_os.o(i.osThreadCreate)
    put_fat                                  0x0800540d   Thumb Code   244  ff.o(i.put_fat)
    pvPortMalloc                             0x08005549   Thumb Code   182  heap_4.o(i.pvPortMalloc)
    pxPortInitialiseStack                    0x08005605   Thumb Code    28  port.o(i.pxPortInitialiseStack)
    uxListRemove                             0x080058af   Thumb Code    36  list.o(i.uxListRemove)
    vListInitialise                          0x080058d3   Thumb Code    22  list.o(i.vListInitialise)
    vListInitialiseItem                      0x080058e9   Thumb Code     6  list.o(i.vListInitialiseItem)
    vListInsert                              0x080058ef   Thumb Code    48  list.o(i.vListInsert)
    vListInsertEnd                           0x0800591f   Thumb Code    24  list.o(i.vListInsertEnd)
    vPortEnterCritical                       0x08005939   Thumb Code    42  port.o(i.vPortEnterCritical)
    vPortExitCritical                        0x0800596d   Thumb Code    30  port.o(i.vPortExitCritical)
    vPortFree                                0x08005991   Thumb Code    68  heap_4.o(i.vPortFree)
    vPortSetupTimerInterrupt                 0x080059d9   Thumb Code    26  port.o(i.vPortSetupTimerInterrupt)
    vPortYield                               0x080059f9   Thumb Code    18  port.o(i.vPortYield)
    vTaskDelay                               0x08005a11   Thumb Code    76  tasks.o(i.vTaskDelay)
    vTaskStartScheduler                      0x08005a61   Thumb Code    60  tasks.o(i.vTaskStartScheduler)
    vTaskSuspendAll                          0x08005aad   Thumb Code    10  tasks.o(i.vTaskSuspendAll)
    vTaskSwitchContext                       0x08005abd   Thumb Code    74  tasks.o(i.vTaskSwitchContext)
    xPortStartScheduler                      0x08005b59   Thumb Code   102  port.o(i.xPortStartScheduler)
    xPortSysTickHandler                      0x08005bcd   Thumb Code    30  port.o(i.xPortSysTickHandler)
    xTaskGenericCreate                       0x08005bf1   Thumb Code   380  tasks.o(i.xTaskGenericCreate)
    xTaskGetSchedulerState                   0x08005d75   Thumb Code    22  tasks.o(i.xTaskGetSchedulerState)
    xTaskIncrementTick                       0x08005d91   Thumb Code   184  tasks.o(i.xTaskIncrementTick)
    xTaskResumeAll                           0x08005e51   Thumb Code   162  tasks.o(i.xTaskResumeAll)
    aAPBAHBPrescTable                        0x08005f80   Data          16  stm32f1xx_hal_rcc.o(.constdata)
    Region$$Table$$Base                      0x080064f8   Number         0  anon$$obj.o(Region$$Table)
    Region$$Table$$Limit                     0x08006518   Number         0  anon$$obj.o(Region$$Table)
    temp_sd_res                              0x20000004   Data           1  main.o(.data)
    adc_X                                    0x20000006   Data           2  main.o(.data)
    adc_Y                                    0x20000008   Data           2  main.o(.data)
    adc_Z                                    0x2000000a   Data           2  main.o(.data)
    defaultTaskHandle                        0x2000000c   Data           4  main.o(.data)
    UserTaskHandle                           0x20000010   Data           4  main.o(.data)
    total                                    0x20000014   Data           4  main.o(.data)
    free_fat                                 0x20000018   Data           4  main.o(.data)
    TM_Time                                  0x2000001c   Data           4  tm_stm32f4_delay.o(.data)
    TM_Time2                                 0x20000020   Data           4  tm_stm32f4_delay.o(.data)
    SystemCoreClock                          0x20000024   Data           4  system_stm32f1xx.o(.data)
    AHBPrescTable                            0x20000028   Data          16  system_stm32f1xx.o(.data)
    pxCurrentTCB                             0x2000005c   Data           4  tasks.o(.data)
    uCRCErrorWorkaroundCheck                 0x20000094   Data           1  stm32f1xx_hal_spi_ex.o(.data)
    hpcd_USB_FS                              0x200002c8   Data        1056  usbd_conf.o(.bss)
    hadc1                                    0x200006e8   Data          48  main.o(.bss)
    hi2c1                                    0x20000718   Data          60  main.o(.bss)
    hrtc                                     0x20000754   Data          20  main.o(.bss)
    hspi1                                    0x20000768   Data          88  main.o(.bss)
    htim1                                    0x200007c0   Data          60  main.o(.bss)
    buffer                                   0x200007fc   Data         100  main.o(.bss)
    FatFs                                    0x20000860   Data         564  main.o(.bss)
    fil                                      0x20000a94   Data         548  main.o(.bss)
    __initial_sp                             0x20001fa8   Data           0  startup_stm32f103xb.o(STACK)



==============================================================================

Memory Map of the image

  Image Entry point : 0x080000ed

  Load Region LR_IROM1 (Base: 0x08000000, Size: 0x000065c4, Max: 0x00020000, ABSOLUTE)

    Execution Region ER_IROM1 (Base: 0x08000000, Size: 0x00006518, Max: 0x00020000, ABSOLUTE)

    Base Addr    Size         Type   Attr      Idx    E Section Name        Object

    0x08000000   0x000000ec   Data   RO          502    RESET               startup_stm32f103xb.o
    0x080000ec   0x00000000   Code   RO         6204  * .ARM.Collect$$$$00000000  mc_w.l(entry.o)
    0x080000ec   0x00000004   Code   RO         6504    .ARM.Collect$$$$00000001  mc_w.l(entry2.o)
    0x080000f0   0x00000004   Code   RO         6507    .ARM.Collect$$$$00000004  mc_w.l(entry5.o)
    0x080000f4   0x00000000   Code   RO         6509    .ARM.Collect$$$$00000008  mc_w.l(entry7b.o)
    0x080000f4   0x00000000   Code   RO         6511    .ARM.Collect$$$$0000000A  mc_w.l(entry8b.o)
    0x080000f4   0x00000008   Code   RO         6512    .ARM.Collect$$$$0000000B  mc_w.l(entry9a.o)
    0x080000fc   0x00000000   Code   RO         6514    .ARM.Collect$$$$0000000D  mc_w.l(entry10a.o)
    0x080000fc   0x00000000   Code   RO         6516    .ARM.Collect$$$$0000000F  mc_w.l(entry11a.o)
    0x080000fc   0x00000004   Code   RO         6505    .ARM.Collect$$$$00002712  mc_w.l(entry2.o)
    0x08000100   0x000000a2   Code   RO         1679    .emb_text           port.o
    0x080001a2   0x00000002   PAD
    0x080001a4   0x00000024   Code   RO          503    .text               startup_stm32f103xb.o
    0x080001c8   0x00000024   Code   RO         6209    .text               mc_w.l(memcpya.o)
    0x080001ec   0x00000024   Code   RO         6211    .text               mc_w.l(memseta.o)
    0x08000210   0x0000002c   Code   RO         6521    .text               mc_w.l(uidiv.o)
    0x0800023c   0x00000024   Code   RO         6538    .text               mc_w.l(init.o)
    0x08000260   0x0000004a   Code   RO         3324    i.ADC_ConversionStop_Disable  stm32f1xx_hal_adc.o
    0x080002aa   0x00000002   PAD
    0x080002ac   0x0000024c   Code   RO         3505    i.HAL_ADCEx_InjectedConfigChannel  stm32f1xx_hal_adc_ex.o
    0x080004f8   0x00000164   Code   RO         3330    i.HAL_ADC_ConfigChannel  stm32f1xx_hal_adc.o
    0x0800065c   0x00000108   Code   RO         3339    i.HAL_ADC_Init      stm32f1xx_hal_adc.o
    0x08000764   0x00000040   Code   RO          576    i.HAL_ADC_MspInit   stm32f1xx_hal_msp.o
    0x080007a4   0x00000016   Code   RO         4989    i.HAL_Delay         stm32f1xx_hal.o
    0x080007ba   0x00000002   PAD
    0x080007bc   0x000001bc   Code   RO         4528    i.HAL_GPIO_Init     stm32f1xx_hal_gpio.o
    0x08000978   0x0000000a   Code   RO         4530    i.HAL_GPIO_ReadPin  stm32f1xx_hal_gpio.o
    0x08000982   0x00000008   Code   RO         4531    i.HAL_GPIO_TogglePin  stm32f1xx_hal_gpio.o
    0x0800098a   0x0000000a   Code   RO         4532    i.HAL_GPIO_WritePin  stm32f1xx_hal_gpio.o
    0x08000994   0x0000000c   Code   RO         4993    i.HAL_GetTick       stm32f1xx_hal.o
    0x080009a0   0x000000dc   Code   RO         3028    i.HAL_I2C_Init      stm32f1xx_hal_i2c.o
    0x08000a7c   0x00000044   Code   RO          578    i.HAL_I2C_MspInit   stm32f1xx_hal_msp.o
    0x08000ac0   0x00000010   Code   RO         4994    i.HAL_IncTick       stm32f1xx_hal.o
    0x08000ad0   0x00000024   Code   RO         4995    i.HAL_Init          stm32f1xx_hal.o
    0x08000af4   0x00000022   Code   RO         4996    i.HAL_InitTick      stm32f1xx_hal.o
    0x08000b16   0x00000002   PAD
    0x08000b18   0x0000003c   Code   RO          579    i.HAL_MspInit       stm32f1xx_hal_msp.o
    0x08000b54   0x00000040   Code   RO         2698    i.HAL_NVIC_SetPriority  stm32f1xx_hal_cortex.o
    0x08000b94   0x00000024   Code   RO         2699    i.HAL_NVIC_SetPriorityGrouping  stm32f1xx_hal_cortex.o
    0x08000bb8   0x0000000e   Code   RO          857    i.HAL_PCD_DataInStageCallback  usbd_conf.o
    0x08000bc6   0x00000010   Code   RO          858    i.HAL_PCD_DataOutStageCallback  usbd_conf.o
    0x08000bd6   0x00000048   Code   RO         2817    i.HAL_PCD_EP_ClrStall  stm32f1xx_hal_pcd.o
    0x08000c1e   0x00000044   Code   RO         2820    i.HAL_PCD_EP_Open   stm32f1xx_hal_pcd.o
    0x08000c62   0x00000040   Code   RO         2821    i.HAL_PCD_EP_Receive  stm32f1xx_hal_pcd.o
    0x08000ca2   0x00000056   Code   RO         2822    i.HAL_PCD_EP_SetStall  stm32f1xx_hal_pcd.o
    0x08000cf8   0x0000003e   Code   RO         2823    i.HAL_PCD_EP_Transmit  stm32f1xx_hal_pcd.o
    0x08000d36   0x0000010a   Code   RO         2825    i.HAL_PCD_IRQHandler  stm32f1xx_hal_pcd.o
    0x08000e40   0x0000001a   Code   RO          864    i.HAL_PCD_ResetCallback  usbd_conf.o
    0x08000e5a   0x00000008   Code   RO          865    i.HAL_PCD_ResumeCallback  usbd_conf.o
    0x08000e62   0x00000008   Code   RO          866    i.HAL_PCD_SOFCallback  usbd_conf.o
    0x08000e6a   0x00000028   Code   RO         2834    i.HAL_PCD_SetAddress  stm32f1xx_hal_pcd.o
    0x08000e92   0x0000000e   Code   RO          867    i.HAL_PCD_SetupStageCallback  usbd_conf.o
    0x08000ea0   0x00000024   Code   RO          868    i.HAL_PCD_SuspendCallback  usbd_conf.o
    0x08000ec4   0x00000018   Code   RO         5568    i.HAL_PWR_EnableBkUpAccess  stm32f1xx_hal_pwr.o
    0x08000edc   0x000000f0   Code   RO         4825    i.HAL_RCCEx_GetPeriphCLKFreq  stm32f1xx_hal_rcc_ex.o
    0x08000fcc   0x0000012c   Code   RO         4826    i.HAL_RCCEx_PeriphCLKConfig  stm32f1xx_hal_rcc_ex.o
    0x080010f8   0x00000288   Code   RO         4827    i.HAL_RCC_ClockConfig  stm32f1xx_hal_rcc_ex.o
    0x08001380   0x00000034   Code   RO         2591    i.HAL_RCC_GetHCLKFreq  stm32f1xx_hal_rcc.o
    0x080013b4   0x0000002c   Code   RO         2593    i.HAL_RCC_GetPCLK1Freq  stm32f1xx_hal_rcc.o
    0x080013e0   0x0000002c   Code   RO         2594    i.HAL_RCC_GetPCLK2Freq  stm32f1xx_hal_rcc.o
    0x0800140c   0x00000088   Code   RO         2595    i.HAL_RCC_GetSysClockFreq  stm32f1xx_hal_rcc.o
    0x08001494   0x000006ca   Code   RO         2598    i.HAL_RCC_OscConfig  stm32f1xx_hal_rcc.o
    0x08001b5e   0x00000002   PAD
    0x08001b60   0x000000a0   Code   RO         5369    i.HAL_RTC_Init      stm32f1xx_hal_rtc.o
    0x08001c00   0x00000044   Code   RO          581    i.HAL_RTC_MspInit   stm32f1xx_hal_msp.o
    0x08001c44   0x000000c4   Code   RO         5375    i.HAL_RTC_SetDate   stm32f1xx_hal_rtc.o
    0x08001d08   0x000000ac   Code   RO         5376    i.HAL_RTC_SetTime   stm32f1xx_hal_rtc.o
    0x08001db4   0x0000003a   Code   RO         5377    i.HAL_RTC_WaitForSynchro  stm32f1xx_hal_rtc.o
    0x08001dee   0x00000002   PAD
    0x08001df0   0x00000088   Code   RO         4872    i.HAL_SPI_Init      stm32f1xx_hal_spi_ex.o
    0x08001e78   0x00000058   Code   RO          583    i.HAL_SPI_MspInit   stm32f1xx_hal_msp.o
    0x08001ed0   0x00000018   Code   RO         2701    i.HAL_SYSTICK_CLKSourceConfig  stm32f1xx_hal_cortex.o
    0x08001ee8   0x00000028   Code   RO         2703    i.HAL_SYSTICK_Config  stm32f1xx_hal_cortex.o
    0x08001f10   0x00000042   Code   RO         4593    i.HAL_TIMEx_ConfigBreakDeadTime  stm32f1xx_hal_tim_ex.o
    0x08001f52   0x00000050   Code   RO         4608    i.HAL_TIMEx_MasterConfigSynchronization  stm32f1xx_hal_tim_ex.o
    0x08001fa2   0x00000056   Code   RO         3939    i.HAL_TIM_OC_ConfigChannel  stm32f1xx_hal_tim.o
    0x08001ff8   0x00000036   Code   RO         3943    i.HAL_TIM_OC_Init   stm32f1xx_hal_tim.o
    0x0800202e   0x00000002   Code   RO         3945    i.HAL_TIM_OC_MspInit  stm32f1xx_hal_tim.o
    0x08002030   0x000000d0   Code   RO         3962    i.HAL_TIM_PWM_ConfigChannel  stm32f1xx_hal_tim.o
    0x08002100   0x00000036   Code   RO         3965    i.HAL_TIM_PWM_Init  stm32f1xx_hal_tim.o
    0x08002136   0x00000002   PAD
    0x08002138   0x00000058   Code   RO          585    i.HAL_TIM_PWM_MspInit  stm32f1xx_hal_msp.o
    0x08002190   0x0000006c   Code   RO         1072    i.MX_ADC1_Init      main.o
    0x080021fc   0x000000c4   Code   RO         1073    i.MX_GPIO_Init      main.o
    0x080022c0   0x0000004c   Code   RO         1074    i.MX_RTC_Init       main.o
    0x0800230c   0x00000038   Code   RO         1075    i.MX_SPI1_Init      main.o
    0x08002344   0x00000084   Code   RO         1076    i.MX_TIM1_Init      main.o
    0x080023c8   0x00000020   Code   RO         2705    i.NVIC_SetPriority  stm32f1xx_hal_cortex.o
    0x080023e8   0x00000362   Code   RO         2839    i.PCD_EP_ISR_Handler  stm32f1xx_hal_pcd.o
    0x0800274a   0x00000012   Code   RO         5378    i.RTC_Bcd2ToByte    stm32f1xx_hal_rtc.o
    0x0800275c   0x00000034   Code   RO         5381    i.RTC_EnterInitMode  stm32f1xx_hal_rtc.o
    0x08002790   0x00000036   Code   RO         5382    i.RTC_ExitInitMode  stm32f1xx_hal_rtc.o
    0x080027c6   0x0000000e   Code   RO         5383    i.RTC_ReadAlarmCounter  stm32f1xx_hal_rtc.o
    0x080027d4   0x00000020   Code   RO         5384    i.RTC_ReadTimeCounter  stm32f1xx_hal_rtc.o
    0x080027f4   0x00000056   Code   RO         5385    i.RTC_WeekDayNum    stm32f1xx_hal_rtc.o
    0x0800284a   0x00000028   Code   RO         5386    i.RTC_WriteAlarmCounter  stm32f1xx_hal_rtc.o
    0x08002872   0x00000028   Code   RO         5387    i.RTC_WriteTimeCounter  stm32f1xx_hal_rtc.o
    0x0800289a   0x0000000e   Code   RO         1184    i.SPI_I2S_GetFlagStatus  tm_stm32f4_spi.o
    0x080028a8   0x000000a0   Code   RO         1077    i.StartDefaultTask  main.o
    0x08002948   0x0000002c   Code   RO          779    i.SysTick_Handler   stm32f1xx_it.o
    0x08002974   0x0000006a   Code   RO         1078    i.SystemClock_Config  main.o
    0x080029de   0x00000002   PAD
    0x080029e0   0x00000048   Code   RO         1340    i.SystemInit        system_stm32f1xx.o
    0x08002a28   0x00000064   Code   RO         3980    i.TIM_Base_SetConfig  stm32f1xx_hal_tim.o
    0x08002a8c   0x00000050   Code   RO         3989    i.TIM_OC1_SetConfig  stm32f1xx_hal_tim.o
    0x08002adc   0x00000058   Code   RO         3990    i.TIM_OC2_SetConfig  stm32f1xx_hal_tim.o
    0x08002b34   0x00000058   Code   RO         3991    i.TIM_OC3_SetConfig  stm32f1xx_hal_tim.o
    0x08002b8c   0x00000044   Code   RO         3992    i.TIM_OC4_SetConfig  stm32f1xx_hal_tim.o
    0x08002bd0   0x00000018   Code   RO         6062    i.TM_FATFS_Detect   fatfs_sd.o
    0x08002be8   0x00000034   Code   RO         1260    i.TM_FATFS_DriveSize  tm_stm32f4_fatfs.o
    0x08002c1c   0x00000038   Code   RO         6063    i.TM_FATFS_InitPins  fatfs_sd.o
    0x08002c54   0x00000134   Code   RO         6064    i.TM_FATFS_SD_disk_initialize  fatfs_sd.o
    0x08002d88   0x000001c8   Code   RO         6065    i.TM_FATFS_SD_disk_ioctl  fatfs_sd.o
    0x08002f50   0x00000084   Code   RO         6066    i.TM_FATFS_SD_disk_read  fatfs_sd.o
    0x08002fd4   0x00000020   Code   RO         6067    i.TM_FATFS_SD_disk_status  fatfs_sd.o
    0x08002ff4   0x00000098   Code   RO         6068    i.TM_FATFS_SD_disk_write  fatfs_sd.o
    0x0800308c   0x00000026   Code   RO         1185    i.TM_SPI_ReadMulti  tm_stm32f4_spi.o
    0x080030b2   0x00000018   Code   RO         1187    i.TM_SPI_Send       tm_stm32f4_spi.o
    0x080030ca   0x0000001e   Code   RO         1191    i.TM_SPI_WriteMulti  tm_stm32f4_spi.o
    0x080030e8   0x0000000e   Code   RO          300    i.USBD_ClrClassConfig  usbd_core.o
    0x080030f6   0x00000010   Code   RO          240    i.USBD_CtlContinueRx  usbd_ioreq.o
    0x08003106   0x00000010   Code   RO          241    i.USBD_CtlContinueSendData  usbd_ioreq.o
    0x08003116   0x00000016   Code   RO          438    i.USBD_CtlError     usbd_ctlreq.o
    0x0800312c   0x00000016   Code   RO          243    i.USBD_CtlReceiveStatus  usbd_ioreq.o
    0x08003142   0x0000001a   Code   RO          244    i.USBD_CtlSendData  usbd_ioreq.o
    0x0800315c   0x00000016   Code   RO          245    i.USBD_CtlSendStatus  usbd_ioreq.o
    0x08003172   0x000000e0   Code   RO          439    i.USBD_GetDescriptor  usbd_ctlreq.o
    0x08003252   0x0000000e   Code   RO          869    i.USBD_LL_ClearStallEP  usbd_conf.o
    0x08003260   0x000000a0   Code   RO          303    i.USBD_LL_DataInStage  usbd_core.o
    0x08003300   0x0000006a   Code   RO          304    i.USBD_LL_DataOutStage  usbd_core.o
    0x0800336a   0x0000001c   Code   RO          876    i.USBD_LL_IsStallEP  usbd_conf.o
    0x08003386   0x00000014   Code   RO          877    i.USBD_LL_OpenEP    usbd_conf.o
    0x0800339a   0x0000000e   Code   RO          878    i.USBD_LL_PrepareReceive  usbd_conf.o
    0x080033a8   0x0000003e   Code   RO          309    i.USBD_LL_Reset     usbd_core.o
    0x080033e6   0x0000000c   Code   RO          310    i.USBD_LL_Resume    usbd_core.o
    0x080033f2   0x00000018   Code   RO          311    i.USBD_LL_SOF       usbd_core.o
    0x0800340a   0x00000006   Code   RO          312    i.USBD_LL_SetSpeed  usbd_core.o
    0x08003410   0x0000000e   Code   RO          879    i.USBD_LL_SetUSBAddress  usbd_conf.o
    0x0800341e   0x0000005a   Code   RO          313    i.USBD_LL_SetupStage  usbd_core.o
    0x08003478   0x0000000e   Code   RO          880    i.USBD_LL_StallEP   usbd_conf.o
    0x08003486   0x00000012   Code   RO          314    i.USBD_LL_Suspend   usbd_core.o
    0x08003498   0x0000000e   Code   RO          883    i.USBD_LL_Transmit  usbd_conf.o
    0x080034a6   0x00000028   Code   RO          441    i.USBD_ParseSetupRequest  usbd_ctlreq.o
    0x080034ce   0x00000016   Code   RO          317    i.USBD_SetClassConfig  usbd_core.o
    0x080034e4   0x00000074   Code   RO          442    i.USBD_SetConfig    usbd_ctlreq.o
    0x08003558   0x000000f2   Code   RO          443    i.USBD_StdDevReq    usbd_ctlreq.o
    0x0800364a   0x000000c0   Code   RO          444    i.USBD_StdEPReq     usbd_ctlreq.o
    0x0800370a   0x00000034   Code   RO          445    i.USBD_StdItfReq    usbd_ctlreq.o
    0x0800373e   0x0000025c   Code   RO         3600    i.USB_ActivateEndpoint  stm32f1xx_ll_usb.o
    0x0800399a   0x00000004   Code   RO         3610    i.USB_EP0_OutStart  stm32f1xx_ll_usb.o
    0x0800399e   0x0000006a   Code   RO         3611    i.USB_EPClearStall  stm32f1xx_ll_usb.o
    0x08003a08   0x0000004a   Code   RO         3612    i.USB_EPSetStall    stm32f1xx_ll_usb.o
    0x08003a52   0x00000002   PAD
    0x08003a54   0x00000148   Code   RO         3613    i.USB_EPStartXfer   stm32f1xx_ll_usb.o
    0x08003b9c   0x0000000c   Code   RO          780    i.USB_LP_CAN1_RX0_IRQHandler  stm32f1xx_it.o
    0x08003ba8   0x00000006   Code   RO         3621    i.USB_ReadInterrupts  stm32f1xx_ll_usb.o
    0x08003bae   0x00000002   PAD
    0x08003bb0   0x0000001e   Code   RO         3622    i.USB_ReadPMA       stm32f1xx_ll_usb.o
    0x08003bce   0x0000000c   Code   RO         3625    i.USB_SetDevAddress  stm32f1xx_ll_usb.o
    0x08003bda   0x00000026   Code   RO         3627    i.USB_WritePMA      stm32f1xx_ll_usb.o
    0x08003c00   0x0000001c   Code   RO         1079    i.UserDefaultTask   main.o
    0x08003c1c   0x00000028   Code   RO         6262    i.__0sprintf$1      mc_w.l(printf1.o)
    0x08003c44   0x0000000e   Code   RO         6550    i.__scatterload_copy  mc_w.l(handlers.o)
    0x08003c52   0x00000002   Code   RO         6551    i.__scatterload_null  mc_w.l(handlers.o)
    0x08003c54   0x0000000e   Code   RO         6552    i.__scatterload_zeroinit  mc_w.l(handlers.o)
    0x08003c62   0x00000002   PAD
    0x08003c64   0x00000154   Code   RO         6267    i._printf_core      mc_w.l(printf1.o)
    0x08003db8   0x0000000a   Code   RO         6269    i._sputc            mc_w.l(printf1.o)
    0x08003dc2   0x00000002   PAD
    0x08003dc4   0x0000005c   Code   RO         5737    i.check_fs          ff.o
    0x08003e20   0x00000010   Code   RO         5738    i.chk_chr           ff.o
    0x08003e30   0x00000018   Code   RO         5739    i.clust2sect        ff.o
    0x08003e48   0x0000009e   Code   RO         5740    i.create_chain      ff.o
    0x08003ee6   0x00000002   PAD
    0x08003ee8   0x00000240   Code   RO         5741    i.create_name       ff.o
    0x08004128   0x00000010   Code   RO         6070    i.deselect          fatfs_sd.o
    0x08004138   0x00000042   Code   RO         5742    i.dir_alloc         ff.o
    0x0800417a   0x00000002   PAD
    0x0800417c   0x00000138   Code   RO         5743    i.dir_find          ff.o
    0x080042b4   0x000000e6   Code   RO         5744    i.dir_next          ff.o
    0x0800439a   0x00000002   PAD
    0x0800439c   0x00000178   Code   RO         5746    i.dir_register      ff.o
    0x08004514   0x0000007e   Code   RO         5748    i.dir_sdi           ff.o
    0x08004592   0x0000000e   Code   RO         5686    i.disk_initialize   diskio.o
    0x080045a0   0x00000014   Code   RO         5687    i.disk_ioctl        diskio.o
    0x080045b4   0x0000001e   Code   RO         5688    i.disk_read         diskio.o
    0x080045d2   0x0000000e   Code   RO         5689    i.disk_status       diskio.o
    0x080045e0   0x00000022   Code   RO         5690    i.disk_write        diskio.o
    0x08004602   0x0000001c   Code   RO         5752    i.f_close           ff.o
    0x0800461e   0x000000c0   Code   RO         5754    i.f_getfree         ff.o
    0x080046de   0x0000012e   Code   RO         5757    i.f_lseek           ff.o
    0x0800480c   0x0000004c   Code   RO         5759    i.f_mount           ff.o
    0x08004858   0x00000140   Code   RO         5760    i.f_open            ff.o
    0x08004998   0x00000046   Code   RO         5764    i.f_puts            ff.o
    0x080049de   0x00000098   Code   RO         5770    i.f_sync            ff.o
    0x08004a76   0x0000017e   Code   RO         5774    i.f_write           ff.o
    0x08004bf4   0x00000038   Code   RO         6181    i.ff_convert        unicode.o
    0x08004c2c   0x00000024   Code   RO         6182    i.ff_wtoupper       unicode.o
    0x08004c50   0x00000240   Code   RO         5775    i.find_volume       ff.o
    0x08004e90   0x0000007e   Code   RO         5776    i.follow_path       ff.o
    0x08004f0e   0x00000002   PAD
    0x08004f10   0x00000080   Code   RO         5777    i.gen_numname       ff.o
    0x08004f90   0x000000be   Code   RO         5778    i.get_fat           ff.o
    0x0800504e   0x00000002   PAD
    0x08005050   0x00000008   Code   RO         5691    i.get_fattime       diskio.o
    0x08005058   0x00000044   Code   RO         5780    i.get_ldnumber      ff.o
    0x0800509c   0x00000012   Code   RO         5781    i.ld_clust          ff.o
    0x080050ae   0x00000002   PAD
    0x080050b0   0x00000128   Code   RO         1081    i.main              main.o
    0x080051d8   0x0000000c   Code   RO         1373    i.makeFreeRtosPriority  cmsis_os.o
    0x080051e4   0x00000012   Code   RO         5782    i.mem_cpy           ff.o
    0x080051f6   0x0000000e   Code   RO         5783    i.mem_set           ff.o
    0x08005204   0x00000032   Code   RO         5784    i.move_window       ff.o
    0x08005236   0x0000000e   Code   RO         1374    i.osDelay           cmsis_os.o
    0x08005244   0x0000000a   Code   RO         1377    i.osKernelStart     cmsis_os.o
    0x0800524e   0x00000014   Code   RO         1404    i.osSystickHandler  cmsis_os.o
    0x08005262   0x00000038   Code   RO         1405    i.osThreadCreate    cmsis_os.o
    0x0800529a   0x00000002   PAD
    0x0800529c   0x00000034   Code   RO         2122    i.prvAddCurrentTaskToDelayedList  tasks.o
    0x080052d0   0x00000054   Code   RO         2123    i.prvCheckTasksWaitingTermination  tasks.o
    0x08005324   0x0000004c   Code   RO         1750    i.prvHeapInit       heap_4.o
    0x08005370   0x00000018   Code   RO         2124    i.prvIdleTask       tasks.o
    0x08005388   0x0000004c   Code   RO         1751    i.prvInsertBlockIntoFreeList  heap_4.o
    0x080053d4   0x00000020   Code   RO         2126    i.prvResetNextTaskUnblockTime  tasks.o
    0x080053f4   0x00000018   Code   RO         1680    i.prvTaskExitError  port.o
    0x0800540c   0x000000f4   Code   RO         5785    i.put_fat           ff.o
    0x08005500   0x00000046   Code   RO         5786    i.putc_bfd          ff.o
    0x08005546   0x00000002   PAD
    0x08005548   0x000000bc   Code   RO         1752    i.pvPortMalloc      heap_4.o
    0x08005604   0x00000020   Code   RO         1681    i.pxPortInitialiseStack  port.o
    0x08005624   0x0000004c   Code   RO         6071    i.rcvr_datablock    fatfs_sd.o
    0x08005670   0x00000062   Code   RO         5787    i.remove_chain      ff.o
    0x080056d2   0x00000002   PAD
    0x080056d4   0x00000028   Code   RO         6072    i.select            fatfs_sd.o
    0x080056fc   0x00000086   Code   RO         6073    i.send_cmd          fatfs_sd.o
    0x08005782   0x00000010   Code   RO         5788    i.st_clust          ff.o
    0x08005792   0x0000001a   Code   RO         5789    i.sum_sfn           ff.o
    0x080057ac   0x000000b0   Code   RO         5790    i.sync_fs           ff.o
    0x0800585c   0x00000052   Code   RO         5791    i.sync_window       ff.o
    0x080058ae   0x00000024   Code   RO         1814    i.uxListRemove      list.o
    0x080058d2   0x00000016   Code   RO         1815    i.vListInitialise   list.o
    0x080058e8   0x00000006   Code   RO         1816    i.vListInitialiseItem  list.o
    0x080058ee   0x00000030   Code   RO         1817    i.vListInsert       list.o
    0x0800591e   0x00000018   Code   RO         1818    i.vListInsertEnd    list.o
    0x08005936   0x00000002   PAD
    0x08005938   0x00000034   Code   RO         1683    i.vPortEnterCritical  port.o
    0x0800596c   0x00000024   Code   RO         1684    i.vPortExitCritical  port.o
    0x08005990   0x00000048   Code   RO         1753    i.vPortFree         heap_4.o
    0x080059d8   0x00000020   Code   RO         1685    i.vPortSetupTimerInterrupt  port.o
    0x080059f8   0x00000018   Code   RO         1687    i.vPortYield        port.o
    0x08005a10   0x00000050   Code   RO         2134    i.vTaskDelay        tasks.o
    0x08005a60   0x0000004c   Code   RO         2145    i.vTaskStartScheduler  tasks.o
    0x08005aac   0x00000010   Code   RO         2147    i.vTaskSuspendAll   tasks.o
    0x08005abc   0x00000054   Code   RO         2148    i.vTaskSwitchContext  tasks.o
    0x08005b10   0x00000026   Code   RO         5792    i.validate          ff.o
    0x08005b36   0x00000002   PAD
    0x08005b38   0x00000020   Code   RO         6074    i.wait_ready        fatfs_sd.o
    0x08005b58   0x00000074   Code   RO         1688    i.xPortStartScheduler  port.o
    0x08005bcc   0x00000024   Code   RO         1689    i.xPortSysTickHandler  port.o
    0x08005bf0   0x00000184   Code   RO         2150    i.xTaskGenericCreate  tasks.o
    0x08005d74   0x0000001c   Code   RO         2152    i.xTaskGetSchedulerState  tasks.o
    0x08005d90   0x000000c0   Code   RO         2155    i.xTaskIncrementTick  tasks.o
    0x08005e50   0x000000ac   Code   RO         2159    i.xTaskResumeAll    tasks.o
    0x08005efc   0x0000000c   Code   RO         6075    i.xchg_spi          fatfs_sd.o
    0x08005f08   0x00000050   Code   RO         6076    i.xmit_datablock    fatfs_sd.o
    0x08005f58   0x00000028   Data   RO         1084    .constdata          main.o
    0x08005f80   0x00000010   Data   RO         2599    .constdata          stm32f1xx_hal_rcc.o
    0x08005f90   0x0000008d   Data   RO         5794    .constdata          ff.o
    0x0800601d   0x00000001   PAD
    0x0800601e   0x000004c0   Data   RO         6183    .constdata          unicode.o
    0x080064de   0x00000002   PAD
    0x080064e0   0x00000018   Data   RO         1085    .conststring        main.o
    0x080064f8   0x00000020   Data   RO         6548    Region$$Table       anon$$obj.o


    Execution Region RW_IRAM1 (Base: 0x20000000, Size: 0x00001fa8, Max: 0x00005000, ABSOLUTE)

    Base Addr    Size         Type   Attr      Idx    E Section Name        Object

    0x20000000   0x00000001   Data   RW          446    .data               usbd_ctlreq.o
    0x20000001   0x00000003   PAD
    0x20000004   0x00000018   Data   RW         1086    .data               main.o
    0x2000001c   0x00000004   Data   RW         1302    .data               tm_stm32f4_delay.o
    0x20000020   0x00000004   Data   RW         1303    .data               tm_stm32f4_delay.o
    0x20000024   0x00000014   Data   RW         1341    .data               system_stm32f1xx.o
    0x20000038   0x0000000c   Data   RW         1690    .data               port.o
    0x20000044   0x00000018   Data   RW         1758    .data               heap_4.o
    0x2000005c   0x00000038   Data   RW         2162    .data               tasks.o
    0x20000094   0x00000001   Data   RW         4874    .data               stm32f1xx_hal_spi_ex.o
    0x20000095   0x00000003   PAD
    0x20000098   0x00000004   Data   RW         5001    .data               stm32f1xx_hal.o
    0x2000009c   0x0000000c   Data   RW         5795    .data               ff.o
    0x200000a8   0x00000002   Data   RW         6077    .data               fatfs_sd.o
    0x200000aa   0x00000002   PAD
    0x200000ac   0x0000063c   Zero   RW          886    .bss                usbd_conf.o
    0x200006e8   0x000005d0   Zero   RW         1082    .bss                main.o
    0x20000cb8   0x00000c00   Zero   RW         1757    .bss                heap_4.o
    0x200018b8   0x000000f0   Zero   RW         2161    .bss                tasks.o
    0x200019a8   0x00000200   Zero   RW         5793    .bss                ff.o
    0x20001ba8   0x00000400   Zero   RW          500    STACK               startup_stm32f103xb.o


==============================================================================

Image component sizes


      Code (inc. data)   RO Data    RW Data    ZI Data      Debug   Object Name

       112          0          0          0          0       7616   cmsis_os.o
       120          4          0          0          0       3496   diskio.o
      1550         78          0          2          0      10480   fatfs_sd.o
      5436         76        141         12        512      26560   ff.o
       412         24          0         24       3072       5443   heap_4.o
       136          0          0          0          0       3170   list.o
      1158        152         64         24       1488      10249   main.o
       514         68          0         12          0       7809   port.o
        36          8        236          0       1024        884   startup_stm32f103xb.o
       120         16          0          4          0       3550   stm32f1xx_hal.o
       694         20          0          0          0       2920   stm32f1xx_hal_adc.o
       588         14          0          0          0       1598   stm32f1xx_hal_adc_ex.o
       196         14          0          0          0      25224   stm32f1xx_hal_cortex.o
       472         36          0          0          0       3820   stm32f1xx_hal_gpio.o
       220          8          0          0          0       2027   stm32f1xx_hal_i2c.o
       436         80          0          0          0       3784   stm32f1xx_hal_msp.o
      1524          0          0          0          0       6467   stm32f1xx_hal_pcd.o
        24          4          0          0          0        511   stm32f1xx_hal_pwr.o
      2014         76         16          0          0       4858   stm32f1xx_hal_rcc.o
      1188         56          0          0          0       3655   stm32f1xx_hal_rcc_ex.o
       922         14          0          0          0       8476   stm32f1xx_hal_rtc.o
       136          4          0          1          0       1322   stm32f1xx_hal_spi_ex.o
       828         34          0          0          0       7702   stm32f1xx_hal_tim.o
       146          0          0          0          0       1900   stm32f1xx_hal_tim_ex.o
        56         16          0          0          0      19711   stm32f1xx_it.o
      1202          0          0          0          0       6810   stm32f1xx_ll_usb.o
         0          0          0          0          0        460   syscall.o
        72         16          0         20          0       1329   system_stm32f1xx.o
      1228         90          0         56        240      12134   tasks.o
         0          0          0          8          0        680   tm_stm32f4_delay.o
        52          4          0          0          0       3401   tm_stm32f4_fatfs.o
       106          0          0          0          0       2561   tm_stm32f4_spi.o
        92         12       1216          0          0       1631   unicode.o
         0          0          0          0          0      75288   usb_device.o
         0          0          0          0          0     220056   usbd_cdc.o
       240          6          0          0       1596       8028   usbd_conf.o
       514          0          0          0          0       6542   usbd_core.o
       888         30          0          1          0       5783   usbd_ctlreq.o
       102          0          0          0          0       3384   usbd_ioreq.o

    ----------------------------------------------------------------------
     23576        960       1708        172       7932     521319   Object Totals
         0          0         32          0          0          0   (incl. Generated)
        42          0          3          8          0          0   (incl. Padding)

    ----------------------------------------------------------------------

      Code (inc. data)   RO Data    RW Data    ZI Data      Debug   Library Member Name

         0          0          0          0          0          0   entry.o
         0          0          0          0          0          0   entry10a.o
         0          0          0          0          0          0   entry11a.o
         8          4          0          0          0          0   entry2.o
         4          0          0          0          0          0   entry5.o
         0          0          0          0          0          0   entry7b.o
         0          0          0          0          0          0   entry8b.o
         8          4          0          0          0          0   entry9a.o
        30          0          0          0          0          0   handlers.o
        36          8          0          0          0         68   init.o
        36          0          0          0          0         68   memcpya.o
        36          0          0          0          0        108   memseta.o
       390         10          0          0          0        252   printf1.o
        44          0          0          0          0         80   uidiv.o

    ----------------------------------------------------------------------
       596         26          0          0          0        576   Library Totals
         4          0          0          0          0          0   (incl. Padding)

    ----------------------------------------------------------------------

      Code (inc. data)   RO Data    RW Data    ZI Data      Debug   Library Name

       592         26          0          0          0        576   mc_w.l

    ----------------------------------------------------------------------
       596         26          0          0          0        576   Library Totals

    ----------------------------------------------------------------------

==============================================================================


      Code (inc. data)   RO Data    RW Data    ZI Data      Debug   

     24172        986       1708        172       7932     510503   Grand Totals
     24172        986       1708        172       7932     510503   ELF Image Totals
     24172        986       1708        172          0          0   ROM Totals

==============================================================================

    Total RO  Size (Code + RO Data)                25880 (  25.27kB)
    Total RW  Size (RW Data + ZI Data)              8104 (   7.91kB)
    Total ROM Size (Code + RO Data + RW Data)      26052 (  25.44kB)

==============================================================================

