Component: ARM Compiler 5.05 update 1 (build 106) Tool: armlink [4d0efa]

==============================================================================

Section Cross References

    usbd_cdc.o(i.USBD_CDC_DataOut) refers to usbd_conf.o(i.USBD_LL_GetRxDataSize) for USBD_LL_GetRxDataSize
    usbd_cdc.o(i.USBD_CDC_DeInit) refers to usbd_conf.o(i.USBD_LL_CloseEP) for USBD_LL_CloseEP
    usbd_cdc.o(i.USBD_CDC_DeInit) refers to usbd_conf.o(i.USBD_static_free) for USBD_static_free
    usbd_cdc.o(i.USBD_CDC_GetDeviceQualifierDescriptor) refers to usbd_cdc.o(.data) for .data
    usbd_cdc.o(i.USBD_CDC_GetFSCfgDesc) refers to usbd_cdc.o(.data) for .data
    usbd_cdc.o(i.USBD_CDC_GetHSCfgDesc) refers to usbd_cdc.o(.data) for .data
    usbd_cdc.o(i.USBD_CDC_GetOtherSpeedCfgDesc) refers to usbd_cdc.o(.data) for .data
    usbd_cdc.o(i.USBD_CDC_Init) refers to usbd_conf.o(i.USBD_LL_OpenEP) for USBD_LL_OpenEP
    usbd_cdc.o(i.USBD_CDC_Init) refers to usbd_conf.o(i.USBD_static_malloc) for USBD_static_malloc
    usbd_cdc.o(i.USBD_CDC_Init) refers to usbd_conf.o(i.USBD_LL_PrepareReceive) for USBD_LL_PrepareReceive
    usbd_cdc.o(i.USBD_CDC_ReceivePacket) refers to usbd_conf.o(i.USBD_LL_PrepareReceive) for USBD_LL_PrepareReceive
    usbd_cdc.o(i.USBD_CDC_Setup) refers to usbd_ioreq.o(i.USBD_CtlSendData) for USBD_CtlSendData
    usbd_cdc.o(i.USBD_CDC_Setup) refers to usbd_ioreq.o(i.USBD_CtlPrepareRx) for USBD_CtlPrepareRx
    usbd_cdc.o(i.USBD_CDC_TransmitPacket) refers to usbd_conf.o(i.USBD_LL_Transmit) for USBD_LL_Transmit
    usbd_cdc.o(.data) refers to usbd_cdc.o(i.USBD_CDC_Init) for USBD_CDC_Init
    usbd_cdc.o(.data) refers to usbd_cdc.o(i.USBD_CDC_DeInit) for USBD_CDC_DeInit
    usbd_cdc.o(.data) refers to usbd_cdc.o(i.USBD_CDC_Setup) for USBD_CDC_Setup
    usbd_cdc.o(.data) refers to usbd_cdc.o(i.USBD_CDC_EP0_RxReady) for USBD_CDC_EP0_RxReady
    usbd_cdc.o(.data) refers to usbd_cdc.o(i.USBD_CDC_DataIn) for USBD_CDC_DataIn
    usbd_cdc.o(.data) refers to usbd_cdc.o(i.USBD_CDC_DataOut) for USBD_CDC_DataOut
    usbd_cdc.o(.data) refers to usbd_cdc.o(i.USBD_CDC_GetHSCfgDesc) for USBD_CDC_GetHSCfgDesc
    usbd_cdc.o(.data) refers to usbd_cdc.o(i.USBD_CDC_GetFSCfgDesc) for USBD_CDC_GetFSCfgDesc
    usbd_cdc.o(.data) refers to usbd_cdc.o(i.USBD_CDC_GetOtherSpeedCfgDesc) for USBD_CDC_GetOtherSpeedCfgDesc
    usbd_cdc.o(.data) refers to usbd_cdc.o(i.USBD_CDC_GetDeviceQualifierDescriptor) for USBD_CDC_GetDeviceQualifierDescriptor
    usbd_ioreq.o(i.USBD_CtlContinueRx) refers to usbd_conf.o(i.USBD_LL_PrepareReceive) for USBD_LL_PrepareReceive
    usbd_ioreq.o(i.USBD_CtlContinueSendData) refers to usbd_conf.o(i.USBD_LL_Transmit) for USBD_LL_Transmit
    usbd_ioreq.o(i.USBD_CtlPrepareRx) refers to usbd_conf.o(i.USBD_LL_PrepareReceive) for USBD_LL_PrepareReceive
    usbd_ioreq.o(i.USBD_CtlReceiveStatus) refers to usbd_conf.o(i.USBD_LL_PrepareReceive) for USBD_LL_PrepareReceive
    usbd_ioreq.o(i.USBD_CtlSendData) refers to usbd_conf.o(i.USBD_LL_Transmit) for USBD_LL_Transmit
    usbd_ioreq.o(i.USBD_CtlSendStatus) refers to usbd_conf.o(i.USBD_LL_Transmit) for USBD_LL_Transmit
    usbd_ioreq.o(i.USBD_GetRxCount) refers to usbd_conf.o(i.USBD_LL_GetRxDataSize) for USBD_LL_GetRxDataSize
    usbd_core.o(i.USBD_DeInit) refers to usbd_conf.o(i.USBD_LL_Stop) for USBD_LL_Stop
    usbd_core.o(i.USBD_DeInit) refers to usbd_conf.o(i.USBD_LL_DeInit) for USBD_LL_DeInit
    usbd_core.o(i.USBD_Init) refers to usbd_conf.o(i.USBD_LL_Init) for USBD_LL_Init
    usbd_core.o(i.USBD_LL_DataInStage) refers to usbd_ioreq.o(i.USBD_CtlContinueSendData) for USBD_CtlContinueSendData
    usbd_core.o(i.USBD_LL_DataInStage) refers to usbd_ioreq.o(i.USBD_CtlReceiveStatus) for USBD_CtlReceiveStatus
    usbd_core.o(i.USBD_LL_DataOutStage) refers to usbd_ioreq.o(i.USBD_CtlContinueRx) for USBD_CtlContinueRx
    usbd_core.o(i.USBD_LL_DataOutStage) refers to usbd_ioreq.o(i.USBD_CtlSendStatus) for USBD_CtlSendStatus
    usbd_core.o(i.USBD_LL_Reset) refers to usbd_conf.o(i.USBD_LL_OpenEP) for USBD_LL_OpenEP
    usbd_core.o(i.USBD_LL_SetupStage) refers to usbd_ctlreq.o(i.USBD_ParseSetupRequest) for USBD_ParseSetupRequest
    usbd_core.o(i.USBD_LL_SetupStage) refers to usbd_conf.o(i.USBD_LL_StallEP) for USBD_LL_StallEP
    usbd_core.o(i.USBD_LL_SetupStage) refers to usbd_ctlreq.o(i.USBD_StdDevReq) for USBD_StdDevReq
    usbd_core.o(i.USBD_LL_SetupStage) refers to usbd_ctlreq.o(i.USBD_StdItfReq) for USBD_StdItfReq
    usbd_core.o(i.USBD_LL_SetupStage) refers to usbd_ctlreq.o(i.USBD_StdEPReq) for USBD_StdEPReq
    usbd_core.o(i.USBD_Start) refers to usbd_conf.o(i.USBD_LL_Start) for USBD_LL_Start
    usbd_core.o(i.USBD_Stop) refers to usbd_conf.o(i.USBD_LL_Stop) for USBD_LL_Stop
    usbd_ctlreq.o(i.USBD_CtlError) refers to usbd_conf.o(i.USBD_LL_StallEP) for USBD_LL_StallEP
    usbd_ctlreq.o(i.USBD_GetDescriptor) refers to usbd_ctlreq.o(i.USBD_CtlError) for USBD_CtlError
    usbd_ctlreq.o(i.USBD_GetDescriptor) refers to usbd_ioreq.o(i.USBD_CtlSendData) for USBD_CtlSendData
[...]
    i.HAL_TIM_OC_Init                        0x08002220   Section        0  stm32f1xx_hal_tim.o(i.HAL_TIM_OC_Init)
    i.HAL_TIM_OC_MspInit                     0x08002256   Section        0  stm32f1xx_hal_tim.o(i.HAL_TIM_OC_MspInit)
    i.HAL_TIM_PWM_ConfigChannel              0x08002258   Section        0  stm32f1xx_hal_tim.o(i.HAL_TIM_PWM_ConfigChannel)
    i.HAL_TIM_PWM_Init                       0x08002328   Section        0  stm32f1xx_hal_tim.o(i.HAL_TIM_PWM_Init)
    i.HAL_TIM_PWM_MspInit                    0x08002360   Section        0  stm32f1xx_hal_msp.o(i.HAL_TIM_PWM_MspInit)
    i.MX_ADC1_Init                           0x080023b8   Section        0  main.o(i.MX_ADC1_Init)
    MX_ADC1_Init                             0x080023b9   Thumb Code    80  main.o(i.MX_ADC1_Init)
    i.MX_GPIO_Init                           0x08002410   Section        0  main.o(i.MX_GPIO_Init)
    MX_GPIO_Init                             0x08002411   Thumb Code   150  main.o(i.MX_GPIO_Init)
    i.MX_RTC_Init                            0x080024b8   Section        0  main.o(i.MX_RTC_Init)
    MX_RTC_Init                              0x080024b9   Thumb Code    66  main.o(i.MX_RTC_Init)
    i.MX_SPI1_Init                           0x08002504   Section        0  main.o(i.MX_SPI1_Init)
    MX_SPI1_Init                             0x08002505   Thumb Code    46  main.o(i.MX_SPI1_Init)
    i.MX_TIM1_Init                           0x0800253c   Section        0  main.o(i.MX_TIM1_Init)
    MX_TIM1_Init                             0x0800253d   Thumb Code   124  main.o(i.MX_TIM1_Init)
    i.MX_USB_DEVICE_Init                     0x080025c0   Section        0  usb_device.o(i.MX_USB_DEVICE_Init)
    i.NVIC_SetPriority                       0x080025f8   Section        0  stm32f1xx_hal_cortex.o(i.NVIC_SetPriority)
    NVIC_SetPriority                         0x080025f9   Thumb Code    32  stm32f1xx_hal_cortex.o(i.NVIC_SetPriority)
    i.PCD_EP_ISR_Handler                     0x08002618   Section        0  stm32f1xx_hal_pcd.o(i.PCD_EP_ISR_Handler)
    PCD_EP_ISR_Handler                       0x08002619   Thumb Code   866  stm32f1xx_hal_pcd.o(i.PCD_EP_ISR_Handler)
    i.RTC_Bcd2ToByte                         0x0800297a   Section        0  stm32f1xx_hal_rtc.o(i.RTC_Bcd2ToByte)
    RTC_Bcd2ToByte                           0x0800297b   Thumb Code    18  stm32f1xx_hal_rtc.o(i.RTC_Bcd2ToByte)
    i.RTC_EnterInitMode                      0x0800298c   Section        0  stm32f1xx_hal_rtc.o(i.RTC_EnterInitMode)
    RTC_EnterInitMode                        0x0800298d   Thumb Code    52  stm32f1xx_hal_rtc.o(i.RTC_EnterInitMode)
    i.RTC_ExitInitMode                       0x080029c0   Section        0  stm32f1xx_hal_rtc.o(i.RTC_ExitInitMode)
    RTC_ExitInitMode                         0x080029c1   Thumb Code    54  stm32f1xx_hal_rtc.o(i.RTC_ExitInitMode)
    i.RTC_ReadAlarmCounter                   0x080029f6   Section        0  stm32f1xx_hal_rtc.o(i.RTC_ReadAlarmCounter)
    RTC_ReadAlarmCounter                     0x080029f7   Thumb Code    14  stm32f1xx_hal_rtc.o(i.RTC_ReadAlarmCounter)
    i.RTC_ReadTimeCounter                    0x08002a04   Section        0  stm32f1xx_hal_rtc.o(i.RTC_ReadTimeCounter)
    RTC_ReadTimeCounter                      0x08002a05   Thumb Code    32  stm32f1xx_hal_rtc.o(i.RTC_ReadTimeCounter)
    i.RTC_WeekDayNum                         0x08002a24   Section        0  stm32f1xx_hal_rtc.o(i.RTC_WeekDayNum)
    RTC_WeekDayNum                           0x08002a25   Thumb Code    86  stm32f1xx_hal_rtc.o(i.RTC_WeekDayNum)
    i.RTC_WriteAlarmCounter                  0x08002a7a   Section        0  stm32f1xx_hal_rtc.o(i.RTC_WriteAlarmCounter)
    RTC_WriteAlarmCounter                    0x08002a7b   Thumb Code    40  stm32f1xx_hal_rtc.o(i.RTC_WriteAlarmCounter)
    i.RTC_WriteTimeCounter                   0x08002aa2   Section        0  stm32f1xx_hal_rtc.o(i.RTC_WriteTimeCounter)
    RTC_WriteTimeCounter                     0x08002aa3   Thumb Code    40  stm32f1xx_hal_rtc.o(i.RTC_WriteTimeCounter)
    i.StartDefaultTask                       0x08002acc   Section        0  main.o(i.StartDefaultTask)
    i.SysTick_Handler                        0x08002b08   Section        0  stm32f1xx_it.o(i.SysTick_Handler)
    i.SystemClock_Config                     0x08002b16   Section        0  main.o(i.SystemClock_Config)
    i.SystemInit                             0x08002b80   Section        0  system_stm32f1xx.o(i.SystemInit)
    i.TIM_Base_SetConfig                     0x08002bc8   Section        0  stm32f1xx_hal_tim.o(i.TIM_Base_SetConfig)
    i.TIM_OC1_SetConfig                      0x08002c2c   Section        0  stm32f1xx_hal_tim.o(i.TIM_OC1_SetConfig)
    TIM_OC1_SetConfig                        0x08002c2d   Thumb Code    74  stm32f1xx_hal_tim.o(i.TIM_OC1_SetConfig)
    i.TIM_OC2_SetConfig                      0x08002c7c   Section        0  stm32f1xx_hal_tim.o(i.TIM_OC2_SetConfig)
    i.TIM_OC3_SetConfig                      0x08002cd4   Section        0  stm32f1xx_hal_tim.o(i.TIM_OC3_SetConfig)
    TIM_OC3_SetConfig                        0x08002cd5   Thumb Code    82  stm32f1xx_hal_tim.o(i.TIM_OC3_SetConfig)
    i.TIM_OC4_SetConfig                      0x08002d2c   Section        0  stm32f1xx_hal_tim.o(i.TIM_OC4_SetConfig)
    TIM_OC4_SetConfig                        0x08002d2d   Thumb Code    64  stm32f1xx_hal_tim.o(i.TIM_OC4_SetConfig)
    i.USBD_CDC_DataIn                        0x08002d70   Section        0  usbd_cdc.o(i.USBD_CDC_DataIn)
    USBD_CDC_DataIn                          0x08002d71   Thumb Code    20  usbd_cdc.o(i.USBD_CDC_DataIn)
    i.USBD_CDC_DataOut                       0x08002d84   Section        0  usbd_cdc.o(i.USBD_CDC_DataOut)
    USBD_CDC_DataOut                         0x08002d85   Thumb Code    46  usbd_cdc.o(i.USBD_CDC_DataOut)
    i.USBD_CDC_DeInit                        0x08002db2   Section        0  usbd_cdc.o(i.USBD_CDC_DeInit)
    USBD_CDC_DeInit                          0x08002db3   Thumb Code    60  usbd_cdc.o(i.USBD_CDC_DeInit)
    i.USBD_CDC_EP0_RxReady                   0x08002dee   Section        0  usbd_cdc.o(i.USBD_CDC_EP0_RxReady)
    USBD_CDC_EP0_RxReady                     0x08002def   Thumb Code    36  usbd_cdc.o(i.USBD_CDC_EP0_RxReady)
    i.USBD_CDC_GetDeviceQualifierDescriptor  0x08002e14   Section        0  usbd_cdc.o(i.USBD_CDC_GetDeviceQualifierDescriptor)
    i.USBD_CDC_GetFSCfgDesc                  0x08002e20   Section        0  usbd_cdc.o(i.USBD_CDC_GetFSCfgDesc)
    USBD_CDC_GetFSCfgDesc                    0x08002e21   Thumb Code     8  usbd_cdc.o(i.USBD_CDC_GetFSCfgDesc)
    i.USBD_CDC_GetHSCfgDesc                  0x08002e2c   Section        0  usbd_cdc.o(i.USBD_CDC_GetHSCfgDesc)
    USBD_CDC_GetHSCfgDesc                    0x08002e2d   Thumb Code     8  usbd_cdc.o(i.USBD_CDC_GetHSCfgDesc)
    i.USBD_CDC_GetOtherSpeedCfgDesc          0x08002e38   Section        0  usbd_cdc.o(i.USBD_CDC_GetOtherSpeedCfgDesc)
    USBD_CDC_GetOtherSpeedCfgDesc            0x08002e39   Thumb Code     8  usbd_cdc.o(i.USBD_CDC_GetOtherSpeedCfgDesc)
    i.USBD_CDC_Init                          0x08002e44   Section        0  usbd_cdc.o(i.USBD_CDC_Init)
    USBD_CDC_Init                            0x08002e45   Thumb Code   136  usbd_cdc.o(i.USBD_CDC_Init)
    i.USBD_CDC_RegisterInterface             0x08002ecc   Section        0  usbd_cdc.o(i.USBD_CDC_RegisterInterface)
    i.USBD_CDC_SetRxBuffer                   0x08002edc   Section        0  usbd_cdc.o(i.USBD_CDC_SetRxBuffer)
    i.USBD_CDC_SetTxBuffer                   0x08002ee8   Section        0  usbd_cdc.o(i.USBD_CDC_SetTxBuffer)
    i.USBD_CDC_Setup                         0x08002ef8   Section        0  usbd_cdc.o(i.USBD_CDC_Setup)
    USBD_CDC_Setup                           0x08002ef9   Thumb Code    92  usbd_cdc.o(i.USBD_CDC_Setup)
    i.USBD_CDC_TransmitPacket                0x08002f54   Section        0  usbd_cdc.o(i.USBD_CDC_TransmitPacket)
    i.USBD_ClrClassConfig                    0x08002f84   Section        0  usbd_core.o(i.USBD_ClrClassConfig)
    i.USBD_CtlContinueRx                     0x08002f92   Section        0  usbd_ioreq.o(i.USBD_CtlContinueRx)
    i.USBD_CtlContinueSendData               0x08002fa2   Section        0  usbd_ioreq.o(i.USBD_CtlContinueSendData)
    i.USBD_CtlError                          0x08002fb2   Section        0  usbd_ctlreq.o(i.USBD_CtlError)
    i.USBD_CtlPrepareRx                      0x08002fc8   Section        0  usbd_ioreq.o(i.USBD_CtlPrepareRx)
    i.USBD_CtlReceiveStatus                  0x08002fe6   Section        0  usbd_ioreq.o(i.USBD_CtlReceiveStatus)
    i.USBD_CtlSendData                       0x08002ffc   Section        0  usbd_ioreq.o(i.USBD_CtlSendData)
    i.USBD_CtlSendStatus                     0x08003016   Section        0  usbd_ioreq.o(i.USBD_CtlSendStatus)
    i.USBD_FS_ConfigStrDescriptor            0x0800302c   Section        0  usbd_desc.o(i.USBD_FS_ConfigStrDescriptor)
    i.USBD_FS_DeviceDescriptor               0x0800304c   Section        0  usbd_desc.o(i.USBD_FS_DeviceDescriptor)
    i.USBD_FS_InterfaceStrDescriptor         0x08003058   Section        0  usbd_desc.o(i.USBD_FS_InterfaceStrDescriptor)
    i.USBD_FS_LangIDStrDescriptor            0x0800307c   Section        0  usbd_desc.o(i.USBD_FS_LangIDStrDescriptor)
    i.USBD_FS_ManufacturerStrDescriptor      0x08003088   Section        0  usbd_desc.o(i.USBD_FS_ManufacturerStrDescriptor)
    i.USBD_FS_ProductStrDescriptor           0x080030b0   Section        0  usbd_desc.o(i.USBD_FS_ProductStrDescriptor)
    i.USBD_FS_SerialStrDescriptor            0x080030dc   Section        0  usbd_desc.o(i.USBD_FS_SerialStrDescriptor)
    i.USBD_GetDescriptor                     0x08003100   Section        0  usbd_ctlreq.o(i.USBD_GetDescriptor)
    USBD_GetDescriptor                       0x08003101   Thumb Code   224  usbd_ctlreq.o(i.USBD_GetDescriptor)
    i.USBD_GetString                         0x080031e0   Section        0  usbd_ctlreq.o(i.USBD_GetString)
    i.USBD_Init                              0x08003226   Section        0  usbd_core.o(i.USBD_Init)
    i.USBD_LL_ClearStallEP                   0x08003250   Section        0  usbd_conf.o(i.USBD_LL_ClearStallEP)
    i.USBD_LL_CloseEP                        0x0800325e   Section        0  usbd_conf.o(i.USBD_LL_CloseEP)
    i.USBD_LL_DataInStage                    0x0800326c   Section        0  usbd_core.o(i.USBD_LL_DataInStage)
    i.USBD_LL_DataOutStage                   0x0800330c   Section        0  usbd_core.o(i.USBD_LL_DataOutStage)
    i.USBD_LL_GetRxDataSize                  0x08003376   Section        0  usbd_conf.o(i.USBD_LL_GetRxDataSize)
    i.USBD_LL_Init                           0x08003380   Section        0  usbd_conf.o(i.USBD_LL_Init)
    i.USBD_LL_IsStallEP                      0x080033fc   Section        0  usbd_conf.o(i.USBD_LL_IsStallEP)
    i.USBD_LL_OpenEP                         0x08003418   Section        0  usbd_conf.o(i.USBD_LL_OpenEP)
    i.USBD_LL_PrepareReceive                 0x0800342c   Section        0  usbd_conf.o(i.USBD_LL_PrepareReceive)
    i.USBD_LL_Reset                          0x0800343a   Section        0  usbd_core.o(i.USBD_LL_Reset)
    i.USBD_LL_Resume                         0x08003478   Section        0  usbd_core.o(i.USBD_LL_Resume)
    i.USBD_LL_SOF                            0x08003484   Section        0  usbd_core.o(i.USBD_LL_SOF)
    i.USBD_LL_SetSpeed                       0x0800349c   Section        0  usbd_core.o(i.USBD_LL_SetSpeed)
    i.USBD_LL_SetUSBAddress                  0x080034a2   Section        0  usbd_conf.o(i.USBD_LL_SetUSBAddress)
    i.USBD_LL_SetupStage                     0x080034b0   Section        0  usbd_core.o(i.USBD_LL_SetupStage)
    i.USBD_LL_StallEP                        0x0800350a   Section        0  usbd_conf.o(i.USBD_LL_StallEP)
    i.USBD_LL_Start                          0x08003518   Section        0  usbd_conf.o(i.USBD_LL_Start)
    i.USBD_LL_Suspend                        0x08003526   Section        0  usbd_core.o(i.USBD_LL_Suspend)
    i.USBD_LL_Transmit                       0x08003538   Section        0  usbd_conf.o(i.USBD_LL_Transmit)
    i.USBD_ParseSetupRequest                 0x08003546   Section        0  usbd_ctlreq.o(i.USBD_ParseSetupRequest)
    i.USBD_RegisterClass                     0x0800356e   Section        0  usbd_core.o(i.USBD_RegisterClass)
    i.USBD_SetClassConfig                    0x0800357e   Section        0  usbd_core.o(i.USBD_SetClassConfig)
    i.USBD_SetConfig                         0x08003594   Section        0  usbd_ctlreq.o(i.USBD_SetConfig)
    USBD_SetConfig                           0x08003595   Thumb Code   110  usbd_ctlreq.o(i.USBD_SetConfig)
    i.USBD_Start                             0x08003608   Section        0  usbd_core.o(i.USBD_Start)
    i.USBD_StdDevReq                         0x08003612   Section        0  usbd_ctlreq.o(i.USBD_StdDevReq)
    i.USBD_StdEPReq                          0x08003704   Section        0  usbd_ctlreq.o(i.USBD_StdEPReq)
    i.USBD_StdItfReq                         0x080037c4   Section        0  usbd_ctlreq.o(i.USBD_StdItfReq)
    i.USBD_static_free                       0x080037f8   Section        0  usbd_conf.o(i.USBD_static_free)
    i.USBD_static_malloc                     0x080037fc   Section        0  usbd_conf.o(i.USBD_static_malloc)
    i.USB_ActivateEndpoint                   0x08003804   Section        0  stm32f1xx_ll_usb.o(i.USB_ActivateEndpoint)
    i.USB_CoreInit                           0x08003a60   Section        0  stm32f1xx_ll_usb.o(i.USB_CoreInit)
    i.USB_DeactivateEndpoint                 0x08003a64   Section        0  stm32f1xx_ll_usb.o(i.USB_DeactivateEndpoint)
    i.USB_DevConnect                         0x08003b88   Section        0  stm32f1xx_ll_usb.o(i.USB_DevConnect)
    i.USB_DevDisconnect                      0x08003b8c   Section        0  stm32f1xx_ll_usb.o(i.USB_DevDisconnect)
    i.USB_DevInit                            0x08003b90   Section        0  stm32f1xx_ll_usb.o(i.USB_DevInit)
    i.USB_DisableGlobalInt                   0x08003ba2   Section        0  stm32f1xx_ll_usb.o(i.USB_DisableGlobalInt)
    i.USB_EP0_OutStart                       0x08003bb0   Section        0  stm32f1xx_ll_usb.o(i.USB_EP0_OutStart)
    i.USB_EPClearStall                       0x08003bb4   Section        0  stm32f1xx_ll_usb.o(i.USB_EPClearStall)
    i.USB_EPSetStall                         0x08003c1e   Section        0  stm32f1xx_ll_usb.o(i.USB_EPSetStall)
    i.USB_EPStartXfer                        0x08003c68   Section        0  stm32f1xx_ll_usb.o(i.USB_EPStartXfer)
    i.USB_EnableGlobalInt                    0x08003db0   Section        0  stm32f1xx_ll_usb.o(i.USB_EnableGlobalInt)
    i.USB_LP_CAN1_RX0_IRQHandler             0x08003dc0   Section        0  stm32f1xx_it.o(i.USB_LP_CAN1_RX0_IRQHandler)
    i.USB_ReadInterrupts                     0x08003dcc   Section        0  stm32f1xx_ll_usb.o(i.USB_ReadInterrupts)
    i.USB_ReadPMA                            0x08003dd4   Section        0  stm32f1xx_ll_usb.o(i.USB_ReadPMA)
    i.USB_SetCurrentMode                     0x08003df2   Section        0  stm32f1xx_ll_usb.o(i.USB_SetCurrentMode)
    i.USB_SetDevAddress                      0x08003df6   Section        0  stm32f1xx_ll_usb.o(i.USB_SetDevAddress)
    i.USB_WritePMA                           0x08003e02   Section        0  stm32f1xx_ll_usb.o(i.USB_WritePMA)
    i.Work_with_ADC                          0x08003e28   Section        0  main.o(i.Work_with_ADC)
    i.__0sprintf$1                           0x08003ea0   Section        0  printf1.o(i.__0sprintf$1)
    i.__scatterload_copy                     0x08003ec8   Section       14  handlers.o(i.__scatterload_copy)
    i.__scatterload_null                     0x08003ed6   Section        2  handlers.o(i.__scatterload_null)
    i.__scatterload_zeroinit                 0x08003ed8   Section       14  handlers.o(i.__scatterload_zeroinit)
    i._printf_core                           0x08003ee8   Section        0  printf1.o(i._printf_core)
    _printf_core                             0x08003ee9   Thumb Code   336  printf1.o(i._printf_core)
    i._sputc                                 0x0800403c   Section        0  printf1.o(i._sputc)
    _sputc                                   0x0800403d   Thumb Code    10  printf1.o(i._sputc)
    i.free                                   0x08004048   Section        0  malloc.o(i.free)
    i.main                                   0x08004098   Section        0  main.o(i.main)
    i.makeFreeRtosPriority                   0x08004108   Section        0  cmsis_os.o(i.makeFreeRtosPriority)
    makeFreeRtosPriority                     0x08004109   Thumb Code    12  cmsis_os.o(i.makeFreeRtosPriority)
    i.osDelay                                0x08004114   Section        0  cmsis_os.o(i.osDelay)
    i.osKernelStart                          0x08004122   Section        0  cmsis_os.o(i.osKernelStart)
    i.osSystickHandler                       0x0800412c   Section        0  cmsis_os.o(i.osSystickHandler)
    i.osThreadCreate                         0x08004140   Section        0  cmsis_os.o(i.osThreadCreate)
    i.prvAddCurrentTaskToDelayedList         0x08004178   Section        0  tasks.o(i.prvAddCurrentTaskToDelayedList)
    prvAddCurrentTaskToDelayedList           0x08004179   Thumb Code    48  tasks.o(i.prvAddCurrentTaskToDelayedList)
    i.prvCheckTasksWaitingTermination        0x080041ac   Section        0  tasks.o(i.prvCheckTasksWaitingTermination)
    prvCheckTasksWaitingTermination          0x080041ad   Thumb Code    76  tasks.o(i.prvCheckTasksWaitingTermination)
    i.prvHeapInit                            0x08004200   Section        0  heap_4.o(i.prvHeapInit)
    prvHeapInit                              0x08004201   Thumb Code    66  heap_4.o(i.prvHeapInit)
    i.prvIdleTask                            0x0800424c   Section        0  tasks.o(i.prvIdleTask)
    prvIdleTask                              0x0800424d   Thumb Code    20  tasks.o(i.prvIdleTask)
    i.prvInsertBlockIntoFreeList             0x08004264   Section        0  heap_4.o(i.prvInsertBlockIntoFreeList)
    prvInsertBlockIntoFreeList               0x08004265   Thumb Code    72  heap_4.o(i.prvInsertBlockIntoFreeList)
    i.prvResetNextTaskUnblockTime            0x080042b0   Section        0  tasks.o(i.prvResetNextTaskUnblockTime)
    prvResetNextTaskUnblockTime              0x080042b1   Thumb Code    26  tasks.o(i.prvResetNextTaskUnblockTime)
    i.prvTaskExitError                       0x080042d0   Section        0  port.o(i.prvTaskExitError)
    prvTaskExitError                         0x080042d1   Thumb Code    20  port.o(i.prvTaskExitError)
    i.pvPortMalloc                           0x080042e8   Section        0  heap_4.o(i.pvPortMalloc)
    i.pxPortInitialiseStack                  0x080043a4   Section        0  port.o(i.pxPortInitialiseStack)
    i.uxListRemove                           0x080043c4   Section        0  list.o(i.uxListRemove)
    i.vListInitialise                        0x080043e8   Section        0  list.o(i.vListInitialise)
    i.vListInitialiseItem                    0x080043fe   Section        0  list.o(i.vListInitialiseItem)
    i.vListInsert                            0x08004404   Section        0  list.o(i.vListInsert)
    i.vListInsertEnd                         0x08004434   Section        0  list.o(i.vListInsertEnd)
    i.vPortEnterCritical                     0x0800444c   Section        0  port.o(i.vPortEnterCritical)
    i.vPortExitCritical                      0x08004480   Section        0  port.o(i.vPortExitCritical)
    i.vPortFree                              0x080044a4   Section        0  heap_4.o(i.vPortFree)
    i.vPortSetupTimerInterrupt               0x080044ec   Section        0  port.o(i.vPortSetupTimerInterrupt)
    i.vPortYield                             0x0800450c   Section        0  port.o(i.vPortYield)
    i.vTaskDelay                             0x08004524   Section        0  tasks.o(i.vTaskDelay)
    i.vTaskStartScheduler                    0x08004574   Section        0  tasks.o(i.vTaskStartScheduler)
    i.vTaskSuspendAll                        0x080045c0   Section        0  tasks.o(i.vTaskSuspendAll)
    i.vTaskSwitchContext                     0x080045d0   Section        0  tasks.o(i.vTaskSwitchContext)
    i.xPortStartScheduler                    0x08004624   Section        0  port.o(i.xPortStartScheduler)
    i.xPortSysTickHandler                    0x08004698   Section        0  port.o(i.xPortSysTickHandler)
    i.xTaskGenericCreate                     0x080046bc   Section        0  tasks.o(i.xTaskGenericCreate)
    i.xTaskGetSchedulerState                 0x08004840   Section        0  tasks.o(i.xTaskGetSchedulerState)
    i.xTaskIncrementTick                     0x0800485c   Section        0  tasks.o(i.xTaskIncrementTick)
    i.xTaskResumeAll                         0x0800491c   Section        0  tasks.o(i.xTaskResumeAll)
    .constdata                               0x080049c8   Section       20  main.o(.constdata)
    .constdata                               0x080049dc   Section       16  stm32f1xx_hal_rcc.o(.constdata)
    .conststring                             0x080049ec   Section       12  main.o(.conststring)
    .data                                    0x20000000   Section      215  usbd_cdc.o(.data)
    USBD_CDC_DeviceQualifierDesc             0x20000000   Data          10  usbd_cdc.o(.data)
    .data                                    0x200000d8   Section       56  usbd_cdc.o(.data)
    .data                                    0x20000110   Section        1  usbd_ctlreq.o(.data)
    cfgidx                                   0x20000110   Data           1  usbd_ctlreq.o(.data)
    .data                                    0x20000114   Section       28  usbd_desc.o(.data)
    .data                                    0x20000130   Section       22  usbd_desc.o(.data)
    .data                                    0x20000148   Section       16  usbd_cdc_if.o(.data)
    .data                                    0x20000158   Section       12  usbd_cdc_if.o(.data)
    .data                                    0x20000164   Section       12  main.o(.data)
    .data                                    0x20000170   Section       20  system_stm32f1xx.o(.data)
    .data                                    0x20000184   Section       12  port.o(.data)
    ucMaxSysCallPriority                     0x20000184   Data           1  port.o(.data)
    uxCriticalNesting                        0x20000188   Data           4  port.o(.data)
    ulMaxPRIGROUPValue                       0x2000018c   Data           4  port.o(.data)
    .data                                    0x20000190   Section       24  heap_4.o(.data)
    pxEnd                                    0x20000190   Data           4  heap_4.o(.data)
    xFreeBytesRemaining                      0x20000194   Data           4  heap_4.o(.data)
    xMinimumEverFreeBytesRemaining           0x20000198   Data           4  heap_4.o(.data)
    xBlockAllocatedBit                       0x2000019c   Data           4  heap_4.o(.data)
    xStart                                   0x200001a0   Data           8  heap_4.o(.data)
    .data                                    0x200001a8   Section       56  tasks.o(.data)
    uxTasksDeleted                           0x200001ac   Data           4  tasks.o(.data)
    uxCurrentNumberOfTasks                   0x200001b0   Data           4  tasks.o(.data)
    xTickCount                               0x200001b4   Data           4  tasks.o(.data)
    uxTopReadyPriority                       0x200001b8   Data           4  tasks.o(.data)
    xSchedulerRunning                        0x200001bc   Data           4  tasks.o(.data)
    uxPendedTicks                            0x200001c0   Data           4  tasks.o(.data)
    xYieldPending                            0x200001c4   Data           4  tasks.o(.data)
    xNumOfOverflows                          0x200001c8   Data           4  tasks.o(.data)
    uxTaskNumber                             0x200001cc   Data           4  tasks.o(.data)
    xNextTaskUnblockTime                     0x200001d0   Data           4  tasks.o(.data)
    uxSchedulerSuspended                     0x200001d4   Data           4  tasks.o(.data)
    pxDelayedTaskList                        0x200001d8   Data           4  tasks.o(.data)
    pxOverflowDelayedTaskList                0x200001dc   Data           4  tasks.o(.data)
    .data                                    0x200001e0   Section        1  stm32f1xx_hal_spi_ex.o(.data)
    .data                                    0x200001e4   Section        4  stm32f1xx_hal.o(.data)
    uwTick                                   0x200001e4   Data           4  stm32f1xx_hal.o(.data)
    .data                                    0x200001e8   Section        4  mvars.o(.data)
    .bss                                     0x200001ec   Section      548  usb_device.o(.bss)
    .bss                                     0x20000410   Section      512  usbd_desc.o(.bss)
    .bss                                     0x20000610   Section     1596  usbd_conf.o(.bss)
    mem                                      0x20000610   Data         540  usbd_conf.o(.bss)
    .bss                                     0x20000c4c   Section      276  main.o(.bss)
    .bss                                     0x20000d60   Section     3072  heap_4.o(.bss)
    ucHeap                                   0x20000d60   Data        3072  heap_4.o(.bss)
    .bss                                     0x20001960   Section      240  tasks.o(.bss)
    pxReadyTasksLists                        0x20001960   Data         140  tasks.o(.bss)
    xDelayedTaskList1                        0x200019ec   Data          20  tasks.o(.bss)
    xDelayedTaskList2                        0x20001a00   Data          20  tasks.o(.bss)
    xPendingReadyList                        0x20001a14   Data          20  tasks.o(.bss)
    xTasksWaitingTermination                 0x20001a28   Data          20  tasks.o(.bss)
    xSuspendedTaskList                       0x20001a3c   Data          20  tasks.o(.bss)
    STACK                                    0x20001a50   Section     1024  startup_stm32f103xb.o(STACK)

    Global Symbols

    Symbol Name                              Value     Ov Type        Size  Object(Section)

    BuildAttributes$$THM_ISAv4$P$D$K$B$S$PE$A:L22UL41UL21$X:L11$S22US41US21$IEEE1$IW$USESV6$~STKCKD$USESV7$~SHL$OSPACE$ROPI$EBA8$MICROLIB$REQ8$PRES8$EABIv2 0x00000000   Number         0  anon$$obj.o ABSOLUTE
    __ARM_use_no_argv                        0x00000000   Number         0  main.o ABSOLUTE
    _printf_a                                0x00000000   Number         0  stubs.o ABSOLUTE
    _printf_c                                0x00000000   Number         0  stubs.o ABSOLUTE
    _printf_charcount                        0x00000000   Number         0  stubs.o ABSOLUTE
    _printf_d                                0x00000000   Number         0  stubs.o ABSOLUTE
    _printf_e                                0x00000000   Number         0  stubs.o ABSOLUTE
    _printf_f                                0x00000000   Number         0  stubs.o ABSOLUTE
    _printf_flags                            0x00000000   Number         0  stubs.o ABSOLUTE
    _printf_fp_dec                           0x00000000   Number         0  stubs.o ABSOLUTE
    _printf_fp_hex                           0x00000000   Number         0  stubs.o ABSOLUTE
    _printf_g                                0x00000000   Number         0  stubs.o ABSOLUTE
    _printf_i                                0x00000000   Number         0  stubs.o ABSOLUTE
    _printf_int_dec                          0x00000000   Number         0  stubs.o ABSOLUTE
    _printf_l                                0x00000000   Number         0  stubs.o ABSOLUTE
    _printf_lc                               0x00000000   Number         0  stubs.o ABSOLUTE
    _printf_ll                               0x00000000   Number         0  stubs.o ABSOLUTE
    _printf_lld                              0x00000000   Number         0  stubs.o ABSOLUTE
    _printf_lli                              0x00000000   Number         0  stubs.o ABSOLUTE
    _printf_llo                              0x00000000   Number         0  stubs.o ABSOLUTE
    _printf_llu                              0x00000000   Number         0  stubs.o ABSOLUTE
    _printf_llx                              0x00000000   Number         0  stubs.o ABSOLUTE
    _printf_longlong_dec                     0x00000000   Number         0  stubs.o ABSOLUTE
    _printf_longlong_hex                     0x00000000   Number         0  stubs.o ABSOLUTE
    _printf_longlong_oct                     0x00000000   Number         0  stubs.o ABSOLUTE
    _printf_ls                               0x00000000   Number         0  stubs.o ABSOLUTE
    _printf_mbtowc                           0x00000000   Number         0  stubs.o ABSOLUTE
    _printf_n                                0x00000000   Number         0  stubs.o ABSOLUTE
    _printf_o                                0x00000000   Number         0  stubs.o ABSOLUTE
    _printf_p                                0x00000000   Number         0  stubs.o ABSOLUTE
    _printf_percent                          0x00000000   Number         0  stubs.o ABSOLUTE
    _printf_pre_padding                      0x00000000   Number         0  stubs.o ABSOLUTE
    _printf_return_value                     0x00000000   Number         0  stubs.o ABSOLUTE
    _printf_s                                0x00000000   Number         0  stubs.o ABSOLUTE
    _printf_sizespec                         0x00000000   Number         0  stubs.o ABSOLUTE
    _printf_str                              0x00000000   Number         0  stubs.o ABSOLUTE
    _printf_truncate_signed                  0x00000000   Number         0  stubs.o ABSOLUTE
    _printf_truncate_unsigned                0x00000000   Number         0  stubs.o ABSOLUTE
    _printf_u                                0x00000000   Number         0  stubs.o ABSOLUTE
    _printf_wc                               0x00000000   Number         0  stubs.o ABSOLUTE
    _printf_wctomb                           0x00000000   Number         0  stubs.o ABSOLUTE
    _printf_widthprec                        0x00000000   Number         0  stubs.o ABSOLUTE
    _printf_x                                0x00000000   Number         0  stubs.o ABSOLUTE
    __cpp_initialize__aeabi_                  - Undefined Weak Reference
    __cxa_finalize                            - Undefined Weak Reference
    _clock_init                               - Undefined Weak Reference
    _microlib_exit                            - Undefined Weak Reference
    __Vectors_Size                           0x000000ec   Number         0  startup_stm32f103xb.o ABSOLUTE
    __Vectors                                0x08000000   Data           4  startup_stm32f103xb.o(RESET)
    __Vectors_End                            0x080000ec   Data           0  startup_stm32f103xb.o(RESET)
    __main                                   0x080000ed   Thumb Code     0  entry.o(.ARM.Collect$$$$00000000)
    _main_stk                                0x080000ed   Thumb Code     0  entry2.o(.ARM.Collect$$$$00000001)
    _main_scatterload                        0x080000f1   Thumb Code     0  entry5.o(.ARM.Collect$$$$00000004)
    __main_after_scatterload                 0x080000f5   Thumb Code     0  entry5.o(.ARM.Collect$$$$00000004)
    _main_clock                              0x080000f5   Thumb Code     0  entry7b.o(.ARM.Collect$$$$00000008)
    _main_cpp_init                           0x080000f5   Thumb Code     0  entry8b.o(.ARM.Collect$$$$0000000A)
    _main_init                               0x080000f5   Thumb Code     0  entry9a.o(.ARM.Collect$$$$0000000B)
    __rt_final_cpp                           0x080000fd   Thumb Code     0  entry10a.o(.ARM.Collect$$$$0000000D)
    __rt_final_exit                          0x080000fd   Thumb Code     0  entry11a.o(.ARM.Collect$$$$0000000F)
    SVC_Handler                              0x08000101   Thumb Code    32  port.o(.emb_text)
    __asm___6_port_c_39a90d8d__prvStartFirstTask 0x08000125   Thumb Code    28  port.o(.emb_text)
    PendSV_Handler                           0x08000145   Thumb Code    64  port.o(.emb_text)
    ulPortSetInterruptMask                   0x08000189   Thumb Code    14  port.o(.emb_text)
    vPortClearInterruptMask                  0x08000197   Thumb Code     6  port.o(.emb_text)
    vPortGetIPSR                             0x0800019d   Thumb Code     6  port.o(.emb_text)
    Reset_Handler                            0x080001a5   Thumb Code     8  startup_stm32f103xb.o(.text)
    NMI_Handler                              0x080001ad   Thumb Code     2  startup_stm32f103xb.o(.text)
    HardFault_Handler                        0x080001af   Thumb Code     2  startup_stm32f103xb.o(.text)
    MemManage_Handler                        0x080001b1   Thumb Code     2  startup_stm32f103xb.o(.text)
    BusFault_Handler                         0x080001b3   Thumb Code     2  startup_stm32f103xb.o(.text)
    UsageFault_Handler                       0x080001b5   Thumb Code     2  startup_stm32f103xb.o(.text)
    DebugMon_Handler                         0x080001b9   Thumb Code     2  startup_stm32f103xb.o(.text)
    ADC1_2_IRQHandler                        0x080001bf   Thumb Code     0  startup_stm32f103xb.o(.text)
    CAN1_RX1_IRQHandler                      0x080001bf   Thumb Code     0  startup_stm32f103xb.o(.text)
    CAN1_SCE_IRQHandler                      0x080001bf   Thumb Code     0  startup_stm32f103xb.o(.text)
    DMA1_Channel1_IRQHandler                 0x080001bf   Thumb Code     0  startup_stm32f103xb.o(.text)
    DMA1_Channel2_IRQHandler                 0x080001bf   Thumb Code     0  startup_stm32f103xb.o(.text)
    DMA1_Channel3_IRQHandler                 0x080001bf   Thumb Code     0  startup_stm32f103xb.o(.text)
    DMA1_Channel4_IRQHandler                 0x080001bf   Thumb Code     0  startup_stm32f103xb.o(.text)
    DMA1_Channel5_IRQHandler                 0x080001bf   Thumb Code     0  startup_stm32f103xb.o(.text)
    DMA1_Channel6_IRQHandler                 0x080001bf   Thumb Code     0  startup_stm32f103xb.o(.text)
    DMA1_Channel7_IRQHandler                 0x080001bf   Thumb Code     0  startup_stm32f103xb.o(.text)
    EXTI0_IRQHandler                         0x080001bf   Thumb Code     0  startup_stm32f103xb.o(.text)
    EXTI15_10_IRQHandler                     0x080001bf   Thumb Code     0  startup_stm32f103xb.o(.text)
    EXTI1_IRQHandler                         0x080001bf   Thumb Code     0  startup_stm32f103xb.o(.text)
    EXTI2_IRQHandler                         0x080001bf   Thumb Code     0  startup_stm32f103xb.o(.text)
    EXTI3_IRQHandler                         0x080001bf   Thumb Code     0  startup_stm32f103xb.o(.text)
    EXTI4_IRQHandler                         0x080001bf   Thumb Code     0  startup_stm32f103xb.o(.text)
    EXTI9_5_IRQHandler                       0x080001bf   Thumb Code     0  startup_stm32f103xb.o(.text)
    FLASH_IRQHandler                         0x080001bf   Thumb Code     0  startup_stm32f103xb.o(.text)
    I2C1_ER_IRQHandler                       0x080001bf   Thumb Code     0  startup_stm32f103xb.o(.text)
    I2C1_EV_IRQHandler                       0x080001bf   Thumb Code     0  startup_stm32f103xb.o(.text)
    I2C2_ER_IRQHandler                       0x080001bf   Thumb Code     0  startup_stm32f103xb.o(.text)
    I2C2_EV_IRQHandler                       0x080001bf   Thumb Code     0  startup_stm32f103xb.o(.text)
    PVD_IRQHandler                           0x080001bf   Thumb Code     0  startup_stm32f103xb.o(.text)
    RCC_IRQHandler                           0x080001bf   Thumb Code     0  startup_stm32f103xb.o(.text)
    RTC_Alarm_IRQHandler                     0x080001bf   Thumb Code     0  startup_stm32f103xb.o(.text)
    RTC_IRQHandler                           0x080001bf   Thumb Code     0  startup_stm32f103xb.o(.text)
    SPI1_IRQHandler                          0x080001bf   Thumb Code     0  startup_stm32f103xb.o(.text)
    SPI2_IRQHandler                          0x080001bf   Thumb Code     0  startup_stm32f103xb.o(.text)
    TAMPER_IRQHandler                        0x080001bf   Thumb Code     0  startup_stm32f103xb.o(.text)
    TIM1_BRK_IRQHandler                      0x080001bf   Thumb Code     0  startup_stm32f103xb.o(.text)
    TIM1_CC_IRQHandler                       0x080001bf   Thumb Code     0  startup_stm32f103xb.o(.text)
    TIM1_TRG_COM_IRQHandler                  0x080001bf   Thumb Code     0  startup_stm32f103xb.o(.text)
    TIM1_UP_IRQHandler                       0x080001bf   Thumb Code     0  startup_stm32f103xb.o(.text)
    TIM2_IRQHandler                          0x080001bf   Thumb Code     0  startup_stm32f103xb.o(.text)
    TIM3_IRQHandler                          0x080001bf   Thumb Code     0  startup_stm32f103xb.o(.text)
    TIM4_IRQHandler                          0x080001bf   Thumb Code     0  startup_stm32f103xb.o(.text)
    USART1_IRQHandler                        0x080001bf   Thumb Code     0  startup_stm32f103xb.o(.text)
    USART2_IRQHandler                        0x080001bf   Thumb Code     0  startup_stm32f103xb.o(.text)
    USART3_IRQHandler                        0x080001bf   Thumb Code     0  startup_stm32f103xb.o(.text)
    USBWakeUp_IRQHandler                     0x080001bf   Thumb Code     0  startup_stm32f103xb.o(.text)
    USB_HP_CAN1_TX_IRQHandler                0x080001bf   Thumb Code     0  startup_stm32f103xb.o(.text)
    WWDG_IRQHandler                          0x080001bf   Thumb Code     0  startup_stm32f103xb.o(.text)
    __aeabi_memcpy                           0x080001c9   Thumb Code    36  memcpya.o(.text)
    __aeabi_memcpy4                          0x080001c9   Thumb Code     0  memcpya.o(.text)
    __aeabi_memcpy8                          0x080001c9   Thumb Code     0  memcpya.o(.text)
    __aeabi_memset                           0x080001ed   Thumb Code    14  memseta.o(.text)
    __aeabi_memset4                          0x080001ed   Thumb Code     0  memseta.o(.text)
    __aeabi_memset8                          0x080001ed   Thumb Code     0  memseta.o(.text)
    __aeabi_memclr                           0x080001fb   Thumb Code     4  memseta.o(.text)
    __aeabi_memclr4                          0x080001fb   Thumb Code     0  memseta.o(.text)
    __aeabi_memclr8                          0x080001fb   Thumb Code     0  memseta.o(.text)
    _memset$wrapper                          0x080001ff   Thumb Code    18  memseta.o(.text)
    __aeabi_uidiv                            0x08000211   Thumb Code     0  uidiv.o(.text)
    __aeabi_uidivmod                         0x08000211   Thumb Code    44  uidiv.o(.text)
    __scatterload                            0x0800023d   Thumb Code    28  init.o(.text)
    __scatterload_rt2                        0x0800023d   Thumb Code     0  init.o(.text)
    __decompress                             0x08000261   Thumb Code     0  __dczerorl2.o(.text)
    __decompress1                            0x08000261   Thumb Code    86  __dczerorl2.o(.text)
    ADC_ConversionStop_Disable               0x080002b9   Thumb Code    74  stm32f1xx_hal_adc.o(i.ADC_ConversionStop_Disable)
    ADC_Enable                               0x08000305   Thumb Code   104  stm32f1xx_hal_adc.o(i.ADC_Enable)
    CDC_Transmit_FS                          0x080003a5   Thumb Code    24  usbd_cdc_if.o(i.CDC_Transmit_FS)
    HAL_ADC_ConfigChannel                    0x080003c1   Thumb Code   344  stm32f1xx_hal_adc.o(i.HAL_ADC_ConfigChannel)
    HAL_ADC_GetValue                         0x08000525   Thumb Code     6  stm32f1xx_hal_adc.o(i.HAL_ADC_GetValue)
    HAL_ADC_Init                             0x0800052d   Thumb Code   256  stm32f1xx_hal_adc.o(i.HAL_ADC_Init)
    HAL_ADC_MspInit                          0x08000635   Thumb Code    50  stm32f1xx_hal_msp.o(i.HAL_ADC_MspInit)
    HAL_ADC_PollForConversion                0x08000675   Thumb Code   260  stm32f1xx_hal_adc.o(i.HAL_ADC_PollForConversion)
    HAL_ADC_Start                            0x08000785   Thumb Code   128  stm32f1xx_hal_adc.o(i.HAL_ADC_Start)
    HAL_Delay                                0x0800080d   Thumb Code    22  stm32f1xx_hal.o(i.HAL_Delay)
    HAL_GPIO_Init                            0x08000825   Thumb Code   408  stm32f1xx_hal_gpio.o(i.HAL_GPIO_Init)
    HAL_GPIO_WritePin                        0x080009e1   Thumb Code    10  stm32f1xx_hal_gpio.o(i.HAL_GPIO_WritePin)
    HAL_GetTick                              0x080009ed   Thumb Code     6  stm32f1xx_hal.o(i.HAL_GetTick)
    HAL_I2C_Init                             0x080009f9   Thumb Code   212  stm32f1xx_hal_i2c.o(i.HAL_I2C_Init)
    HAL_I2C_MspInit                          0x08000ad5   Thumb Code    54  stm32f1xx_hal_msp.o(i.HAL_I2C_MspInit)
    HAL_IncTick                              0x08000b19   Thumb Code    10  stm32f1xx_hal.o(i.HAL_IncTick)
    HAL_Init                                 0x08000b29   Thumb Code    32  stm32f1xx_hal.o(i.HAL_Init)
    HAL_InitTick                             0x08000b4d   Thumb Code    34  stm32f1xx_hal.o(i.HAL_InitTick)
    HAL_MspInit                              0x08000b71   Thumb Code    52  stm32f1xx_hal_msp.o(i.HAL_MspInit)
    HAL_NVIC_EnableIRQ                       0x08000bad   Thumb Code    22  stm32f1xx_hal_cortex.o(i.HAL_NVIC_EnableIRQ)
    HAL_NVIC_SetPriority                     0x08000bc5   Thumb Code    60  stm32f1xx_hal_cortex.o(i.HAL_NVIC_SetPriority)
    HAL_NVIC_SetPriorityGrouping             0x08000c05   Thumb Code    26  stm32f1xx_hal_cortex.o(i.HAL_NVIC_SetPriorityGrouping)
    HAL_PCDEx_PMAConfig                      0x08000c29   Thumb Code    52  stm32f1xx_hal_pcd_ex.o(i.HAL_PCDEx_PMAConfig)
    HAL_PCDEx_SetConnectionState             0x08000c5d   Thumb Code     2  usbd_conf.o(i.HAL_PCDEx_SetConnectionState)
    HAL_PCD_DataInStageCallback              0x08000c5f   Thumb Code    14  usbd_conf.o(i.HAL_PCD_DataInStageCallback)
    HAL_PCD_DataOutStageCallback             0x08000c6d   Thumb Code    16  usbd_conf.o(i.HAL_PCD_DataOutStageCallback)
    HAL_PCD_EP_Close                         0x08000c7d   Thumb Code    64  stm32f1xx_hal_pcd.o(i.HAL_PCD_EP_Close)
    HAL_PCD_EP_ClrStall                      0x08000cbd   Thumb Code    72  stm32f1xx_hal_pcd.o(i.HAL_PCD_EP_ClrStall)
    HAL_PCD_EP_GetRxCount                    0x08000d05   Thumb Code    16  stm32f1xx_hal_pcd.o(i.HAL_PCD_EP_GetRxCount)
    HAL_PCD_EP_Open                          0x08000d15   Thumb Code    68  stm32f1xx_hal_pcd.o(i.HAL_PCD_EP_Open)
    HAL_PCD_EP_Receive                       0x08000d59   Thumb Code    64  stm32f1xx_hal_pcd.o(i.HAL_PCD_EP_Receive)
    HAL_PCD_EP_SetStall                      0x08000d99   Thumb Code    86  stm32f1xx_hal_pcd.o(i.HAL_PCD_EP_SetStall)
    HAL_PCD_EP_Transmit                      0x08000def   Thumb Code    62  stm32f1xx_hal_pcd.o(i.HAL_PCD_EP_Transmit)
    HAL_PCD_IRQHandler                       0x08000e2d   Thumb Code   266  stm32f1xx_hal_pcd.o(i.HAL_PCD_IRQHandler)
    HAL_PCD_Init                             0x08000f39   Thumb Code   192  stm32f1xx_hal_pcd.o(i.HAL_PCD_Init)
    HAL_PCD_MspInit                          0x08000ff9   Thumb Code    50  usbd_conf.o(i.HAL_PCD_MspInit)
    HAL_PCD_ResetCallback                    0x08001035   Thumb Code    26  usbd_conf.o(i.HAL_PCD_ResetCallback)
    HAL_PCD_ResumeCallback                   0x0800104f   Thumb Code     8  usbd_conf.o(i.HAL_PCD_ResumeCallback)
    HAL_PCD_SOFCallback                      0x08001057   Thumb Code     8  usbd_conf.o(i.HAL_PCD_SOFCallback)
    HAL_PCD_SetAddress                       0x0800105f   Thumb Code    40  stm32f1xx_hal_pcd.o(i.HAL_PCD_SetAddress)
    HAL_PCD_SetupStageCallback               0x08001087   Thumb Code    14  usbd_conf.o(i.HAL_PCD_SetupStageCallback)
    HAL_PCD_Start                            0x08001095   Thumb Code    50  stm32f1xx_hal_pcd.o(i.HAL_PCD_Start)
    HAL_PCD_SuspendCallback                  0x080010c9   Thumb Code    30  usbd_conf.o(i.HAL_PCD_SuspendCallback)
    HAL_PWR_EnableBkUpAccess                 0x080010ed   Thumb Code    20  stm32f1xx_hal_pwr.o(i.HAL_PWR_EnableBkUpAccess)
    HAL_RCCEx_GetPeriphCLKFreq               0x08001105   Thumb Code   208  stm32f1xx_hal_rcc_ex.o(i.HAL_RCCEx_GetPeriphCLKFreq)
    HAL_RCCEx_PeriphCLKConfig                0x080011f5   Thumb Code   286  stm32f1xx_hal_rcc_ex.o(i.HAL_RCCEx_PeriphCLKConfig)
    HAL_RCC_ClockConfig                      0x08001321   Thumb Code   638  stm32f1xx_hal_rcc_ex.o(i.HAL_RCC_ClockConfig)
    HAL_RCC_GetHCLKFreq                      0x080015a9   Thumb Code    38  stm32f1xx_hal_rcc.o(i.HAL_RCC_GetHCLKFreq)
    HAL_RCC_GetPCLK1Freq                     0x080015dd   Thumb Code    36  stm32f1xx_hal_rcc.o(i.HAL_RCC_GetPCLK1Freq)
    HAL_RCC_GetPCLK2Freq                     0x08001609   Thumb Code    36  stm32f1xx_hal_rcc.o(i.HAL_RCC_GetPCLK2Freq)
    HAL_RCC_GetSysClockFreq                  0x08001635   Thumb Code   102  stm32f1xx_hal_rcc.o(i.HAL_RCC_GetSysClockFreq)
    HAL_RCC_OscConfig                        0x080016bd   Thumb Code  1738  stm32f1xx_hal_rcc.o(i.HAL_RCC_OscConfig)
    HAL_RTC_Init                             0x08001d89   Thumb Code   154  stm32f1xx_hal_rtc.o(i.HAL_RTC_Init)
    HAL_RTC_MspInit                          0x08001e29   Thumb Code    56  stm32f1xx_hal_msp.o(i.HAL_RTC_MspInit)
    HAL_RTC_SetDate                          0x08001e6d   Thumb Code   192  stm32f1xx_hal_rtc.o(i.HAL_RTC_SetDate)
    HAL_RTC_SetTime                          0x08001f31   Thumb Code   168  stm32f1xx_hal_rtc.o(i.HAL_RTC_SetTime)
    HAL_RTC_WaitForSynchro                   0x08001fdd   Thumb Code    58  stm32f1xx_hal_rtc.o(i.HAL_RTC_WaitForSynchro)
    HAL_SPI_Init                             0x08002019   Thumb Code   132  stm32f1xx_hal_spi_ex.o(i.HAL_SPI_Init)
    HAL_SPI_MspInit                          0x080020a1   Thumb Code    74  stm32f1xx_hal_msp.o(i.HAL_SPI_MspInit)
    HAL_SYSTICK_CLKSourceConfig              0x080020f9   Thumb Code    24  stm32f1xx_hal_cortex.o(i.HAL_SYSTICK_CLKSourceConfig)
    HAL_SYSTICK_Config                       0x08002111   Thumb Code    40  stm32f1xx_hal_cortex.o(i.HAL_SYSTICK_Config)
    HAL_TIMEx_ConfigBreakDeadTime            0x08002139   Thumb Code    66  stm32f1xx_hal_tim_ex.o(i.HAL_TIMEx_ConfigBreakDeadTime)
    HAL_TIMEx_MasterConfigSynchronization    0x0800217b   Thumb Code    80  stm32f1xx_hal_tim_ex.o(i.HAL_TIMEx_MasterConfigSynchronization)
    HAL_TIM_OC_ConfigChannel                 0x080021cb   Thumb Code    86  stm32f1xx_hal_tim.o(i.HAL_TIM_OC_ConfigChannel)
    HAL_TIM_OC_Init                          0x08002221   Thumb Code    54  stm32f1xx_hal_tim.o(i.HAL_TIM_OC_Init)
    HAL_TIM_OC_MspInit                       0x08002257   Thumb Code     2  stm32f1xx_hal_tim.o(i.HAL_TIM_OC_MspInit)
    HAL_TIM_PWM_ConfigChannel                0x08002259   Thumb Code   208  stm32f1xx_hal_tim.o(i.HAL_TIM_PWM_ConfigChannel)
    HAL_TIM_PWM_Init                         0x08002329   Thumb Code    54  stm32f1xx_hal_tim.o(i.HAL_TIM_PWM_Init)
    HAL_TIM_PWM_MspInit                      0x08002361   Thumb Code    70  stm32f1xx_hal_msp.o(i.HAL_TIM_PWM_MspInit)
    MX_USB_DEVICE_Init                       0x080025c1   Thumb Code    38  usb_device.o(i.MX_USB_DEVICE_Init)
    StartDefaultTask                         0x08002acd   Thumb Code    52  main.o(i.StartDefaultTask)
    SysTick_Handler                          0x08002b09   Thumb Code    14  stm32f1xx_it.o(i.SysTick_Handler)
    SystemClock_Config                       0x08002b17   Thumb Code   106  main.o(i.SystemClock_Config)
    SystemInit                               0x08002b81   Thumb Code    56  system_stm32f1xx.o(i.SystemInit)
    TIM_Base_SetConfig                       0x08002bc9   Thumb Code    86  stm32f1xx_hal_tim.o(i.TIM_Base_SetConfig)
    TIM_OC2_SetConfig                        0x08002c7d   Thumb Code    84  stm32f1xx_hal_tim.o(i.TIM_OC2_SetConfig)
    USBD_CDC_GetDeviceQualifierDescriptor    0x08002e15   Thumb Code     8  usbd_cdc.o(i.USBD_CDC_GetDeviceQualifierDescriptor)
    USBD_CDC_RegisterInterface               0x08002ecd   Thumb Code    16  usbd_cdc.o(i.USBD_CDC_RegisterInterface)
    USBD_CDC_SetRxBuffer                     0x08002edd   Thumb Code    12  usbd_cdc.o(i.USBD_CDC_SetRxBuffer)
    USBD_CDC_SetTxBuffer                     0x08002ee9   Thumb Code    16  usbd_cdc.o(i.USBD_CDC_SetTxBuffer)
    USBD_CDC_TransmitPacket                  0x08002f55   Thumb Code    48  usbd_cdc.o(i.USBD_CDC_TransmitPacket)
    USBD_ClrClassConfig                      0x08002f85   Thumb Code    14  usbd_core.o(i.USBD_ClrClassConfig)
    USBD_CtlContinueRx                       0x08002f93   Thumb Code    16  usbd_ioreq.o(i.USBD_CtlContinueRx)
    USBD_CtlContinueSendData                 0x08002fa3   Thumb Code    16  usbd_ioreq.o(i.USBD_CtlContinueSendData)
    USBD_CtlError                            0x08002fb3   Thumb Code    22  usbd_ctlreq.o(i.USBD_CtlError)
    USBD_CtlPrepareRx                        0x08002fc9   Thumb Code    30  usbd_ioreq.o(i.USBD_CtlPrepareRx)
    USBD_CtlReceiveStatus                    0x08002fe7   Thumb Code    22  usbd_ioreq.o(i.USBD_CtlReceiveStatus)
    USBD_CtlSendData                         0x08002ffd   Thumb Code    26  usbd_ioreq.o(i.USBD_CtlSendData)
    USBD_CtlSendStatus                       0x08003017   Thumb Code    22  usbd_ioreq.o(i.USBD_CtlSendStatus)
    USBD_FS_ConfigStrDescriptor              0x0800302d   Thumb Code    16  usbd_desc.o(i.USBD_FS_ConfigStrDescriptor)
    USBD_FS_DeviceDescriptor                 0x0800304d   Thumb Code     8  usbd_desc.o(i.USBD_FS_DeviceDescriptor)
    USBD_FS_InterfaceStrDescriptor           0x08003059   Thumb Code    16  usbd_desc.o(i.USBD_FS_InterfaceStrDescriptor)
    USBD_FS_LangIDStrDescriptor              0x0800307d   Thumb Code     8  usbd_desc.o(i.USBD_FS_LangIDStrDescriptor)
    USBD_FS_ManufacturerStrDescriptor        0x08003089   Thumb Code    16  usbd_desc.o(i.USBD_FS_ManufacturerStrDescriptor)
    USBD_FS_ProductStrDescriptor             0x080030b1   Thumb Code    16  usbd_desc.o(i.USBD_FS_ProductStrDescriptor)
    USBD_FS_SerialStrDescriptor              0x080030dd   Thumb Code    16  usbd_desc.o(i.USBD_FS_SerialStrDescriptor)
    USBD_GetString                           0x080031e1   Thumb Code    70  usbd_ctlreq.o(i.USBD_GetString)
    USBD_Init                                0x08003227   Thumb Code    42  usbd_core.o(i.USBD_Init)
    USBD_LL_ClearStallEP                     0x08003251   Thumb Code    14  usbd_conf.o(i.USBD_LL_ClearStallEP)
    USBD_LL_CloseEP                          0x0800325f   Thumb Code    14  usbd_conf.o(i.USBD_LL_CloseEP)
    USBD_LL_DataInStage                      0x0800326d   Thumb Code   160  usbd_core.o(i.USBD_LL_DataInStage)
    USBD_LL_DataOutStage                     0x0800330d   Thumb Code   106  usbd_core.o(i.USBD_LL_DataOutStage)
    USBD_LL_GetRxDataSize                    0x08003377   Thumb Code     8  usbd_conf.o(i.USBD_LL_GetRxDataSize)
    USBD_LL_Init                             0x08003381   Thumb Code   116  usbd_conf.o(i.USBD_LL_Init)
    USBD_LL_IsStallEP                        0x080033fd   Thumb Code    28  usbd_conf.o(i.USBD_LL_IsStallEP)
    USBD_LL_OpenEP                           0x08003419   Thumb Code    20  usbd_conf.o(i.USBD_LL_OpenEP)
    USBD_LL_PrepareReceive                   0x0800342d   Thumb Code    14  usbd_conf.o(i.USBD_LL_PrepareReceive)
    USBD_LL_Reset                            0x0800343b   Thumb Code    62  usbd_core.o(i.USBD_LL_Reset)
    USBD_LL_Resume                           0x08003479   Thumb Code    12  usbd_core.o(i.USBD_LL_Resume)
    USBD_LL_SOF                              0x08003485   Thumb Code    24  usbd_core.o(i.USBD_LL_SOF)
    USBD_LL_SetSpeed                         0x0800349d   Thumb Code     6  usbd_core.o(i.USBD_LL_SetSpeed)
    USBD_LL_SetUSBAddress                    0x080034a3   Thumb Code    14  usbd_conf.o(i.USBD_LL_SetUSBAddress)
    USBD_LL_SetupStage                       0x080034b1   Thumb Code    90  usbd_core.o(i.USBD_LL_SetupStage)
    USBD_LL_StallEP                          0x0800350b   Thumb Code    14  usbd_conf.o(i.USBD_LL_StallEP)
    USBD_LL_Start                            0x08003519   Thumb Code    14  usbd_conf.o(i.USBD_LL_Start)
    USBD_LL_Suspend                          0x08003527   Thumb Code    18  usbd_core.o(i.USBD_LL_Suspend)
    USBD_LL_Transmit                         0x08003539   Thumb Code    14  usbd_conf.o(i.USBD_LL_Transmit)
    USBD_ParseSetupRequest                   0x08003547   Thumb Code    40  usbd_ctlreq.o(i.USBD_ParseSetupRequest)
    USBD_RegisterClass                       0x0800356f   Thumb Code    16  usbd_core.o(i.USBD_RegisterClass)
    USBD_SetClassConfig                      0x0800357f   Thumb Code    22  usbd_core.o(i.USBD_SetClassConfig)
    USBD_Start                               0x08003609   Thumb Code    10  usbd_core.o(i.USBD_Start)
    USBD_StdDevReq                           0x08003613   Thumb Code   242  usbd_ctlreq.o(i.USBD_StdDevReq)
    USBD_StdEPReq                            0x08003705   Thumb Code   192  usbd_ctlreq.o(i.USBD_StdEPReq)
    USBD_StdItfReq                           0x080037c5   Thumb Code    52  usbd_ctlreq.o(i.USBD_StdItfReq)
    USBD_static_free                         0x080037f9   Thumb Code     4  usbd_conf.o(i.USBD_static_free)
    USBD_static_malloc                       0x080037fd   Thumb Code     4  usbd_conf.o(i.USBD_static_malloc)
    USB_ActivateEndpoint                     0x08003805   Thumb Code   604  stm32f1xx_ll_usb.o(i.USB_ActivateEndpoint)
    USB_CoreInit                             0x08003a61   Thumb Code     4  stm32f1xx_ll_usb.o(i.USB_CoreInit)
    USB_DeactivateEndpoint                   0x08003a65   Thumb Code   292  stm32f1xx_ll_usb.o(i.USB_DeactivateEndpoint)
    USB_DevConnect                           0x08003b89   Thumb Code     4  stm32f1xx_ll_usb.o(i.USB_DevConnect)
    USB_DevDisconnect                        0x08003b8d   Thumb Code     4  stm32f1xx_ll_usb.o(i.USB_DevDisconnect)
    USB_DevInit                              0x08003b91   Thumb Code    18  stm32f1xx_ll_usb.o(i.USB_DevInit)
    USB_DisableGlobalInt                     0x08003ba3   Thumb Code    14  stm32f1xx_ll_usb.o(i.USB_DisableGlobalInt)
    USB_EP0_OutStart                         0x08003bb1   Thumb Code     4  stm32f1xx_ll_usb.o(i.USB_EP0_OutStart)
    USB_EPClearStall                         0x08003bb5   Thumb Code   106  stm32f1xx_ll_usb.o(i.USB_EPClearStall)
    USB_EPSetStall                           0x08003c1f   Thumb Code    74  stm32f1xx_ll_usb.o(i.USB_EPSetStall)
    USB_EPStartXfer                          0x08003c69   Thumb Code   328  stm32f1xx_ll_usb.o(i.USB_EPStartXfer)
    USB_EnableGlobalInt                      0x08003db1   Thumb Code    14  stm32f1xx_ll_usb.o(i.USB_EnableGlobalInt)
    USB_LP_CAN1_RX0_IRQHandler               0x08003dc1   Thumb Code     6  stm32f1xx_it.o(i.USB_LP_CAN1_RX0_IRQHandler)
    USB_ReadInterrupts                       0x08003dcd   Thumb Code     6  stm32f1xx_ll_usb.o(i.USB_ReadInterrupts)
    USB_ReadPMA                              0x08003dd5   Thumb Code    30  stm32f1xx_ll_usb.o(i.USB_ReadPMA)
    USB_SetCurrentMode                       0x08003df3   Thumb Code     4  stm32f1xx_ll_usb.o(i.USB_SetCurrentMode)
    USB_SetDevAddress                        0x08003df7   Thumb Code    12  stm32f1xx_ll_usb.o(i.USB_SetDevAddress)
    USB_WritePMA                             0x08003e03   Thumb Code    38  stm32f1xx_ll_usb.o(i.USB_WritePMA)
    Work_with_ADC                            0x08003e29   Thumb Code    82  main.o(i.Work_with_ADC)
    __0sprintf$1                             0x08003ea1   Thumb Code    34  printf1.o(i.__0sprintf$1)
    __1sprintf$1                             0x08003ea1   Thumb Code     0  printf1.o(i.__0sprintf$1)
    __2sprintf                               0x08003ea1   Thumb Code     0  printf1.o(i.__0sprintf$1)
    __scatterload_copy                       0x08003ec9   Thumb Code    14  handlers.o(i.__scatterload_copy)
    __scatterload_null                       0x08003ed7   Thumb Code     2  handlers.o(i.__scatterload_null)
    __scatterload_zeroinit                   0x08003ed9   Thumb Code    14  handlers.o(i.__scatterload_zeroinit)
    free                                     0x08004049   Thumb Code    76  malloc.o(i.free)
    main                                     0x08004099   Thumb Code    92  main.o(i.main)
    osDelay                                  0x08004115   Thumb Code    14  cmsis_os.o(i.osDelay)
    osKernelStart                            0x08004123   Thumb Code    10  cmsis_os.o(i.osKernelStart)
    osSystickHandler                         0x0800412d   Thumb Code    20  cmsis_os.o(i.osSystickHandler)
    osThreadCreate                           0x08004141   Thumb Code    56  cmsis_os.o(i.osThreadCreate)
    pvPortMalloc                             0x080042e9   Thumb Code   182  heap_4.o(i.pvPortMalloc)
    pxPortInitialiseStack                    0x080043a5   Thumb Code    28  port.o(i.pxPortInitialiseStack)
    uxListRemove                             0x080043c5   Thumb Code    36  list.o(i.uxListRemove)
    vListInitialise                          0x080043e9   Thumb Code    22  list.o(i.vListInitialise)
    vListInitialiseItem                      0x080043ff   Thumb Code     6  list.o(i.vListInitialiseItem)
    vListInsert                              0x08004405   Thumb Code    48  list.o(i.vListInsert)
    vListInsertEnd                           0x08004435   Thumb Code    24  list.o(i.vListInsertEnd)
    vPortEnterCritical                       0x0800444d   Thumb Code    42  port.o(i.vPortEnterCritical)
    vPortExitCritical                        0x08004481   Thumb Code    30  port.o(i.vPortExitCritical)
    vPortFree                                0x080044a5   Thumb Code    68  heap_4.o(i.vPortFree)
    vPortSetupTimerInterrupt                 0x080044ed   Thumb Code    26  port.o(i.vPortSetupTimerInterrupt)
    vPortYield                               0x0800450d   Thumb Code    18  port.o(i.vPortYield)
    vTaskDelay                               0x08004525   Thumb Code    76  tasks.o(i.vTaskDelay)
    vTaskStartScheduler                      0x08004575   Thumb Code    60  tasks.o(i.vTaskStartScheduler)
    vTaskSuspendAll                          0x080045c1   Thumb Code    10  tasks.o(i.vTaskSuspendAll)
    vTaskSwitchContext                       0x080045d1   Thumb Code    74  tasks.o(i.vTaskSwitchContext)
    xPortStartScheduler                      0x08004625   Thumb Code   102  port.o(i.xPortStartScheduler)
    xPortSysTickHandler                      0x08004699   Thumb Code    30  port.o(i.xPortSysTickHandler)
    xTaskGenericCreate                       0x080046bd   Thumb Code   380  tasks.o(i.xTaskGenericCreate)
    xTaskGetSchedulerState                   0x08004841   Thumb Code    22  tasks.o(i.xTaskGetSchedulerState)
    xTaskIncrementTick                       0x0800485d   Thumb Code   184  tasks.o(i.xTaskIncrementTick)
    xTaskResumeAll                           0x0800491d   Thumb Code   162  tasks.o(i.xTaskResumeAll)
    aAPBAHBPrescTable                        0x080049dc   Data          16  stm32f1xx_hal_rcc.o(.constdata)
    Region$$Table$$Base                      0x080049f8   Number         0  anon$$obj.o(Region$$Table)
    Region$$Table$$Limit                     0x08004a18   Number         0  anon$$obj.o(Region$$Table)
    USBD_CDC_CfgHSDesc                       0x2000000c   Data          67  usbd_cdc.o(.data)
    USBD_CDC_CfgFSDesc                       0x20000050   Data          67  usbd_cdc.o(.data)
    USBD_CDC_OtherSpeedCfgDesc               0x20000094   Data          67  usbd_cdc.o(.data)
    USBD_CDC                                 0x200000d8   Data          56  usbd_cdc.o(.data)
    FS_Desc                                  0x20000114   Data          28  usbd_desc.o(.data)
    USBD_LangIDDesc                          0x20000130   Data           4  usbd_desc.o(.data)
    USBD_FS_DeviceDesc                       0x20000134   Data          18  usbd_desc.o(.data)
    USBD_Interface_fops_FS                   0x20000148   Data          16  usbd_cdc_if.o(.data)
    UserRxBufferFS                           0x20000158   Data           4  usbd_cdc_if.o(.data)
    UserTxBufferFS                           0x2000015c   Data           4  usbd_cdc_if.o(.data)
    hUsbDevice_0                             0x20000160   Data           4  usbd_cdc_if.o(.data)
    adc_X                                    0x20000164   Data           2  main.o(.data)
    adc_Y                                    0x20000166   Data           2  main.o(.data)
    adc_Z                                    0x20000168   Data           2  main.o(.data)
    defaultTaskHandle                        0x2000016c   Data           4  main.o(.data)
    SystemCoreClock                          0x20000170   Data           4  system_stm32f1xx.o(.data)
    AHBPrescTable                            0x20000174   Data          16  system_stm32f1xx.o(.data)
    pxCurrentTCB                             0x200001a8   Data           4  tasks.o(.data)
    uCRCErrorWorkaroundCheck                 0x200001e0   Data           1  stm32f1xx_hal_spi_ex.o(.data)
    __microlib_freelist                      0x200001e8   Data           4  mvars.o(.data)
    hUsbDeviceFS                             0x200001ec   Data         548  usb_device.o(.bss)
    USBD_StrDesc                             0x20000410   Data         512  usbd_desc.o(.bss)
    hpcd_USB_FS                              0x2000082c   Data        1056  usbd_conf.o(.bss)
    hadc1                                    0x20000c4c   Data          48  main.o(.bss)
    hi2c1                                    0x20000c7c   Data          60  main.o(.bss)
    hrtc                                     0x20000cb8   Data          20  main.o(.bss)
    hspi1                                    0x20000ccc   Data          88  main.o(.bss)
    htim1                                    0x20000d24   Data          60  main.o(.bss)
    __initial_sp                             0x20001e50   Data           0  startup_stm32f103xb.o(STACK)



==============================================================================

Memory Map of the image

  Image Entry point : 0x080000ed

  Load Region LR_IROM1 (Base: 0x08000000, Size: 0x00004c04, Max: 0x00020000, ABSOLUTE, COMPRESSED[0x00004ae4])

    Execution Region ER_IROM1 (Base: 0x08000000, Size: 0x00004a18, Max: 0x00020000, ABSOLUTE)

    Base Addr    Size         Type   Attr      Idx    E Section Name        Object

    0x08000000   0x000000ec   Data   RO          502    RESET               startup_stm32f103xb.o
    0x080000ec   0x00000000   Code   RO         5503  * .ARM.Collect$$$$00000000  mc_w.l(entry.o)
    0x080000ec   0x00000004   Code   RO         5803    .ARM.Collect$$$$00000001  mc_w.l(entry2.o)
    0x080000f0   0x00000004   Code   RO         5806    .ARM.Collect$$$$00000004  mc_w.l(entry5.o)
    0x080000f4   0x00000000   Code   RO         5808    .ARM.Collect$$$$00000008  mc_w.l(entry7b.o)
    0x080000f4   0x00000000   Code   RO         5810    .ARM.Collect$$$$0000000A  mc_w.l(entry8b.o)
    0x080000f4   0x00000008   Code   RO         5811    .ARM.Collect$$$$0000000B  mc_w.l(entry9a.o)
    0x080000fc   0x00000000   Code   RO         5813    .ARM.Collect$$$$0000000D  mc_w.l(entry10a.o)
    0x080000fc   0x00000000   Code   RO         5815    .ARM.Collect$$$$0000000F  mc_w.l(entry11a.o)
    0x080000fc   0x00000004   Code   RO         5804    .ARM.Collect$$$$00002712  mc_w.l(entry2.o)
    0x08000100   0x000000a2   Code   RO         1499    .emb_text           port.o
    0x080001a2   0x00000002   PAD
    0x080001a4   0x00000024   Code   RO          503    .text               startup_stm32f103xb.o
    0x080001c8   0x00000024   Code   RO         5508    .text               mc_w.l(memcpya.o)
    0x080001ec   0x00000024   Code   RO         5510    .text               mc_w.l(memseta.o)
    0x08000210   0x0000002c   Code   RO         5820    .text               mc_w.l(uidiv.o)
    0x0800023c   0x00000024   Code   RO         5837    .text               mc_w.l(init.o)
    0x08000260   0x00000056   Code   RO         5855    .text               mc_w.l(__dczerorl2.o)
    0x080002b6   0x00000002   PAD
    0x080002b8   0x0000004a   Code   RO         3144    i.ADC_ConversionStop_Disable  stm32f1xx_hal_adc.o
    0x08000302   0x00000002   PAD
    0x08000304   0x00000070   Code   RO         3148    i.ADC_Enable        stm32f1xx_hal_adc.o
    0x08000374   0x00000004   Code   RO          727    i.CDC_Control_FS    usbd_cdc_if.o
    0x08000378   0x00000004   Code   RO          728    i.CDC_DeInit_FS     usbd_cdc_if.o
    0x0800037c   0x00000024   Code   RO          729    i.CDC_Init_FS       usbd_cdc_if.o
    0x080003a0   0x00000004   Code   RO          730    i.CDC_Receive_FS    usbd_cdc_if.o
    0x080003a4   0x0000001c   Code   RO          731    i.CDC_Transmit_FS   usbd_cdc_if.o
    0x080003c0   0x00000164   Code   RO         3150    i.HAL_ADC_ConfigChannel  stm32f1xx_hal_adc.o
    0x08000524   0x00000006   Code   RO         3157    i.HAL_ADC_GetValue  stm32f1xx_hal_adc.o
    0x0800052a   0x00000002   PAD
    0x0800052c   0x00000108   Code   RO         3159    i.HAL_ADC_Init      stm32f1xx_hal_adc.o
    0x08000634   0x00000040   Code   RO          576    i.HAL_ADC_MspInit   stm32f1xx_hal_msp.o
    0x08000674   0x00000110   Code   RO         3163    i.HAL_ADC_PollForConversion  stm32f1xx_hal_adc.o
    0x08000784   0x00000088   Code   RO         3165    i.HAL_ADC_Start     stm32f1xx_hal_adc.o
    0x0800080c   0x00000016   Code   RO         4809    i.HAL_Delay         stm32f1xx_hal.o
    0x08000822   0x00000002   PAD
    0x08000824   0x000001bc   Code   RO         4348    i.HAL_GPIO_Init     stm32f1xx_hal_gpio.o
    0x080009e0   0x0000000a   Code   RO         4352    i.HAL_GPIO_WritePin  stm32f1xx_hal_gpio.o
    0x080009ea   0x00000002   PAD
    0x080009ec   0x0000000c   Code   RO         4813    i.HAL_GetTick       stm32f1xx_hal.o
    0x080009f8   0x000000dc   Code   RO         2848    i.HAL_I2C_Init      stm32f1xx_hal_i2c.o
    0x08000ad4   0x00000044   Code   RO          578    i.HAL_I2C_MspInit   stm32f1xx_hal_msp.o
    0x08000b18   0x00000010   Code   RO         4814    i.HAL_IncTick       stm32f1xx_hal.o
    0x08000b28   0x00000024   Code   RO         4815    i.HAL_Init          stm32f1xx_hal.o
    0x08000b4c   0x00000022   Code   RO         4816    i.HAL_InitTick      stm32f1xx_hal.o
    0x08000b6e   0x00000002   PAD
    0x08000b70   0x0000003c   Code   RO          579    i.HAL_MspInit       stm32f1xx_hal_msp.o
    0x08000bac   0x00000016   Code   RO         2512    i.HAL_NVIC_EnableIRQ  stm32f1xx_hal_cortex.o
    0x08000bc2   0x00000002   PAD
    0x08000bc4   0x00000040   Code   RO         2518    i.HAL_NVIC_SetPriority  stm32f1xx_hal_cortex.o
    0x08000c04   0x00000024   Code   RO         2519    i.HAL_NVIC_SetPriorityGrouping  stm32f1xx_hal_cortex.o
    0x08000c28   0x00000034   Code   RO         5351    i.HAL_PCDEx_PMAConfig  stm32f1xx_hal_pcd_ex.o
    0x08000c5c   0x00000002   Code   RO          855    i.HAL_PCDEx_SetConnectionState  usbd_conf.o
    0x08000c5e   0x0000000e   Code   RO          857    i.HAL_PCD_DataInStageCallback  usbd_conf.o
    0x08000c6c   0x00000010   Code   RO          858    i.HAL_PCD_DataOutStageCallback  usbd_conf.o
    0x08000c7c   0x00000040   Code   RO         2636    i.HAL_PCD_EP_Close  stm32f1xx_hal_pcd.o
    0x08000cbc   0x00000048   Code   RO         2637    i.HAL_PCD_EP_ClrStall  stm32f1xx_hal_pcd.o
    0x08000d04   0x00000010   Code   RO         2639    i.HAL_PCD_EP_GetRxCount  stm32f1xx_hal_pcd.o
    0x08000d14   0x00000044   Code   RO         2640    i.HAL_PCD_EP_Open   stm32f1xx_hal_pcd.o
    0x08000d58   0x00000040   Code   RO         2641    i.HAL_PCD_EP_Receive  stm32f1xx_hal_pcd.o
    0x08000d98   0x00000056   Code   RO         2642    i.HAL_PCD_EP_SetStall  stm32f1xx_hal_pcd.o
    0x08000dee   0x0000003e   Code   RO         2643    i.HAL_PCD_EP_Transmit  stm32f1xx_hal_pcd.o
    0x08000e2c   0x0000010a   Code   RO         2645    i.HAL_PCD_IRQHandler  stm32f1xx_hal_pcd.o
    0x08000f36   0x00000002   PAD
    0x08000f38   0x000000c0   Code   RO         2648    i.HAL_PCD_Init      stm32f1xx_hal_pcd.o
    0x08000ff8   0x0000003c   Code   RO          863    i.HAL_PCD_MspInit   usbd_conf.o
    0x08001034   0x0000001a   Code   RO          864    i.HAL_PCD_ResetCallback  usbd_conf.o
    0x0800104e   0x00000008   Code   RO          865    i.HAL_PCD_ResumeCallback  usbd_conf.o
    0x08001056   0x00000008   Code   RO          866    i.HAL_PCD_SOFCallback  usbd_conf.o
    0x0800105e   0x00000028   Code   RO         2654    i.HAL_PCD_SetAddress  stm32f1xx_hal_pcd.o
    0x08001086   0x0000000e   Code   RO          867    i.HAL_PCD_SetupStageCallback  usbd_conf.o
    0x08001094   0x00000032   Code   RO         2656    i.HAL_PCD_Start     stm32f1xx_hal_pcd.o
    0x080010c6   0x00000002   PAD
    0x080010c8   0x00000024   Code   RO          868    i.HAL_PCD_SuspendCallback  usbd_conf.o
    0x080010ec   0x00000018   Code   RO         5388    i.HAL_PWR_EnableBkUpAccess  stm32f1xx_hal_pwr.o
    0x08001104   0x000000f0   Code   RO         4645    i.HAL_RCCEx_GetPeriphCLKFreq  stm32f1xx_hal_rcc_ex.o
    0x080011f4   0x0000012c   Code   RO         4646    i.HAL_RCCEx_PeriphCLKConfig  stm32f1xx_hal_rcc_ex.o
    0x08001320   0x00000288   Code   RO         4647    i.HAL_RCC_ClockConfig  stm32f1xx_hal_rcc_ex.o
    0x080015a8   0x00000034   Code   RO         2411    i.HAL_RCC_GetHCLKFreq  stm32f1xx_hal_rcc.o
    0x080015dc   0x0000002c   Code   RO         2413    i.HAL_RCC_GetPCLK1Freq  stm32f1xx_hal_rcc.o
    0x08001608   0x0000002c   Code   RO         2414    i.HAL_RCC_GetPCLK2Freq  stm32f1xx_hal_rcc.o
    0x08001634   0x00000088   Code   RO         2415    i.HAL_RCC_GetSysClockFreq  stm32f1xx_hal_rcc.o
    0x080016bc   0x000006ca   Code   RO         2418    i.HAL_RCC_OscConfig  stm32f1xx_hal_rcc.o
    0x08001d86   0x00000002   PAD
    0x08001d88   0x000000a0   Code   RO         5189    i.HAL_RTC_Init      stm32f1xx_hal_rtc.o
    0x08001e28   0x00000044   Code   RO          581    i.HAL_RTC_MspInit   stm32f1xx_hal_msp.o
    0x08001e6c   0x000000c4   Code   RO         5195    i.HAL_RTC_SetDate   stm32f1xx_hal_rtc.o
    0x08001f30   0x000000ac   Code   RO         5196    i.HAL_RTC_SetTime   stm32f1xx_hal_rtc.o
    0x08001fdc   0x0000003a   Code   RO         5197    i.HAL_RTC_WaitForSynchro  stm32f1xx_hal_rtc.o
    0x08002016   0x00000002   PAD
    0x08002018   0x00000088   Code   RO         4692    i.HAL_SPI_Init      stm32f1xx_hal_spi_ex.o
    0x080020a0   0x00000058   Code   RO          583    i.HAL_SPI_MspInit   stm32f1xx_hal_msp.o
    0x080020f8   0x00000018   Code   RO         2521    i.HAL_SYSTICK_CLKSourceConfig  stm32f1xx_hal_cortex.o
    0x08002110   0x00000028   Code   RO         2523    i.HAL_SYSTICK_Config  stm32f1xx_hal_cortex.o
    0x08002138   0x00000042   Code   RO         4413    i.HAL_TIMEx_ConfigBreakDeadTime  stm32f1xx_hal_tim_ex.o
    0x0800217a   0x00000050   Code   RO         4428    i.HAL_TIMEx_MasterConfigSynchronization  stm32f1xx_hal_tim_ex.o
    0x080021ca   0x00000056   Code   RO         3759    i.HAL_TIM_OC_ConfigChannel  stm32f1xx_hal_tim.o
    0x08002220   0x00000036   Code   RO         3763    i.HAL_TIM_OC_Init   stm32f1xx_hal_tim.o
    0x08002256   0x00000002   Code   RO         3765    i.HAL_TIM_OC_MspInit  stm32f1xx_hal_tim.o
    0x08002258   0x000000d0   Code   RO         3782    i.HAL_TIM_PWM_ConfigChannel  stm32f1xx_hal_tim.o
    0x08002328   0x00000036   Code   RO         3785    i.HAL_TIM_PWM_Init  stm32f1xx_hal_tim.o
    0x0800235e   0x00000002   PAD
    0x08002360   0x00000058   Code   RO          585    i.HAL_TIM_PWM_MspInit  stm32f1xx_hal_msp.o
    0x080023b8   0x00000058   Code   RO         1072    i.MX_ADC1_Init      main.o
    0x08002410   0x000000a8   Code   RO         1073    i.MX_GPIO_Init      main.o
    0x080024b8   0x0000004c   Code   RO         1074    i.MX_RTC_Init       main.o
    0x08002504   0x00000038   Code   RO         1075    i.MX_SPI1_Init      main.o
    0x0800253c   0x00000084   Code   RO         1076    i.MX_TIM1_Init      main.o
    0x080025c0   0x00000038   Code   RO          510    i.MX_USB_DEVICE_Init  usb_device.o
    0x080025f8   0x00000020   Code   RO         2525    i.NVIC_SetPriority  stm32f1xx_hal_cortex.o
    0x08002618   0x00000362   Code   RO         2659    i.PCD_EP_ISR_Handler  stm32f1xx_hal_pcd.o
    0x0800297a   0x00000012   Code   RO         5198    i.RTC_Bcd2ToByte    stm32f1xx_hal_rtc.o
    0x0800298c   0x00000034   Code   RO         5201    i.RTC_EnterInitMode  stm32f1xx_hal_rtc.o
    0x080029c0   0x00000036   Code   RO         5202    i.RTC_ExitInitMode  stm32f1xx_hal_rtc.o
    0x080029f6   0x0000000e   Code   RO         5203    i.RTC_ReadAlarmCounter  stm32f1xx_hal_rtc.o
    0x08002a04   0x00000020   Code   RO         5204    i.RTC_ReadTimeCounter  stm32f1xx_hal_rtc.o
    0x08002a24   0x00000056   Code   RO         5205    i.RTC_WeekDayNum    stm32f1xx_hal_rtc.o
    0x08002a7a   0x00000028   Code   RO         5206    i.RTC_WriteAlarmCounter  stm32f1xx_hal_rtc.o
    0x08002aa2   0x00000028   Code   RO         5207    i.RTC_WriteTimeCounter  stm32f1xx_hal_rtc.o
    0x08002aca   0x00000002   PAD
    0x08002acc   0x0000003c   Code   RO         1077    i.StartDefaultTask  main.o
    0x08002b08   0x0000000e   Code   RO          779    i.SysTick_Handler   stm32f1xx_it.o
    0x08002b16   0x0000006a   Code   RO         1078    i.SystemClock_Config  main.o
    0x08002b80   0x00000048   Code   RO         1160    i.SystemInit        system_stm32f1xx.o
    0x08002bc8   0x00000064   Code   RO         3800    i.TIM_Base_SetConfig  stm32f1xx_hal_tim.o
    0x08002c2c   0x00000050   Code   RO         3809    i.TIM_OC1_SetConfig  stm32f1xx_hal_tim.o
    0x08002c7c   0x00000058   Code   RO         3810    i.TIM_OC2_SetConfig  stm32f1xx_hal_tim.o
    0x08002cd4   0x00000058   Code   RO         3811    i.TIM_OC3_SetConfig  stm32f1xx_hal_tim.o
    0x08002d2c   0x00000044   Code   RO         3812    i.TIM_OC4_SetConfig  stm32f1xx_hal_tim.o
    0x08002d70   0x00000014   Code   RO            4    i.USBD_CDC_DataIn   usbd_cdc.o
    0x08002d84   0x0000002e   Code   RO            5    i.USBD_CDC_DataOut  usbd_cdc.o
    0x08002db2   0x0000003c   Code   RO            6    i.USBD_CDC_DeInit   usbd_cdc.o
    0x08002dee   0x00000024   Code   RO            7    i.USBD_CDC_EP0_RxReady  usbd_cdc.o
    0x08002e12   0x00000002   PAD
    0x08002e14   0x0000000c   Code   RO            8    i.USBD_CDC_GetDeviceQualifierDescriptor  usbd_cdc.o
    0x08002e20   0x0000000c   Code   RO            9    i.USBD_CDC_GetFSCfgDesc  usbd_cdc.o
    0x08002e2c   0x0000000c   Code   RO           10    i.USBD_CDC_GetHSCfgDesc  usbd_cdc.o
    0x08002e38   0x0000000c   Code   RO           11    i.USBD_CDC_GetOtherSpeedCfgDesc  usbd_cdc.o
    0x08002e44   0x00000088   Code   RO           12    i.USBD_CDC_Init     usbd_cdc.o
    0x08002ecc   0x00000010   Code   RO           14    i.USBD_CDC_RegisterInterface  usbd_cdc.o
    0x08002edc   0x0000000c   Code   RO           15    i.USBD_CDC_SetRxBuffer  usbd_cdc.o
    0x08002ee8   0x00000010   Code   RO           16    i.USBD_CDC_SetTxBuffer  usbd_cdc.o
    0x08002ef8   0x0000005c   Code   RO           17    i.USBD_CDC_Setup    usbd_cdc.o
    0x08002f54   0x00000030   Code   RO           18    i.USBD_CDC_TransmitPacket  usbd_cdc.o
    0x08002f84   0x0000000e   Code   RO          300    i.USBD_ClrClassConfig  usbd_core.o
    0x08002f92   0x00000010   Code   RO          240    i.USBD_CtlContinueRx  usbd_ioreq.o
    0x08002fa2   0x00000010   Code   RO          241    i.USBD_CtlContinueSendData  usbd_ioreq.o
    0x08002fb2   0x00000016   Code   RO          438    i.USBD_CtlError     usbd_ctlreq.o
    0x08002fc8   0x0000001e   Code   RO          242    i.USBD_CtlPrepareRx  usbd_ioreq.o
    0x08002fe6   0x00000016   Code   RO          243    i.USBD_CtlReceiveStatus  usbd_ioreq.o
    0x08002ffc   0x0000001a   Code   RO          244    i.USBD_CtlSendData  usbd_ioreq.o
    0x08003016   0x00000016   Code   RO          245    i.USBD_CtlSendStatus  usbd_ioreq.o
    0x0800302c   0x00000020   Code   RO          659    i.USBD_FS_ConfigStrDescriptor  usbd_desc.o
    0x0800304c   0x0000000c   Code   RO          660    i.USBD_FS_DeviceDescriptor  usbd_desc.o
    0x08003058   0x00000024   Code   RO          661    i.USBD_FS_InterfaceStrDescriptor  usbd_desc.o
    0x0800307c   0x0000000c   Code   RO          662    i.USBD_FS_LangIDStrDescriptor  usbd_desc.o
    0x08003088   0x00000028   Code   RO          663    i.USBD_FS_ManufacturerStrDescriptor  usbd_desc.o
    0x080030b0   0x0000002c   Code   RO          664    i.USBD_FS_ProductStrDescriptor  usbd_desc.o
    0x080030dc   0x00000024   Code   RO          665    i.USBD_FS_SerialStrDescriptor  usbd_desc.o
    0x08003100   0x000000e0   Code   RO          439    i.USBD_GetDescriptor  usbd_ctlreq.o
    0x080031e0   0x00000046   Code   RO          440    i.USBD_GetString    usbd_ctlreq.o
    0x08003226   0x0000002a   Code   RO          302    i.USBD_Init         usbd_core.o
    0x08003250   0x0000000e   Code   RO          869    i.USBD_LL_ClearStallEP  usbd_conf.o
    0x0800325e   0x0000000e   Code   RO          870    i.USBD_LL_CloseEP   usbd_conf.o
    0x0800326c   0x000000a0   Code   RO          303    i.USBD_LL_DataInStage  usbd_core.o
    0x0800330c   0x0000006a   Code   RO          304    i.USBD_LL_DataOutStage  usbd_core.o
    0x08003376   0x00000008   Code   RO          874    i.USBD_LL_GetRxDataSize  usbd_conf.o
    0x0800337e   0x00000002   PAD
    0x08003380   0x0000007c   Code   RO          875    i.USBD_LL_Init      usbd_conf.o
    0x080033fc   0x0000001c   Code   RO          876    i.USBD_LL_IsStallEP  usbd_conf.o
    0x08003418   0x00000014   Code   RO          877    i.USBD_LL_OpenEP    usbd_conf.o
    0x0800342c   0x0000000e   Code   RO          878    i.USBD_LL_PrepareReceive  usbd_conf.o
    0x0800343a   0x0000003e   Code   RO          309    i.USBD_LL_Reset     usbd_core.o
    0x08003478   0x0000000c   Code   RO          310    i.USBD_LL_Resume    usbd_core.o
    0x08003484   0x00000018   Code   RO          311    i.USBD_LL_SOF       usbd_core.o
    0x0800349c   0x00000006   Code   RO          312    i.USBD_LL_SetSpeed  usbd_core.o
    0x080034a2   0x0000000e   Code   RO          879    i.USBD_LL_SetUSBAddress  usbd_conf.o
    0x080034b0   0x0000005a   Code   RO          313    i.USBD_LL_SetupStage  usbd_core.o
    0x0800350a   0x0000000e   Code   RO          880    i.USBD_LL_StallEP   usbd_conf.o
    0x08003518   0x0000000e   Code   RO          881    i.USBD_LL_Start     usbd_conf.o
    0x08003526   0x00000012   Code   RO          314    i.USBD_LL_Suspend   usbd_core.o
    0x08003538   0x0000000e   Code   RO          883    i.USBD_LL_Transmit  usbd_conf.o
    0x08003546   0x00000028   Code   RO          441    i.USBD_ParseSetupRequest  usbd_ctlreq.o
    0x0800356e   0x00000010   Code   RO          315    i.USBD_RegisterClass  usbd_core.o
    0x0800357e   0x00000016   Code   RO          317    i.USBD_SetClassConfig  usbd_core.o
    0x08003594   0x00000074   Code   RO          442    i.USBD_SetConfig    usbd_ctlreq.o
    0x08003608   0x0000000a   Code   RO          318    i.USBD_Start        usbd_core.o
    0x08003612   0x000000f2   Code   RO          443    i.USBD_StdDevReq    usbd_ctlreq.o
    0x08003704   0x000000c0   Code   RO          444    i.USBD_StdEPReq     usbd_ctlreq.o
    0x080037c4   0x00000034   Code   RO          445    i.USBD_StdItfReq    usbd_ctlreq.o
    0x080037f8   0x00000004   Code   RO          884    i.USBD_static_free  usbd_conf.o
    0x080037fc   0x00000008   Code   RO          885    i.USBD_static_malloc  usbd_conf.o
    0x08003804   0x0000025c   Code   RO         3420    i.USB_ActivateEndpoint  stm32f1xx_ll_usb.o
    0x08003a60   0x00000004   Code   RO         3423    i.USB_CoreInit      stm32f1xx_ll_usb.o
    0x08003a64   0x00000124   Code   RO         3425    i.USB_DeactivateEndpoint  stm32f1xx_ll_usb.o
    0x08003b88   0x00000004   Code   RO         3426    i.USB_DevConnect    stm32f1xx_ll_usb.o
    0x08003b8c   0x00000004   Code   RO         3427    i.USB_DevDisconnect  stm32f1xx_ll_usb.o
    0x08003b90   0x00000012   Code   RO         3428    i.USB_DevInit       stm32f1xx_ll_usb.o
    0x08003ba2   0x0000000e   Code   RO         3429    i.USB_DisableGlobalInt  stm32f1xx_ll_usb.o
    0x08003bb0   0x00000004   Code   RO         3430    i.USB_EP0_OutStart  stm32f1xx_ll_usb.o
    0x08003bb4   0x0000006a   Code   RO         3431    i.USB_EPClearStall  stm32f1xx_ll_usb.o
    0x08003c1e   0x0000004a   Code   RO         3432    i.USB_EPSetStall    stm32f1xx_ll_usb.o
    0x08003c68   0x00000148   Code   RO         3433    i.USB_EPStartXfer   stm32f1xx_ll_usb.o
    0x08003db0   0x0000000e   Code   RO         3434    i.USB_EnableGlobalInt  stm32f1xx_ll_usb.o
    0x08003dbe   0x00000002   PAD
    0x08003dc0   0x0000000c   Code   RO          780    i.USB_LP_CAN1_RX0_IRQHandler  stm32f1xx_it.o
    0x08003dcc   0x00000006   Code   RO         3441    i.USB_ReadInterrupts  stm32f1xx_ll_usb.o
    0x08003dd2   0x00000002   PAD
    0x08003dd4   0x0000001e   Code   RO         3442    i.USB_ReadPMA       stm32f1xx_ll_usb.o
    0x08003df2   0x00000004   Code   RO         3444    i.USB_SetCurrentMode  stm32f1xx_ll_usb.o
    0x08003df6   0x0000000c   Code   RO         3445    i.USB_SetDevAddress  stm32f1xx_ll_usb.o
    0x08003e02   0x00000026   Code   RO         3447    i.USB_WritePMA      stm32f1xx_ll_usb.o
    0x08003e28   0x00000078   Code   RO         1079    i.Work_with_ADC     main.o
    0x08003ea0   0x00000028   Code   RO         5561    i.__0sprintf$1      mc_w.l(printf1.o)
    0x08003ec8   0x0000000e   Code   RO         5849    i.__scatterload_copy  mc_w.l(handlers.o)
    0x08003ed6   0x00000002   Code   RO         5850    i.__scatterload_null  mc_w.l(handlers.o)
    0x08003ed8   0x0000000e   Code   RO         5851    i.__scatterload_zeroinit  mc_w.l(handlers.o)
    0x08003ee6   0x00000002   PAD
    0x08003ee8   0x00000154   Code   RO         5566    i._printf_core      mc_w.l(printf1.o)
    0x0800403c   0x0000000a   Code   RO         5568    i._sputc            mc_w.l(printf1.o)
    0x08004046   0x00000002   PAD
    0x08004048   0x00000050   Code   RO         5775    i.free              mc_w.l(malloc.o)
    0x08004098   0x00000070   Code   RO         1080    i.main              main.o
    0x08004108   0x0000000c   Code   RO         1193    i.makeFreeRtosPriority  cmsis_os.o
    0x08004114   0x0000000e   Code   RO         1194    i.osDelay           cmsis_os.o
    0x08004122   0x0000000a   Code   RO         1197    i.osKernelStart     cmsis_os.o
    0x0800412c   0x00000014   Code   RO         1224    i.osSystickHandler  cmsis_os.o
    0x08004140   0x00000038   Code   RO         1225    i.osThreadCreate    cmsis_os.o
    0x08004178   0x00000034   Code   RO         1942    i.prvAddCurrentTaskToDelayedList  tasks.o
    0x080041ac   0x00000054   Code   RO         1943    i.prvCheckTasksWaitingTermination  tasks.o
    0x08004200   0x0000004c   Code   RO         1570    i.prvHeapInit       heap_4.o
    0x0800424c   0x00000018   Code   RO         1944    i.prvIdleTask       tasks.o
    0x08004264   0x0000004c   Code   RO         1571    i.prvInsertBlockIntoFreeList  heap_4.o
    0x080042b0   0x00000020   Code   RO         1946    i.prvResetNextTaskUnblockTime  tasks.o
    0x080042d0   0x00000018   Code   RO         1500    i.prvTaskExitError  port.o
    0x080042e8   0x000000bc   Code   RO         1572    i.pvPortMalloc      heap_4.o
    0x080043a4   0x00000020   Code   RO         1501    i.pxPortInitialiseStack  port.o
    0x080043c4   0x00000024   Code   RO         1634    i.uxListRemove      list.o
    0x080043e8   0x00000016   Code   RO         1635    i.vListInitialise   list.o
    0x080043fe   0x00000006   Code   RO         1636    i.vListInitialiseItem  list.o
    0x08004404   0x00000030   Code   RO         1637    i.vListInsert       list.o
    0x08004434   0x00000018   Code   RO         1638    i.vListInsertEnd    list.o
    0x0800444c   0x00000034   Code   RO         1503    i.vPortEnterCritical  port.o
    0x08004480   0x00000024   Code   RO         1504    i.vPortExitCritical  port.o
    0x080044a4   0x00000048   Code   RO         1573    i.vPortFree         heap_4.o
    0x080044ec   0x00000020   Code   RO         1505    i.vPortSetupTimerInterrupt  port.o
    0x0800450c   0x00000018   Code   RO         1507    i.vPortYield        port.o
    0x08004524   0x00000050   Code   RO         1954    i.vTaskDelay        tasks.o
    0x08004574   0x0000004c   Code   RO         1965    i.vTaskStartScheduler  tasks.o
    0x080045c0   0x00000010   Code   RO         1967    i.vTaskSuspendAll   tasks.o
    0x080045d0   0x00000054   Code   RO         1968    i.vTaskSwitchContext  tasks.o
    0x08004624   0x00000074   Code   RO         1508    i.xPortStartScheduler  port.o
    0x08004698   0x00000024   Code   RO         1509    i.xPortSysTickHandler  port.o
    0x080046bc   0x00000184   Code   RO         1970    i.xTaskGenericCreate  tasks.o
    0x08004840   0x0000001c   Code   RO         1972    i.xTaskGetSchedulerState  tasks.o
    0x0800485c   0x000000c0   Code   RO         1975    i.xTaskIncrementTick  tasks.o
    0x0800491c   0x000000ac   Code   RO         1979    i.xTaskResumeAll    tasks.o
    0x080049c8   0x00000014   Data   RO         1082    .constdata          main.o
    0x080049dc   0x00000010   Data   RO         2419    .constdata          stm32f1xx_hal_rcc.o
    0x080049ec   0x0000000c   Data   RO         1083    .conststring        main.o
    0x080049f8   0x00000020   Data   RO         5847    Region$$Table       anon$$obj.o


    Execution Region RW_IRAM1 (Base: 0x20000000, Size: 0x00001e50, Max: 0x00005000, ABSOLUTE, COMPRESSED[0x000000cc])

    Base Addr    Size         Type   Attr      Idx    E Section Name        Object

    0x20000000   0x000000d7   Data   RW           19    .data               usbd_cdc.o
    0x200000d7   0x00000001   PAD
    0x200000d8   0x00000038   Data   RW           20    .data               usbd_cdc.o
    0x20000110   0x00000001   Data   RW          446    .data               usbd_ctlreq.o
    0x20000111   0x00000003   PAD
    0x20000114   0x0000001c   Data   RW          667    .data               usbd_desc.o
    0x20000130   0x00000016   Data   RW          668    .data               usbd_desc.o
    0x20000146   0x00000002   PAD
    0x20000148   0x00000010   Data   RW          732    .data               usbd_cdc_if.o
    0x20000158   0x0000000c   Data   RW          733    .data               usbd_cdc_if.o
    0x20000164   0x0000000c   Data   RW         1084    .data               main.o
    0x20000170   0x00000014   Data   RW         1161    .data               system_stm32f1xx.o
    0x20000184   0x0000000c   Data   RW         1510    .data               port.o
    0x20000190   0x00000018   Data   RW         1578    .data               heap_4.o
    0x200001a8   0x00000038   Data   RW         1982    .data               tasks.o
    0x200001e0   0x00000001   Data   RW         4694    .data               stm32f1xx_hal_spi_ex.o
    0x200001e1   0x00000003   PAD
    0x200001e4   0x00000004   Data   RW         4821    .data               stm32f1xx_hal.o
    0x200001e8   0x00000004   Data   RW         5824    .data               mc_w.l(mvars.o)
    0x200001ec   0x00000224   Zero   RW          511    .bss                usb_device.o
    0x20000410   0x00000200   Zero   RW          666    .bss                usbd_desc.o
    0x20000610   0x0000063c   Zero   RW          886    .bss                usbd_conf.o
    0x20000c4c   0x00000114   Zero   RW         1081    .bss                main.o
    0x20000d60   0x00000c00   Zero   RW         1577    .bss                heap_4.o
    0x20001960   0x000000f0   Zero   RW         1981    .bss                tasks.o
    0x20001a50   0x00000400   Zero   RW          500    STACK               startup_stm32f103xb.o


==============================================================================

Image component sizes


      Code (inc. data)   RO Data    RW Data    ZI Data      Debug   Object Name

       112          0          0          0          0       7616   cmsis_os.o
       412         24          0         24       3072       5443   heap_4.o
       136          0          0          0          0       3170   list.o
       918        120         32         12        276       5942   main.o
       514         68          0         12          0       7809   port.o
        36          8        236          0       1024        884   startup_stm32f103xb.o
       120         16          0          4          0       3550   stm32f1xx_hal.o
      1220         48          0          0          0       5800   stm32f1xx_hal_adc.o
       218         14          0          0          0      25813   stm32f1xx_hal_cortex.o
       454         36          0          0          0       2712   stm32f1xx_hal_gpio.o
       220          8          0          0          0       2027   stm32f1xx_hal_i2c.o
       436         80          0          0          0       3784   stm32f1xx_hal_msp.o
      1846          0          0          0          0       9081   stm32f1xx_hal_pcd.o
        52          0          0          0          0       1078   stm32f1xx_hal_pcd_ex.o
        24          4          0          0          0        511   stm32f1xx_hal_pwr.o
      2014         76         16          0          0       4858   stm32f1xx_hal_rcc.o
      1188         56          0          0          0       3655   stm32f1xx_hal_rcc_ex.o
       922         14          0          0          0       8476   stm32f1xx_hal_rtc.o
       136          4          0          1          0       1322   stm32f1xx_hal_spi_ex.o
       828         34          0          0          0       7702   stm32f1xx_hal_tim.o
       146          0          0          0          0       1900   stm32f1xx_hal_tim_ex.o
        26          6          0          0          0      19707   stm32f1xx_it.o
      1556          0          0          0          0      11499   stm32f1xx_ll_usb.o
        72         16          0         20          0       1329   system_stm32f1xx.o
      1228         90          0         56        240      12134   tasks.o
        56         18          0          0        548      77667   usb_device.o
       530         16          0        271          0     223569   usbd_cdc.o
        76         12          0         28          0       3009   usbd_cdc_if.o
       474         28          0          0       1596      11485   usbd_conf.o
       582          0          0          0          0       8388   usbd_core.o
       958         30          0          1          0       6472   usbd_ctlreq.o
       212        116          0         50        512       4635   usbd_desc.o
       132          0          0          0          0       3984   usbd_ioreq.o

    ----------------------------------------------------------------------
     17888        942        316        488       7268     497011   Object Totals
         0          0         32          0          0          0   (incl. Generated)
        34          0          0          9          0          0   (incl. Padding)

    ----------------------------------------------------------------------

      Code (inc. data)   RO Data    RW Data    ZI Data      Debug   Library Member Name

        86          0          0          0          0          0   __dczerorl2.o
         0          0          0          0          0          0   entry.o
         0          0          0          0          0          0   entry10a.o
         0          0          0          0          0          0   entry11a.o
         8          4          0          0          0          0   entry2.o
         4          0          0          0          0          0   entry5.o
         0          0          0          0          0          0   entry7b.o
         0          0          0          0          0          0   entry8b.o
         8          4          0          0          0          0   entry9a.o
        30          0          0          0          0          0   handlers.o
        36          8          0          0          0         68   init.o
        80          4          0          0          0         76   malloc.o
        36          0          0          0          0         68   memcpya.o
        36          0          0          0          0        108   memseta.o
         0          0          0          4          0          0   mvars.o
       390         10          0          0          0        252   printf1.o
        44          0          0          0          0         80   uidiv.o

    ----------------------------------------------------------------------
       764         30          0          4          0        652   Library Totals
         6          0          0          0          0          0   (incl. Padding)

    ----------------------------------------------------------------------

      Code (inc. data)   RO Data    RW Data    ZI Data      Debug   Library Name

       758         30          0          4          0        652   mc_w.l

    ----------------------------------------------------------------------
       764         30          0          4          0        652   Library Totals

    ----------------------------------------------------------------------

==============================================================================


      Code (inc. data)   RO Data    RW Data    ZI Data      Debug   

     18652        972        316        492       7268     486663   Grand Totals
     18652        972        316        204       7268     486663   ELF Image Totals (compressed)
     18652        972        316        204          0          0   ROM Totals

==============================================================================

    Total RO  Size (Code + RO Data)                18968 (  18.52kB)
    Total RW  Size (RW Data + ZI Data)              7760 (   7.58kB)
    Total ROM Size (Code + RO Data + RW Data)      19172 (  18.72kB)

==============================================================================

